Running 30s test @ http://6b2e16-container:8001/
  16 threads and 16 connections
  Thread calibration: mean lat.: 1.497ms, rate sampling interval: 10ms
  Thread calibration: mean lat.: 1.317ms, rate sampling interval: 10ms
  Thread calibration: mean lat.: 1.405ms, rate sampling interval: 10ms
  Thread calibration: mean lat.: 1.370ms, rate sampling interval: 10ms
  Thread calibration: mean lat.: 1.360ms, rate sampling interval: 10ms
  Thread calibration: mean lat.: 1.303ms, rate sampling interval: 10ms
  Thread calibration: mean lat.: 1.420ms, rate sampling interval: 10ms
  Thread calibration: mean lat.: 1.324ms, rate sampling interval: 10ms
  Thread calibration: mean lat.: 1.527ms, rate sampling interval: 10ms
  Thread calibration: mean lat.: 1.518ms, rate sampling interval: 10ms
  Thread calibration: mean lat.: 1.411ms, rate sampling interval: 10ms
  Thread calibration: mean lat.: 1.346ms, rate sampling interval: 10ms
  Thread calibration: mean lat.: 1.260ms, rate sampling interval: 10ms
  Thread calibration: mean lat.: 1.360ms, rate sampling interval: 10ms
  Thread calibration: mean lat.: 1.419ms, rate sampling interval: 10ms
  Thread calibration: mean lat.: 1.334ms, rate sampling interval: 10ms
  Thread Stats   Avg      Stdev     Max   +/- Stdev
    Latency     1.10ms  368.31us   9.11ms   68.71%
    Req/Sec    52.81     52.48   111.00     78.48%
  23973 requests in 29.90s, 7.79MB read
Requests/sec:    801.80
Transfer/sec:    266.73KB
