2026-01-05 03:27:44,126 [INFO] Running Barista harness with args: ['./barista.py', 'micronaut-shopcart', '--mode', 'native', '--resource-usage-polling-interval', '0.02', '--startup-iteration-count', '0', '--warmup-iteration-count', '0', '--app-executable', '/app/barista/benchmarks/micronaut-shopcart/target/shopcart-0.3.10.output/default/micronaut-shopcart']
2026-01-05 03:27:44,126 [INFO] Java home is pointing to "/opt/graalvm".
2026-01-05 03:27:44,126 [INFO] Getting platform version information with command "/opt/graalvm/bin/java --version"
2026-01-05 03:27:44,220 [INFO] Getting platform version information with command "/opt/graalvm/bin/native-image --version"
2026-01-05 03:27:44,227 [INFO] Version of the available JVM at java home:
openjdk 23 2024-09-17
OpenJDK Runtime Environment GraalVM CE 23+37.1 (build 23+37-jvmci-b01)
OpenJDK 64-Bit Server VM GraalVM CE 23+37.1 (build 23+37-jvmci-b01, mixed mode, sharing)
native-image 23 2024-09-17
GraalVM Runtime Environment GraalVM CE 23+37.1 (build 23+37-jvmci-b01)
Substrate VM GraalVM CE 23+37.1 (build 23+37, serial gc)

2026-01-05 03:27:44,228 [INFO] Benchmarking of http://127.0.0.1:8001 with NATIVE mode
Redirecting output to: logs/2026-01-05_03-27-44-bench-79436e
	 - Startup: Repeat 0 iterations: recording first 10 requests, timeout after 60 seconds of no response
	 - Warmup: 0 iterations of 10 seconds with 16 threads and 16 connections (lua script: ['/app/barista/benchmarks/micronaut-shopcart/workloads/mixed-requests.lua'])
	 - Throughput: 0 iterations of 30 seconds with 16 threads and 16 connections (lua script: ['/app/barista/benchmarks/micronaut-shopcart/workloads/mixed-requests.lua'])
	 - Latency: 1 iterations of 30 seconds with 16 threads and 16 connections at [800] reqs/s (lua script: ['/app/barista/benchmarks/micronaut-shopcart/workloads/mixed-requests.lua'])
Total runtime: 0:01:00. Expected finish time 2026-01-05 03:28:44.228343

2026-01-05 03:27:44,228 [INFO] Starting microservice with:
/app/barista/benchmarks/micronaut-shopcart/target/shopcart-0.3.10.output/default/micronaut-shopcart
2026-01-05 03:27:44,229 [INFO] Detected app process (pid=639) with command-line:
/app/barista/benchmarks/micronaut-shopcart/target/shopcart-0.3.10.output/default/micronaut-shopcart
2026-01-05 03:27:44,230 [INFO] Running startup measurements: sending 10 GET request(s) to http://127.0.0.1:8001/
2026-01-05 03:27:44,273 [INFO] Received response #1 in  44.77 ms
2026-01-05 03:27:44,276 [INFO] Received response #2 in   2.41 ms
2026-01-05 03:27:44,278 [INFO] Received response #3 in   2.14 ms
2026-01-05 03:27:44,280 [INFO] Received response #4 in   2.31 ms
2026-01-05 03:27:44,283 [INFO] Received response #5 in   2.66 ms
2026-01-05 03:27:44,286 [INFO] Received response #6 in   2.83 ms
2026-01-05 03:27:44,289 [INFO] Received response #7 in   2.56 ms
2026-01-05 03:27:44,291 [INFO] Received response #8 in   2.09 ms
2026-01-05 03:27:44,293 [INFO] Received response #9 in   1.80 ms
2026-01-05 03:27:44,295 [INFO] Received response #10 in   1.57 ms
2026-01-05 03:27:44,296 [INFO] Monitoring memory and CPU usage of process 639 every 20.0ms
2026-01-05 03:27:44,298 [INFO] Extracted framework startup time of 22.0 ms
2026-01-05 03:27:44,299 [WARNING] Average throughput was: 0 ops/s. Setting average throughput to 1
2026-01-05 03:27:44,299 [INFO] Average throughput: 1 ops/s
2026-01-05 03:27:44,299 [INFO] Getting fixed rates for latency
2026-01-05 03:27:44,299 [INFO] Now measuring the latency for FIXED mode at 800 for 1 iterations
2026-01-05 03:27:44,299 [INFO] Running latency iteration 1/1
2026-01-05 03:27:44,303 [INFO] Begining to measure latency
2026-01-05 03:27:44,303 [INFO] Running latency command:
wrk2 -d 30s -R 800 --latency http://127.0.0.1:8001 -t 16 -c 16 --script /app/barista/benchmarks/micronaut-shopcart/workloads/mixed-requests.lua -- 16
2026-01-05 03:28:14,319 [INFO] Finished measuring latency
2026-01-05 03:28:14,321 [INFO] Dumping wrk outputs to file 'logs/2026-01-05_03-27-44-bench-79436e/FIXED-800-latency-1-dump.txt' and to stdout:
Running 30s test @ http://127.0.0.1:8001
  16 threads and 16 connections
  Thread calibration: mean lat.: 1.516ms, rate sampling interval: 10ms
  Thread calibration: mean lat.: 1.556ms, rate sampling interval: 10ms
  Thread calibration: mean lat.: 1.399ms, rate sampling interval: 10ms
  Thread calibration: mean lat.: 1.361ms, rate sampling interval: 10ms
  Thread calibration: mean lat.: 1.344ms, rate sampling interval: 10ms
  Thread calibration: mean lat.: 1.185ms, rate sampling interval: 10ms
  Thread calibration: mean lat.: 1.204ms, rate sampling interval: 10ms
  Thread calibration: mean lat.: 1.207ms, rate sampling interval: 10ms
  Thread calibration: mean lat.: 1.157ms, rate sampling interval: 10ms
  Thread calibration: mean lat.: 1.125ms, rate sampling interval: 10ms
  Thread calibration: mean lat.: 1.133ms, rate sampling interval: 10ms
  Thread calibration: mean lat.: 1.120ms, rate sampling interval: 10ms
  Thread calibration: mean lat.: 1.189ms, rate sampling interval: 10ms
  Thread calibration: mean lat.: 1.142ms, rate sampling interval: 10ms
  Thread calibration: mean lat.: 1.117ms, rate sampling interval: 10ms
  Thread calibration: mean lat.: 1.117ms, rate sampling interval: 10ms
  Thread Stats   Avg      Stdev     Max   +/- Stdev
    Latency     1.34ms  422.46us   5.11ms   67.09%
    Req/Sec    52.82     52.42   111.00     78.79%
  Latency Distribution (HdrHistogram - Recorded Latency)
 50.000%    1.34ms
 75.000%    1.62ms
 90.000%    1.90ms
 99.000%    2.29ms
 99.900%    2.63ms
 99.990%    4.94ms
 99.999%    5.11ms
100.000%    5.11ms

  Detailed Percentile spectrum:
       Value   Percentile   TotalCount 1/(1-Percentile)

       0.233     0.000000            1         1.00
       0.790     0.100000         1604         1.11
       0.968     0.200000         3205         1.25
       1.101     0.300000         4809         1.43
       1.218     0.400000         6410         1.67
       1.336     0.500000         7996         2.00
       1.389     0.550000         8792         2.22
       1.445     0.600000         9600         2.50
       1.501     0.650000        10391         2.86
       1.560     0.700000        11192         3.33
       1.625     0.750000        11993         4.00
       1.659     0.775000        12400         4.44
       1.699     0.800000        12798         5.00
       1.738     0.825000        13196         5.71
       1.788     0.850000        13595         6.67
       1.840     0.875000        13995         8.00
       1.869     0.887500        14187         8.89
       1.902     0.900000        14394        10.00
       1.931     0.912500        14592        11.43
       1.965     0.925000        14793        13.33
       2.005     0.937500        14989        16.00
       2.025     0.943750        15087        17.78
       2.047     0.950000        15189        20.00
       2.069     0.956250        15285        22.86
       2.097     0.962500        15388        26.67
       2.129     0.968750        15488        32.00
       2.145     0.971875        15540        35.56
       2.163     0.975000        15594        40.00
       2.183     0.978125        15638        45.71
       2.203     0.981250        15686        53.33
       2.233     0.984375        15738        64.00
       2.243     0.985938        15760        71.11
       2.257     0.987500        15787        80.00
       2.281     0.989062        15812        91.43
       2.295     0.990625        15838       106.67
       2.315     0.992188        15863       128.00
       2.323     0.992969        15874       142.22
       2.335     0.993750        15887       160.00
       2.351     0.994531        15898       182.86
       2.371     0.995313        15911       213.33
       2.393     0.996094        15922       256.00
       2.405     0.996484        15928       284.44
       2.421     0.996875        15935       320.00
       2.433     0.997266        15941       365.71
       2.447     0.997656        15947       426.67
       2.463     0.998047        15954       512.00
       2.477     0.998242        15956       568.89
       2.489     0.998437        15960       640.00
       2.525     0.998633        15963       731.43
       2.567     0.998828        15966       853.33
       2.639     0.999023        15969      1024.00
       2.853     0.999121        15970      1137.78
       2.913     0.999219        15972      1280.00
       3.069     0.999316        15974      1462.86
       3.079     0.999414        15975      1706.67
       3.213     0.999512        15977      2048.00
       3.213     0.999561        15977      2275.56
       3.333     0.999609        15978      2560.00
       3.457     0.999658        15979      2925.71
       4.079     0.999707        15980      3413.33
       4.347     0.999756        15981      4096.00
       4.347     0.999780        15981      4551.11
       4.347     0.999805        15981      5120.00
       4.939     0.999829        15982      5851.43
       4.939     0.999854        15982      6826.67
       4.995     0.999878        15983      8192.00
       4.995     0.999890        15983      9102.22
       4.995     0.999902        15983     10240.00
       4.995     0.999915        15983     11702.86
       4.995     0.999927        15983     13653.33
       5.111     0.999939        15984     16384.00
       5.111     1.000000        15984          inf
#[Mean    =        1.339, StdDeviation   =        0.422]
#[Max     =        5.108, Total count    =        15984]
#[Buckets =           27, SubBuckets     =         2048]
----------------------------------------------------------
  24016 requests in 30.00s, 7.17MB read
Requests/sec:    800.48
Transfer/sec:    244.83KB

2026-01-05 03:28:14,322 [INFO] Saving all collected metrics to JSON file: /app/barista/logs/2026-01-05_03-27-44-bench-79436e/barista-results.json
2026-01-05 03:28:14,332 [INFO] Writing to csv files
2026-01-05 03:28:14,332 [INFO] Producing final_measurements-barista_latency_results.csv
2026-01-05 03:28:14,336 [INFO] Dumping application outputs to: logs/2026-01-05_03-27-44-bench-79436e/app-dump.txt
2026-01-05 03:28:14,336 [INFO] Benchmark done
2026-01-05 03:28:14,368 [INFO] ================================================================================
2026-01-05 03:28:14,368 [INFO] Barista report for benchmark 'micronaut-shopcart'
2026-01-05 03:28:14,368 [INFO] Run command: python3 ./barista.py micronaut-shopcart --mode native --resource-usage-polling-interval 0.02 --startup-iteration-count 0 --warmup-iteration-count 0 --app-executable /app/barista/benchmarks/micronaut-shopcart/target/shopcart-0.3.10.output/default/micronaut-shopcart
2026-01-05 03:28:14,368 [INFO] Resource usage results:
2026-01-05 03:28:14,369 [INFO] 	Resident Set Size:
2026-01-05 03:28:14,369 [INFO] 		              p100.0               124.73 MB
2026-01-05 03:28:14,369 [INFO] 		               p99.0               124.73 MB
2026-01-05 03:28:14,369 [INFO] 		               p98.0               124.73 MB
2026-01-05 03:28:14,369 [INFO] 		               p97.0               124.73 MB
2026-01-05 03:28:14,369 [INFO] 		               p96.0               124.73 MB
2026-01-05 03:28:14,369 [INFO] 		               p95.0               124.73 MB
2026-01-05 03:28:14,369 [INFO] 		               p90.0               124.73 MB
2026-01-05 03:28:14,369 [INFO] 		               p75.0               124.00 MB
2026-01-05 03:28:14,369 [INFO] 		               p50.0               123.52 MB
2026-01-05 03:28:14,369 [INFO] 		               p25.0               122.86 MB
2026-01-05 03:28:14,369 [INFO] 	Virtual Memory Size:
2026-01-05 03:28:14,369 [INFO] 		              p100.0              1457.77 MB
2026-01-05 03:28:14,369 [INFO] 		               p99.0              1457.77 MB
2026-01-05 03:28:14,369 [INFO] 		               p98.0              1457.77 MB
2026-01-05 03:28:14,369 [INFO] 		               p97.0              1457.77 MB
2026-01-05 03:28:14,370 [INFO] 		               p96.0              1457.77 MB
2026-01-05 03:28:14,370 [INFO] 		               p95.0              1457.77 MB
2026-01-05 03:28:14,370 [INFO] 		               p90.0              1457.77 MB
2026-01-05 03:28:14,370 [INFO] 		               p75.0              1457.77 MB
2026-01-05 03:28:14,370 [INFO] 		               p50.0              1456.77 MB
2026-01-05 03:28:14,370 [INFO] 		               p25.0              1455.77 MB
2026-01-05 03:28:14,370 [INFO] 	System-wide CPU utilization:
2026-01-05 03:28:14,370 [INFO] 		              p100.0               147.38 %
2026-01-05 03:28:14,370 [INFO] 		               p99.0                98.51 %
2026-01-05 03:28:14,370 [INFO] 		               p98.0                98.29 %
2026-01-05 03:28:14,370 [INFO] 		               p97.0                98.02 %
2026-01-05 03:28:14,370 [INFO] 		               p96.0                49.45 %
2026-01-05 03:28:14,370 [INFO] 		               p95.0                49.38 %
2026-01-05 03:28:14,370 [INFO] 		               p90.0                49.33 %
2026-01-05 03:28:14,370 [INFO] 		               p75.0                49.22 %
2026-01-05 03:28:14,370 [INFO] 		               p50.0                49.02 %
2026-01-05 03:28:14,371 [INFO] 		               p25.0                 0.00 %
2026-01-05 03:28:14,371 [INFO] Latency results: 
2026-01-05 03:28:14,371 [INFO] Results of final_measurements latency measurement
2026-01-05 03:28:14,371 [INFO] 	Measures for latency iteration 1:
2026-01-05 03:28:14,371 [INFO] 		                rate                  800 ops/s
2026-01-05 03:28:14,371 [INFO] 		              50.000                 1.34 ms
2026-01-05 03:28:14,371 [INFO] 		              75.000                 1.62 ms
2026-01-05 03:28:14,371 [INFO] 		              90.000                 1.90 ms
2026-01-05 03:28:14,371 [INFO] 		              99.000                 2.29 ms
2026-01-05 03:28:14,371 [INFO] 		              99.900                 2.63 ms
2026-01-05 03:28:14,371 [INFO] 		              99.990                 4.94 ms
2026-01-05 03:28:14,371 [INFO] 		              99.999                 5.11 ms
2026-01-05 03:28:14,371 [INFO] 		             100.000                 5.11 ms
2026-01-05 03:28:14,371 [INFO] ================================================================================
