Running 30s test @ http://6b2e16-container:8001/
  16 threads and 16 connections
  Thread calibration: mean lat.: 1.567ms, rate sampling interval: 10ms
  Thread calibration: mean lat.: 1.778ms, rate sampling interval: 10ms
  Thread calibration: mean lat.: 1.530ms, rate sampling interval: 10ms
  Thread calibration: mean lat.: 1.496ms, rate sampling interval: 10ms
  Thread calibration: mean lat.: 1.470ms, rate sampling interval: 10ms
  Thread calibration: mean lat.: 1.586ms, rate sampling interval: 10ms
  Thread calibration: mean lat.: 1.556ms, rate sampling interval: 10ms
  Thread calibration: mean lat.: 1.537ms, rate sampling interval: 10ms
  Thread calibration: mean lat.: 1.443ms, rate sampling interval: 10ms
  Thread calibration: mean lat.: 1.454ms, rate sampling interval: 10ms
  Thread calibration: mean lat.: 1.320ms, rate sampling interval: 10ms
  Thread calibration: mean lat.: 1.413ms, rate sampling interval: 10ms
  Thread calibration: mean lat.: 1.383ms, rate sampling interval: 10ms
  Thread calibration: mean lat.: 1.408ms, rate sampling interval: 10ms
  Thread calibration: mean lat.: 1.539ms, rate sampling interval: 10ms
  Thread calibration: mean lat.: 1.344ms, rate sampling interval: 10ms
  Thread Stats   Avg      Stdev     Max   +/- Stdev
    Latency     1.11ms  366.19us  12.86ms   69.54%
    Req/Sec    52.90     52.61   111.00     77.30%
  23952 requests in 29.85s, 7.78MB read
Requests/sec:    802.49
Transfer/sec:    266.96KB
