2026-01-05 03:46:54,073 [INFO] Running Barista harness with args: ['./barista.py', 'spring-petclinic', '--mode', 'jvm', '--resource-usage-polling-interval', '0.02', '--startup-iteration-count', '0', '--warmup-iteration-count', '0']
2026-01-05 03:46:54,073 [INFO] Java home is pointing to "/opt/graalvm".
2026-01-05 03:46:54,073 [INFO] Getting platform version information with command "/opt/graalvm/bin/java --version"
2026-01-05 03:46:54,182 [INFO] Getting platform version information with command "/opt/graalvm/bin/native-image --version"
2026-01-05 03:46:54,193 [INFO] Version of the available JVM at java home:
openjdk 23 2024-09-17
OpenJDK Runtime Environment GraalVM CE 23+37.1 (build 23+37-jvmci-b01)
OpenJDK 64-Bit Server VM GraalVM CE 23+37.1 (build 23+37-jvmci-b01, mixed mode, sharing)
native-image 23 2024-09-17
GraalVM Runtime Environment GraalVM CE 23+37.1 (build 23+37-jvmci-b01)
Substrate VM GraalVM CE 23+37.1 (build 23+37, serial gc)

2026-01-05 03:46:54,194 [INFO] Locating the app build artifact with command "/app/barista/benchmarks/spring-petclinic/build.sh --get-jar"
2026-01-05 03:46:54,194 [INFO] Running the following command in a subprocess:
/app/barista/benchmarks/spring-petclinic/build.sh --get-jar
2026-01-05 03:46:54,202 [INFO] Dumping the stdout of the subprocess:
application jar file path is: /app/barista/benchmarks/spring-petclinic/spring-petclinic-sources/target/spring-petclinic-3.0.0-SNAPSHOT.jar

2026-01-05 03:46:54,202 [INFO] Dumping the stderr of the subprocess:
+ '[' 1 -gt 0 ']'
+ '[' --get-jar = --help ']'
+++ dirname /app/barista/benchmarks/spring-petclinic/build.sh
++ cd -P /app/barista/benchmarks/spring-petclinic
++ pwd
+ DIR=/app/barista/benchmarks/spring-petclinic/spring-petclinic-sources
+ VERSION=3.0.0-SNAPSHOT
+ JAR=/app/barista/benchmarks/spring-petclinic/spring-petclinic-sources/target/spring-petclinic-3.0.0-SNAPSHOT.jar
+ NIB=/app/barista/benchmarks/spring-petclinic/spring-petclinic-sources/target/spring-petclinic-3.0.0-SNAPSHOT.nib
+ '[' 1 -gt 0 ']'
+ '[' --get-jar = --get-jar ']'
+ echo 'application jar file path is: /app/barista/benchmarks/spring-petclinic/spring-petclinic-sources/target/spring-petclinic-3.0.0-SNAPSHOT.jar'
+ exit 0

2026-01-05 03:46:54,203 [INFO] Benchmarking of http://127.0.0.1:8006 with JVM mode
Redirecting output to: logs/2026-01-05_03-46-54-bench-f97fbb
	 - Startup: Repeat 0 iterations: recording first 10 requests, timeout after 300 seconds of no response
	 - Warmup: 0 iterations of 15 seconds with 16 threads and 16 connections (lua script: ['/app/barista/benchmarks/spring-petclinic/workloads/mixed-requests.lua'])
	 - Throughput: 0 iterations of 30 seconds with 16 threads and 16 connections (lua script: ['/app/barista/benchmarks/spring-petclinic/workloads/mixed-requests.lua'])
	 - Latency: 1 iterations of 30 seconds with 16 threads and 16 connections at [3000] reqs/s (lua script: ['/app/barista/benchmarks/spring-petclinic/workloads/mixed-requests.lua'])
Total runtime: 0:01:00. Expected finish time 2026-01-05 03:47:54.203662

2026-01-05 03:46:54,204 [INFO] Starting microservice with:
/opt/graalvm/bin/java -jar /app/barista/benchmarks/spring-petclinic/spring-petclinic-sources/target/spring-petclinic-3.0.0-SNAPSHOT.jar
2026-01-05 03:46:54,205 [INFO] Detected app process (pid=515) with command-line:
/opt/graalvm/bin/java -jar /app/barista/benchmarks/spring-petclinic/spring-petclinic-sources/target/spring-petclinic-3.0.0-SNAPSHOT.jar
2026-01-05 03:46:54,205 [INFO] Running startup measurements: sending 10 GET request(s) to http://127.0.0.1:8006/
2026-01-05 03:47:03,154 [INFO] Received response #1 in 8950.32 ms
2026-01-05 03:47:03,167 [INFO] Received response #2 in  12.94 ms
2026-01-05 03:47:03,178 [INFO] Received response #3 in  10.80 ms
2026-01-05 03:47:03,190 [INFO] Received response #4 in  11.16 ms
2026-01-05 03:47:03,199 [INFO] Received response #5 in   9.21 ms
2026-01-05 03:47:03,211 [INFO] Received response #6 in  11.73 ms
2026-01-05 03:47:03,221 [INFO] Received response #7 in   9.78 ms
2026-01-05 03:47:03,230 [INFO] Received response #8 in   8.40 ms
2026-01-05 03:47:03,240 [INFO] Received response #9 in   9.45 ms
2026-01-05 03:47:03,250 [INFO] Received response #10 in   9.88 ms
2026-01-05 03:47:03,251 [INFO] Monitoring memory and CPU usage of process 515 every 20.0ms
2026-01-05 03:47:03,254 [INFO] Extracted framework startup time of 7681.0 ms
2026-01-05 03:47:03,255 [WARNING] Average throughput was: 0 ops/s. Setting average throughput to 1
2026-01-05 03:47:03,255 [INFO] Average throughput: 1 ops/s
2026-01-05 03:47:03,255 [INFO] Getting fixed rates for latency
2026-01-05 03:47:03,255 [INFO] Now measuring the latency for FIXED mode at 3000 for 1 iterations
2026-01-05 03:47:03,255 [INFO] Running latency iteration 1/1
2026-01-05 03:47:03,259 [INFO] Begining to measure latency
2026-01-05 03:47:03,260 [INFO] Running latency command:
wrk2 -d 30s -R 3000 --latency http://127.0.0.1:8006 -t 16 -c 16 --script /app/barista/benchmarks/spring-petclinic/workloads/mixed-requests.lua -- 16
2026-01-05 03:47:33,282 [INFO] Finished measuring latency
2026-01-05 03:47:33,285 [INFO] Dumping wrk outputs to file 'logs/2026-01-05_03-46-54-bench-f97fbb/FIXED-3000-latency-1-dump.txt' and to stdout:
Running 30s test @ http://127.0.0.1:8006
  16 threads and 16 connections
  Thread calibration: mean lat.: 4936.646ms, rate sampling interval: 14180ms
  Thread calibration: mean lat.: 4866.512ms, rate sampling interval: 14376ms
  Thread calibration: mean lat.: 4723.376ms, rate sampling interval: 14090ms
  Thread calibration: mean lat.: 4773.334ms, rate sampling interval: 14049ms
  Thread calibration: mean lat.: 4815.226ms, rate sampling interval: 13934ms
  Thread calibration: mean lat.: 4951.846ms, rate sampling interval: 14000ms
  Thread calibration: mean lat.: 4800.747ms, rate sampling interval: 14172ms
  Thread calibration: mean lat.: 4867.493ms, rate sampling interval: 13926ms
  Thread calibration: mean lat.: 4721.137ms, rate sampling interval: 14180ms
  Thread calibration: mean lat.: 4927.823ms, rate sampling interval: 13991ms
  Thread calibration: mean lat.: 4800.967ms, rate sampling interval: 14073ms
  Thread calibration: mean lat.: 4875.937ms, rate sampling interval: 14303ms
  Thread calibration: mean lat.: 4739.494ms, rate sampling interval: 14090ms
  Thread calibration: mean lat.: 4942.572ms, rate sampling interval: 14139ms
  Thread calibration: mean lat.: 4902.668ms, rate sampling interval: 14155ms
  Thread calibration: mean lat.: 4848.186ms, rate sampling interval: 14295ms
  Thread Stats   Avg      Stdev     Max   +/- Stdev
    Latency    12.92s     2.60s   17.27s    62.52%
    Req/Sec    93.31      2.02    96.00     87.50%
  Latency Distribution (HdrHistogram - Recorded Latency)
 50.000%   13.12s 
 75.000%   15.07s 
 90.000%   16.29s 
 99.000%   16.96s 
 99.900%   17.22s 
 99.990%   17.27s 
 99.999%   17.29s 
100.000%   17.29s 

  Detailed Percentile spectrum:
       Value   Percentile   TotalCount 1/(1-Percentile)

    7393.279     0.000000            1         1.00
    9011.199     0.100000         3193         1.11
   10469.375     0.200000         6380         1.25
   11591.679     0.300000         9559         1.43
   12361.727     0.400000        12740         1.67
   13123.583     0.500000        15927         2.00
   13606.911     0.550000        17508         2.22
   13983.743     0.600000        19113         2.50
   14401.535     0.650000        20716         2.86
   14786.559     0.700000        22329         3.33
   15073.279     0.750000        23907         4.00
   15196.159     0.775000        24680         4.44
   15400.959     0.800000        25493         5.00
   15630.335     0.825000        26291         5.71
   15859.711     0.850000        27060         6.67
   16080.895     0.875000        27871         8.00
   16187.391     0.887500        28275         8.89
   16293.887     0.900000        28679        10.00
   16383.999     0.912500        29103        11.43
   16465.919     0.925000        29445        13.33
   16547.839     0.937500        29843        16.00
   16588.799     0.943750        30056        17.78
   16621.567     0.950000        30245        20.00
   16662.527     0.956250        30455        22.86
   16719.871     0.962500        30664        26.67
   16777.215     0.968750        30839        32.00
   16809.983     0.971875        30953        35.56
   16842.751     0.975000        31132        40.00
   16859.135     0.978125        31203        45.71
   16875.519     0.981250        31245        53.33
   16908.287     0.984375        31394        64.00
   16908.287     0.985938        31394        71.11
   16924.671     0.987500        31451        80.00
   16941.055     0.989062        31490        91.43
   16957.439     0.990625        31544       106.67
   16990.207     0.992188        31611       128.00
   16990.207     0.992969        31611       142.22
   17006.591     0.993750        31642       160.00
   17039.359     0.994531        31669       182.86
   17072.127     0.995313        31685       213.33
   17121.279     0.996094        31715       256.00
   17137.663     0.996484        31730       284.44
   17154.047     0.996875        31744       320.00
   17170.431     0.997266        31749       365.71
   17186.815     0.997656        31770       426.67
   17186.815     0.998047        31770       512.00
   17203.199     0.998242        31792       568.89
   17203.199     0.998437        31792       640.00
   17203.199     0.998633        31792       731.43
   17219.583     0.998828        31806       853.33
   17219.583     0.999023        31806      1024.00
   17219.583     0.999121        31806      1137.78
   17235.967     0.999219        31821      1280.00
   17235.967     0.999316        31821      1462.86
   17235.967     0.999414        31821      1706.67
   17235.967     0.999512        31821      2048.00
   17235.967     0.999561        31821      2275.56
   17235.967     0.999609        31821      2560.00
   17252.351     0.999658        31826      2925.71
   17252.351     0.999707        31826      3413.33
   17252.351     0.999756        31826      4096.00
   17252.351     0.999780        31826      4551.11
   17252.351     0.999805        31826      5120.00
   17268.735     0.999829        31831      5851.43
   17268.735     0.999854        31831      6826.67
   17268.735     0.999878        31831      8192.00
   17268.735     0.999890        31831      9102.22
   17268.735     0.999902        31831     10240.00
   17268.735     0.999915        31831     11702.86
   17268.735     0.999927        31831     13653.33
   17268.735     0.999939        31831     16384.00
   17268.735     0.999945        31831     18204.44
   17268.735     0.999951        31831     20480.00
   17268.735     0.999957        31831     23405.71
   17268.735     0.999963        31831     27306.67
   17285.119     0.999969        31832     32768.00
   17285.119     1.000000        31832          inf
#[Mean    =    12919.827, StdDeviation   =     2595.131]
#[Max     =    17268.736, Total count    =        31832]
#[Buckets =           27, SubBuckets     =         2048]
----------------------------------------------------------
  39387 requests in 30.00s, 58.71MB read
Requests/sec:   1312.98
Transfer/sec:      1.96MB

2026-01-05 03:47:33,286 [INFO] Saving all collected metrics to JSON file: /app/barista/logs/2026-01-05_03-46-54-bench-f97fbb/barista-results.json
2026-01-05 03:47:33,294 [INFO] Writing to csv files
2026-01-05 03:47:33,294 [INFO] Producing final_measurements-barista_latency_results.csv
2026-01-05 03:47:33,299 [INFO] Dumping application outputs to: logs/2026-01-05_03-46-54-bench-f97fbb/app-dump.txt
2026-01-05 03:47:33,299 [INFO] Benchmark done
2026-01-05 03:47:33,414 [INFO] ================================================================================
2026-01-05 03:47:33,414 [INFO] Barista report for benchmark 'spring-petclinic'
2026-01-05 03:47:33,414 [INFO] Run command: python3 ./barista.py spring-petclinic --mode jvm --resource-usage-polling-interval 0.02 --startup-iteration-count 0 --warmup-iteration-count 0
2026-01-05 03:47:33,414 [INFO] Resource usage results:
2026-01-05 03:47:33,414 [INFO] 	Resident Set Size:
2026-01-05 03:47:33,414 [INFO] 		              p100.0               793.44 MB
2026-01-05 03:47:33,414 [INFO] 		               p99.0               787.73 MB
2026-01-05 03:47:33,414 [INFO] 		               p98.0               787.61 MB
2026-01-05 03:47:33,415 [INFO] 		               p97.0               787.60 MB
2026-01-05 03:47:33,415 [INFO] 		               p96.0               787.49 MB
2026-01-05 03:47:33,415 [INFO] 		               p95.0               787.49 MB
2026-01-05 03:47:33,415 [INFO] 		               p90.0               787.26 MB
2026-01-05 03:47:33,415 [INFO] 		               p75.0               765.34 MB
2026-01-05 03:47:33,415 [INFO] 		               p50.0               763.96 MB
2026-01-05 03:47:33,415 [INFO] 		               p25.0               741.86 MB
2026-01-05 03:47:33,415 [INFO] 	Virtual Memory Size:
2026-01-05 03:47:33,415 [INFO] 		              p100.0             21648.68 MB
2026-01-05 03:47:33,415 [INFO] 		               p99.0             21648.18 MB
2026-01-05 03:47:33,415 [INFO] 		               p98.0             21647.18 MB
2026-01-05 03:47:33,415 [INFO] 		               p97.0             21641.18 MB
2026-01-05 03:47:33,415 [INFO] 		               p96.0             21641.18 MB
2026-01-05 03:47:33,415 [INFO] 		               p95.0             21641.18 MB
2026-01-05 03:47:33,416 [INFO] 		               p90.0             21640.68 MB
2026-01-05 03:47:33,416 [INFO] 		               p75.0             21640.18 MB
2026-01-05 03:47:33,416 [INFO] 		               p50.0             21640.18 MB
2026-01-05 03:47:33,416 [INFO] 		               p25.0             21640.18 MB
2026-01-05 03:47:33,416 [INFO] 	System-wide CPU utilization:
2026-01-05 03:47:33,416 [INFO] 		              p100.0               924.39 %
2026-01-05 03:47:33,416 [INFO] 		               p99.0               832.80 %
2026-01-05 03:47:33,416 [INFO] 		               p98.0               831.14 %
2026-01-05 03:47:33,416 [INFO] 		               p97.0               830.34 %
2026-01-05 03:47:33,416 [INFO] 		               p96.0               829.80 %
2026-01-05 03:47:33,416 [INFO] 		               p95.0               827.57 %
2026-01-05 03:47:33,416 [INFO] 		               p90.0               782.91 %
2026-01-05 03:47:33,416 [INFO] 		               p75.0               779.79 %
2026-01-05 03:47:33,416 [INFO] 		               p50.0               732.58 %
2026-01-05 03:47:33,416 [INFO] 		               p25.0               684.51 %
2026-01-05 03:47:33,416 [INFO] Latency results: 
2026-01-05 03:47:33,416 [INFO] Results of final_measurements latency measurement
2026-01-05 03:47:33,417 [INFO] 	Measures for latency iteration 1:
2026-01-05 03:47:33,417 [INFO] 		                rate                 3000 ops/s
2026-01-05 03:47:33,417 [INFO] 		              50.000             13120.00 ms
2026-01-05 03:47:33,417 [INFO] 		              75.000             15070.00 ms
2026-01-05 03:47:33,417 [INFO] 		              90.000             16290.00 ms
2026-01-05 03:47:33,417 [INFO] 		              99.000             16960.00 ms
2026-01-05 03:47:33,417 [INFO] 		              99.900             17220.00 ms
2026-01-05 03:47:33,417 [INFO] 		              99.990             17270.00 ms
2026-01-05 03:47:33,417 [INFO] 		              99.999             17290.00 ms
2026-01-05 03:47:33,417 [INFO] 		             100.000             17290.00 ms
2026-01-05 03:47:33,417 [INFO] ================================================================================
