2026-01-05 01:44:48,533 [INFO] Running Barista harness with args: ['./barista.py', 'quarkus-tika', '--mode', 'jvm', '--resource-usage-polling-interval', '0.02', '--startup-iteration-count', '0', '--warmup-iteration-count', '0']
2026-01-05 01:44:48,534 [INFO] Java home is pointing to "/opt/graalvm".
2026-01-05 01:44:48,534 [INFO] Getting platform version information with command "/opt/graalvm/bin/java --version"
2026-01-05 01:44:48,603 [INFO] Getting platform version information with command "/opt/graalvm/bin/native-image --version"
2026-01-05 01:44:48,608 [INFO] Version of the available JVM at java home:
openjdk 21.0.1 2023-10-17
OpenJDK Runtime Environment GraalVM CE 21.0.1+12.1 (build 21.0.1+12-jvmci-23.1-b19)
OpenJDK 64-Bit Server VM GraalVM CE 21.0.1+12.1 (build 21.0.1+12-jvmci-23.1-b19, mixed mode, sharing)
native-image 21.0.1 2023-10-17
GraalVM Runtime Environment GraalVM CE 21.0.1+12.1 (build 21.0.1+12-jvmci-23.1-b19)
Substrate VM GraalVM CE 21.0.1+12.1 (build 21.0.1+12, serial gc)

2026-01-05 01:44:48,608 [INFO] Locating the app build artifact with command "/home/bakhtinartyom1205/projects/harness-evaluation/barista/benchmarks/quarkus-tika/build.sh --get-jar"
2026-01-05 01:44:48,608 [INFO] Running the following command in a subprocess:
/home/bakhtinartyom1205/projects/harness-evaluation/barista/benchmarks/quarkus-tika/build.sh --get-jar
2026-01-05 01:44:48,612 [INFO] Dumping the stdout of the subprocess:
application jar file path is: /home/bakhtinartyom1205/projects/harness-evaluation/barista/benchmarks/quarkus-tika/target/tika-quickstart-1.0.11-runner.jar

2026-01-05 01:44:48,612 [INFO] Dumping the stderr of the subprocess:
+ '[' 1 -gt 0 ']'
+ '[' --get-jar = --help ']'
+++ dirname /home/bakhtinartyom1205/projects/harness-evaluation/barista/benchmarks/quarkus-tika/build.sh
++ cd -P /home/bakhtinartyom1205/projects/harness-evaluation/barista/benchmarks/quarkus-tika
++ pwd
+ DIR=/home/bakhtinartyom1205/projects/harness-evaluation/barista/benchmarks/quarkus-tika
+ VERSION=1.0.11
+ JAR=/home/bakhtinartyom1205/projects/harness-evaluation/barista/benchmarks/quarkus-tika/target/tika-quickstart-1.0.11-runner.jar
+ NIB=/home/bakhtinartyom1205/projects/harness-evaluation/barista/benchmarks/quarkus-tika/target/tika-quickstart-1.0.11.nib
+ IMAGE_NAME=tika-quickstart-1.0.11-runner
+ '[' 1 -gt 0 ']'
+ '[' --get-jar = --get-jar ']'
+ echo 'application jar file path is: /home/bakhtinartyom1205/projects/harness-evaluation/barista/benchmarks/quarkus-tika/target/tika-quickstart-1.0.11-runner.jar'
+ exit 0

2026-01-05 01:44:48,613 [INFO] Benchmarking of http://127.0.0.1:8004 with JVM mode
Redirecting output to: logs/2026-01-05_01-44-48-bench-9b43b7
	 - Startup: Repeat 0 iterations: recording first 10 requests, timeout after 60 seconds of no response
	 - Warmup: 0 iterations of 10 seconds with 16 threads and 16 connections (lua script: ['/home/bakhtinartyom1205/projects/harness-evaluation/barista/benchmarks/quarkus-tika/workloads/mixed-requests.lua'])
	 - Throughput: 0 iterations of 30 seconds with 16 threads and 16 connections (lua script: ['/home/bakhtinartyom1205/projects/harness-evaluation/barista/benchmarks/quarkus-tika/workloads/mixed-requests.lua'])
	 - Latency: 1 iterations of 30 seconds with 16 threads and 16 connections at [1000] reqs/s (lua script: ['/home/bakhtinartyom1205/projects/harness-evaluation/barista/benchmarks/quarkus-tika/workloads/mixed-requests.lua'])
Total runtime: 0:01:00. Expected finish time 2026-01-05 01:45:48.613118

2026-01-05 01:44:48,613 [INFO] Starting microservice with:
/opt/graalvm/bin/java -jar /home/bakhtinartyom1205/projects/harness-evaluation/barista/benchmarks/quarkus-tika/target/tika-quickstart-1.0.11-runner.jar
2026-01-05 01:44:48,613 [INFO] Detected app process (pid=76409) with command-line:
/opt/graalvm/bin/java -jar /home/bakhtinartyom1205/projects/harness-evaluation/barista/benchmarks/quarkus-tika/target/tika-quickstart-1.0.11-runner.jar
2026-01-05 01:44:48,613 [INFO] Running startup measurements: sending 10 GET request(s) to http://127.0.0.1:8004/
2026-01-05 01:44:49,837 [INFO] Received response #1 in 1223.90 ms
2026-01-05 01:44:49,841 [INFO] Received response #2 in   3.66 ms
2026-01-05 01:44:49,843 [INFO] Received response #3 in   2.45 ms
2026-01-05 01:44:49,846 [INFO] Received response #4 in   2.55 ms
2026-01-05 01:44:49,848 [INFO] Received response #5 in   2.07 ms
2026-01-05 01:44:49,850 [INFO] Received response #6 in   2.01 ms
2026-01-05 01:44:49,852 [INFO] Received response #7 in   1.98 ms
2026-01-05 01:44:49,854 [INFO] Received response #8 in   1.81 ms
2026-01-05 01:44:49,856 [INFO] Received response #9 in   1.48 ms
2026-01-05 01:44:49,857 [INFO] Received response #10 in   1.41 ms
2026-01-05 01:44:49,858 [INFO] Monitoring memory and CPU usage of process 76409 every 20.0ms
2026-01-05 01:44:49,858 [WARNING] Average throughput was: 0 ops/s. Setting average throughput to 1
2026-01-05 01:44:49,859 [INFO] Average throughput: 1 ops/s
2026-01-05 01:44:49,859 [INFO] Getting fixed rates for latency
2026-01-05 01:44:49,859 [INFO] Now measuring the latency for FIXED mode at 1000 for 1 iterations
2026-01-05 01:44:49,859 [INFO] Running latency iteration 1/1
2026-01-05 01:44:49,861 [INFO] Extracted framework startup time of 1022.0 ms
2026-01-05 01:44:49,864 [INFO] Begining to measure latency
2026-01-05 01:44:49,864 [INFO] Running latency command:
wrk2 -d 30s -R 1000 --latency http://127.0.0.1:8004 -t 16 -c 16 --script /home/bakhtinartyom1205/projects/harness-evaluation/barista/benchmarks/quarkus-tika/workloads/mixed-requests.lua -- 16
2026-01-05 01:45:19,883 [INFO] Finished measuring latency
2026-01-05 01:45:19,885 [INFO] Dumping wrk outputs to file 'logs/2026-01-05_01-44-48-bench-9b43b7/FIXED-1000-latency-1-dump.txt' and to stdout:
Running 30s test @ http://127.0.0.1:8004
  16 threads and 16 connections
  Thread calibration: mean lat.: 138.104ms, rate sampling interval: 1243ms
  Thread calibration: mean lat.: 126.863ms, rate sampling interval: 1141ms
  Thread calibration: mean lat.: 124.417ms, rate sampling interval: 1115ms
  Thread calibration: mean lat.: 116.682ms, rate sampling interval: 1114ms
  Thread calibration: mean lat.: 132.004ms, rate sampling interval: 1137ms
  Thread calibration: mean lat.: 106.936ms, rate sampling interval: 943ms
  Thread calibration: mean lat.: 117.488ms, rate sampling interval: 1038ms
  Thread calibration: mean lat.: 132.460ms, rate sampling interval: 1033ms
  Thread calibration: mean lat.: 118.593ms, rate sampling interval: 1048ms
  Thread calibration: mean lat.: 120.500ms, rate sampling interval: 1054ms
  Thread calibration: mean lat.: 132.228ms, rate sampling interval: 1198ms
  Thread calibration: mean lat.: 131.447ms, rate sampling interval: 1201ms
  Thread calibration: mean lat.: 125.613ms, rate sampling interval: 1094ms
  Thread calibration: mean lat.: 126.764ms, rate sampling interval: 1132ms
  Thread calibration: mean lat.: 118.633ms, rate sampling interval: 1087ms
  Thread calibration: mean lat.: 129.202ms, rate sampling interval: 1103ms
  Thread Stats   Avg      Stdev     Max   +/- Stdev
    Latency     3.00ms    3.02ms  52.32ms   96.23%
    Req/Sec    61.92      0.50    64.00     99.29%
  Latency Distribution (HdrHistogram - Recorded Latency)
 50.000%    2.45ms
 75.000%    3.01ms
 90.000%    3.58ms
 99.000%   20.74ms
 99.900%   31.90ms
 99.990%   48.13ms
 99.999%   52.35ms
100.000%   52.35ms

  Detailed Percentile spectrum:
       Value   Percentile   TotalCount 1/(1-Percentile)

       1.079     0.000000            1         1.00
       1.672     0.100000         1999         1.11
       1.911     0.200000         4003         1.25
       2.089     0.300000         6020         1.43
       2.259     0.400000         8026         1.67
       2.449     0.500000        10004         2.00
       2.549     0.550000        11002         2.22
       2.645     0.600000        11998         2.50
       2.755     0.650000        13003         2.86
       2.871     0.700000        13992         3.33
       3.013     0.750000        15005         4.00
       3.087     0.775000        15497         4.44
       3.173     0.800000        15995         5.00
       3.257     0.825000        16487         5.71
       3.351     0.850000        16992         6.67
       3.465     0.875000        17488         8.00
       3.525     0.887500        17737         8.89
       3.583     0.900000        17988        10.00
       3.663     0.912500        18240        11.43
       3.755     0.925000        18488        13.33
       3.889     0.937500        18738        16.00
       3.973     0.943750        18863        17.78
       4.103     0.950000        18986        20.00
       4.379     0.956250        19110        22.86
       6.055     0.962500        19236        26.67
       8.431     0.968750        19360        32.00
       9.903     0.971875        19424        35.56
      11.327     0.975000        19486        40.00
      12.935     0.978125        19547        45.71
      14.711     0.981250        19610        53.33
      16.591     0.984375        19672        64.00
      17.967     0.985938        19703        71.11
      19.375     0.987500        19736        80.00
      20.063     0.989062        19766        91.43
      21.327     0.990625        19798       106.67
      22.031     0.992188        19828       128.00
      22.431     0.992969        19844       142.22
      23.023     0.993750        19860       160.00
      23.599     0.994531        19875       182.86
      24.623     0.995313        19891       213.33
      25.359     0.996094        19906       256.00
      25.535     0.996484        19914       284.44
      25.951     0.996875        19922       320.00
      26.687     0.997266        19930       365.71
      27.279     0.997656        19938       426.67
      28.079     0.998047        19945       512.00
      28.495     0.998242        19949       568.89
      28.879     0.998437        19953       640.00
      29.151     0.998633        19957       731.43
      30.191     0.998828        19961       853.33
      32.159     0.999023        19965      1024.00
      32.927     0.999121        19967      1137.78
      33.631     0.999219        19969      1280.00
      35.615     0.999316        19971      1462.86
      36.831     0.999414        19973      1706.67
      38.079     0.999512        19975      2048.00
      38.271     0.999561        19976      2275.56
      38.687     0.999609        19977      2560.00
      41.119     0.999658        19978      2925.71
      41.375     0.999707        19979      3413.33
      42.783     0.999756        19980      4096.00
      42.783     0.999780        19980      4551.11
      46.079     0.999805        19981      5120.00
      46.079     0.999829        19981      5851.43
      48.127     0.999854        19982      6826.67
      48.127     0.999878        19982      8192.00
      48.127     0.999890        19982      9102.22
      51.775     0.999902        19983     10240.00
      51.775     0.999915        19983     11702.86
      51.775     0.999927        19983     13653.33
      51.775     0.999939        19983     16384.00
      51.775     0.999945        19983     18204.44
      52.351     0.999951        19984     20480.00
      52.351     1.000000        19984          inf
#[Mean    =        2.996, StdDeviation   =        3.023]
#[Max     =       52.320, Total count    =        19984]
#[Buckets =           27, SubBuckets     =         2048]
----------------------------------------------------------
  30016 requests in 30.00s, 2.63MB read
Requests/sec:   1000.47
Transfer/sec:     89.89KB

2026-01-05 01:45:19,885 [INFO] Saving all collected metrics to JSON file: /home/bakhtinartyom1205/projects/harness-evaluation/barista/logs/2026-01-05_01-44-48-bench-9b43b7/barista-results.json
2026-01-05 01:45:19,891 [INFO] Writing to csv files
2026-01-05 01:45:19,892 [INFO] Producing final_measurements-barista_latency_results.csv
2026-01-05 01:45:19,896 [INFO] Dumping application outputs to: logs/2026-01-05_01-44-48-bench-9b43b7/app-dump.txt
2026-01-05 01:45:19,896 [INFO] Benchmark done
2026-01-05 01:45:19,960 [INFO] ================================================================================
2026-01-05 01:45:19,960 [INFO] Barista report for benchmark 'quarkus-tika'
2026-01-05 01:45:19,960 [INFO] Run command: python3 ./barista.py quarkus-tika --mode jvm --resource-usage-polling-interval 0.02 --startup-iteration-count 0 --warmup-iteration-count 0
2026-01-05 01:45:19,960 [INFO] Resource usage results:
2026-01-05 01:45:19,960 [INFO] 	Resident Set Size:
2026-01-05 01:45:19,960 [INFO] 		              p100.0              3089.58 MB
2026-01-05 01:45:19,960 [INFO] 		               p99.0              3060.53 MB
2026-01-05 01:45:19,960 [INFO] 		               p98.0              3060.53 MB
2026-01-05 01:45:19,960 [INFO] 		               p97.0              3060.53 MB
2026-01-05 01:45:19,960 [INFO] 		               p96.0              3060.53 MB
2026-01-05 01:45:19,960 [INFO] 		               p95.0              3059.86 MB
2026-01-05 01:45:19,960 [INFO] 		               p90.0              3056.77 MB
2026-01-05 01:45:19,960 [INFO] 		               p75.0              2960.61 MB
2026-01-05 01:45:19,960 [INFO] 		               p50.0              2583.38 MB
2026-01-05 01:45:19,960 [INFO] 		               p25.0              2188.29 MB
2026-01-05 01:45:19,960 [INFO] 	Virtual Memory Size:
2026-01-05 01:45:19,960 [INFO] 		              p100.0             22004.04 MB
2026-01-05 01:45:19,960 [INFO] 		               p99.0             21998.04 MB
2026-01-05 01:45:19,961 [INFO] 		               p98.0             21977.54 MB
2026-01-05 01:45:19,961 [INFO] 		               p97.0             21974.10 MB
2026-01-05 01:45:19,961 [INFO] 		               p96.0             21974.10 MB
2026-01-05 01:45:19,961 [INFO] 		               p95.0             21974.10 MB
2026-01-05 01:45:19,961 [INFO] 		               p90.0             21971.54 MB
2026-01-05 01:45:19,961 [INFO] 		               p75.0             21970.54 MB
2026-01-05 01:45:19,961 [INFO] 		               p50.0             21969.54 MB
2026-01-05 01:45:19,961 [INFO] 		               p25.0             21967.54 MB
2026-01-05 01:45:19,961 [INFO] 	System-wide CPU utilization:
2026-01-05 01:45:19,961 [INFO] 		              p100.0               888.46 %
2026-01-05 01:45:19,961 [INFO] 		               p99.0               790.96 %
2026-01-05 01:45:19,961 [INFO] 		               p98.0               790.37 %
2026-01-05 01:45:19,961 [INFO] 		               p97.0               785.04 %
2026-01-05 01:45:19,961 [INFO] 		               p96.0               741.79 %
2026-01-05 01:45:19,961 [INFO] 		               p95.0               740.85 %
2026-01-05 01:45:19,961 [INFO] 		               p90.0               642.53 %
2026-01-05 01:45:19,961 [INFO] 		               p75.0               347.12 %
2026-01-05 01:45:19,961 [INFO] 		               p50.0               296.57 %
2026-01-05 01:45:19,961 [INFO] 		               p25.0               198.19 %
2026-01-05 01:45:19,961 [INFO] Latency results: 
2026-01-05 01:45:19,961 [INFO] Results of final_measurements latency measurement
2026-01-05 01:45:19,961 [INFO] 	Measures for latency iteration 1:
2026-01-05 01:45:19,961 [INFO] 		                rate                 1000 ops/s
2026-01-05 01:45:19,961 [INFO] 		              50.000                 2.45 ms
2026-01-05 01:45:19,961 [INFO] 		              75.000                 3.01 ms
2026-01-05 01:45:19,961 [INFO] 		              90.000                 3.58 ms
2026-01-05 01:45:19,961 [INFO] 		              99.000                20.74 ms
2026-01-05 01:45:19,961 [INFO] 		              99.900                31.90 ms
2026-01-05 01:45:19,961 [INFO] 		              99.990                48.13 ms
2026-01-05 01:45:19,961 [INFO] 		              99.999                52.35 ms
2026-01-05 01:45:19,961 [INFO] 		             100.000                52.35 ms
2026-01-05 01:45:19,961 [INFO] ================================================================================
