2026-01-05 03:27:11,732 [INFO] Running Barista harness with args: ['./barista.py', 'micronaut-shopcart', '--mode', 'native', '--resource-usage-polling-interval', '0.02', '--startup-iteration-count', '0', '--warmup-iteration-count', '0', '--app-executable', '/app/barista/benchmarks/micronaut-shopcart/target/shopcart-0.3.10.output/default/micronaut-shopcart']
2026-01-05 03:27:11,732 [INFO] Java home is pointing to "/opt/graalvm".
2026-01-05 03:27:11,732 [INFO] Getting platform version information with command "/opt/graalvm/bin/java --version"
2026-01-05 03:27:11,836 [INFO] Getting platform version information with command "/opt/graalvm/bin/native-image --version"
2026-01-05 03:27:11,843 [INFO] Version of the available JVM at java home:
openjdk 23 2024-09-17
OpenJDK Runtime Environment GraalVM CE 23+37.1 (build 23+37-jvmci-b01)
OpenJDK 64-Bit Server VM GraalVM CE 23+37.1 (build 23+37-jvmci-b01, mixed mode, sharing)
native-image 23 2024-09-17
GraalVM Runtime Environment GraalVM CE 23+37.1 (build 23+37-jvmci-b01)
Substrate VM GraalVM CE 23+37.1 (build 23+37, serial gc)

2026-01-05 03:27:11,844 [INFO] Benchmarking of http://127.0.0.1:8001 with NATIVE mode
Redirecting output to: logs/2026-01-05_03-27-11-bench-f39b99
	 - Startup: Repeat 0 iterations: recording first 10 requests, timeout after 60 seconds of no response
	 - Warmup: 0 iterations of 10 seconds with 16 threads and 16 connections (lua script: ['/app/barista/benchmarks/micronaut-shopcart/workloads/mixed-requests.lua'])
	 - Throughput: 0 iterations of 30 seconds with 16 threads and 16 connections (lua script: ['/app/barista/benchmarks/micronaut-shopcart/workloads/mixed-requests.lua'])
	 - Latency: 1 iterations of 30 seconds with 16 threads and 16 connections at [800] reqs/s (lua script: ['/app/barista/benchmarks/micronaut-shopcart/workloads/mixed-requests.lua'])
Total runtime: 0:01:00. Expected finish time 2026-01-05 03:28:11.844403

2026-01-05 03:27:11,844 [INFO] Starting microservice with:
/app/barista/benchmarks/micronaut-shopcart/target/shopcart-0.3.10.output/default/micronaut-shopcart
2026-01-05 03:27:11,845 [INFO] Detected app process (pid=527) with command-line:
/app/barista/benchmarks/micronaut-shopcart/target/shopcart-0.3.10.output/default/micronaut-shopcart
2026-01-05 03:27:11,845 [INFO] Running startup measurements: sending 10 GET request(s) to http://127.0.0.1:8001/
2026-01-05 03:27:11,886 [INFO] Received response #1 in  42.11 ms
2026-01-05 03:27:11,890 [INFO] Received response #2 in   2.90 ms
2026-01-05 03:27:11,892 [INFO] Received response #3 in   2.43 ms
2026-01-05 03:27:11,895 [INFO] Received response #4 in   2.53 ms
2026-01-05 03:27:11,897 [INFO] Received response #5 in   1.90 ms
2026-01-05 03:27:11,899 [INFO] Received response #6 in   2.11 ms
2026-01-05 03:27:11,901 [INFO] Received response #7 in   1.47 ms
2026-01-05 03:27:11,903 [INFO] Received response #8 in   2.00 ms
2026-01-05 03:27:11,904 [INFO] Received response #9 in   0.81 ms
2026-01-05 03:27:11,905 [INFO] Received response #10 in   0.78 ms
2026-01-05 03:27:11,905 [INFO] Monitoring memory and CPU usage of process 527 every 20.0ms
2026-01-05 03:27:11,907 [INFO] Extracted framework startup time of 21.0 ms
2026-01-05 03:27:11,907 [WARNING] Average throughput was: 0 ops/s. Setting average throughput to 1
2026-01-05 03:27:11,908 [INFO] Average throughput: 1 ops/s
2026-01-05 03:27:11,908 [INFO] Getting fixed rates for latency
2026-01-05 03:27:11,908 [INFO] Now measuring the latency for FIXED mode at 800 for 1 iterations
2026-01-05 03:27:11,908 [INFO] Running latency iteration 1/1
2026-01-05 03:27:11,912 [INFO] Begining to measure latency
2026-01-05 03:27:11,912 [INFO] Running latency command:
wrk2 -d 30s -R 800 --latency http://127.0.0.1:8001 -t 16 -c 16 --script /app/barista/benchmarks/micronaut-shopcart/workloads/mixed-requests.lua -- 16
2026-01-05 03:27:41,929 [INFO] Finished measuring latency
2026-01-05 03:27:41,932 [INFO] Dumping wrk outputs to file 'logs/2026-01-05_03-27-11-bench-f39b99/FIXED-800-latency-1-dump.txt' and to stdout:
Running 30s test @ http://127.0.0.1:8001
  16 threads and 16 connections
  Thread calibration: mean lat.: 1.526ms, rate sampling interval: 10ms
  Thread calibration: mean lat.: 1.453ms, rate sampling interval: 10ms
  Thread calibration: mean lat.: 1.371ms, rate sampling interval: 10ms
  Thread calibration: mean lat.: 1.301ms, rate sampling interval: 10ms
  Thread calibration: mean lat.: 1.229ms, rate sampling interval: 10ms
  Thread calibration: mean lat.: 1.227ms, rate sampling interval: 10ms
  Thread calibration: mean lat.: 1.219ms, rate sampling interval: 10ms
  Thread calibration: mean lat.: 1.206ms, rate sampling interval: 10ms
  Thread calibration: mean lat.: 1.158ms, rate sampling interval: 10ms
  Thread calibration: mean lat.: 1.220ms, rate sampling interval: 10ms
  Thread calibration: mean lat.: 1.110ms, rate sampling interval: 10ms
  Thread calibration: mean lat.: 1.145ms, rate sampling interval: 10ms
  Thread calibration: mean lat.: 1.140ms, rate sampling interval: 10ms
  Thread calibration: mean lat.: 1.071ms, rate sampling interval: 10ms
  Thread calibration: mean lat.: 1.124ms, rate sampling interval: 10ms
  Thread calibration: mean lat.: 1.086ms, rate sampling interval: 10ms
  Thread Stats   Avg      Stdev     Max   +/- Stdev
    Latency     1.32ms  405.79us   3.93ms   67.17%
    Req/Sec    52.85     52.45   111.00     78.54%
  Latency Distribution (HdrHistogram - Recorded Latency)
 50.000%    1.32ms
 75.000%    1.59ms
 90.000%    1.86ms
 99.000%    2.26ms
 99.900%    2.63ms
 99.990%    3.39ms
 99.999%    3.93ms
100.000%    3.93ms

  Detailed Percentile spectrum:
       Value   Percentile   TotalCount 1/(1-Percentile)

       0.246     0.000000            1         1.00
       0.790     0.100000         1602         1.11
       0.959     0.200000         3201         1.25
       1.093     0.300000         4797         1.43
       1.207     0.400000         6407         1.67
       1.318     0.500000         8002         2.00
       1.368     0.550000         8798         2.22
       1.418     0.600000         9598         2.50
       1.472     0.650000        10402         2.86
       1.531     0.700000        11191         3.33
       1.593     0.750000        11995         4.00
       1.627     0.775000        12394         4.44
       1.660     0.800000        12797         5.00
       1.703     0.825000        13190         5.71
       1.746     0.850000        13593         6.67
       1.795     0.875000        13987         8.00
       1.826     0.887500        14189         8.89
       1.857     0.900000        14387        10.00
       1.890     0.912500        14587        11.43
       1.929     0.925000        14787        13.33
       1.968     0.937500        14987        16.00
       1.992     0.943750        15087        17.78
       2.013     0.950000        15192        20.00
       2.038     0.956250        15290        22.86
       2.069     0.962500        15387        26.67
       2.101     0.968750        15486        32.00
       2.117     0.971875        15536        35.56
       2.135     0.975000        15588        40.00
       2.155     0.978125        15637        45.71
       2.177     0.981250        15687        53.33
       2.201     0.984375        15737        64.00
       2.215     0.985938        15765        71.11
       2.227     0.987500        15788        80.00
       2.249     0.989062        15810        91.43
       2.265     0.990625        15837       106.67
       2.289     0.992188        15861       128.00
       2.301     0.992969        15874       142.22
       2.315     0.993750        15886       160.00
       2.325     0.994531        15897       182.86
       2.347     0.995313        15911       213.33
       2.369     0.996094        15922       256.00
       2.391     0.996484        15928       284.44
       2.405     0.996875        15935       320.00
       2.415     0.997266        15941       365.71
       2.425     0.997656        15947       426.67
       2.465     0.998047        15953       512.00
       2.501     0.998242        15956       568.89
       2.523     0.998437        15960       640.00
       2.557     0.998633        15963       731.43
       2.595     0.998828        15966       853.33
       2.639     0.999023        15969      1024.00
       2.643     0.999121        15970      1137.78
       2.667     0.999219        15972      1280.00
       2.715     0.999316        15974      1462.86
       2.731     0.999414        15975      1706.67
       2.909     0.999512        15977      2048.00
       2.909     0.999561        15977      2275.56
       2.939     0.999609        15978      2560.00
       2.961     0.999658        15980      2925.71
       2.961     0.999707        15980      3413.33
       2.995     0.999756        15981      4096.00
       2.995     0.999780        15981      4551.11
       2.995     0.999805        15981      5120.00
       3.395     0.999829        15982      5851.43
       3.395     0.999854        15982      6826.67
       3.439     0.999878        15983      8192.00
       3.439     0.999890        15983      9102.22
       3.439     0.999902        15983     10240.00
       3.439     0.999915        15983     11702.86
       3.439     0.999927        15983     13653.33
       3.935     0.999939        15984     16384.00
       3.935     1.000000        15984          inf
#[Mean    =        1.320, StdDeviation   =        0.406]
#[Max     =        3.934, Total count    =        15984]
#[Buckets =           27, SubBuckets     =         2048]
----------------------------------------------------------
  24016 requests in 30.00s, 7.18MB read
Requests/sec:    800.50
Transfer/sec:    244.93KB

2026-01-05 03:27:41,933 [INFO] Saving all collected metrics to JSON file: /app/barista/logs/2026-01-05_03-27-11-bench-f39b99/barista-results.json
2026-01-05 03:27:41,941 [INFO] Writing to csv files
2026-01-05 03:27:41,941 [INFO] Producing final_measurements-barista_latency_results.csv
2026-01-05 03:27:41,945 [INFO] Dumping application outputs to: logs/2026-01-05_03-27-11-bench-f39b99/app-dump.txt
2026-01-05 03:27:41,946 [INFO] Benchmark done
2026-01-05 03:27:41,983 [INFO] ================================================================================
2026-01-05 03:27:41,983 [INFO] Barista report for benchmark 'micronaut-shopcart'
2026-01-05 03:27:41,983 [INFO] Run command: python3 ./barista.py micronaut-shopcart --mode native --resource-usage-polling-interval 0.02 --startup-iteration-count 0 --warmup-iteration-count 0 --app-executable /app/barista/benchmarks/micronaut-shopcart/target/shopcart-0.3.10.output/default/micronaut-shopcart
2026-01-05 03:27:41,983 [INFO] Resource usage results:
2026-01-05 03:27:41,983 [INFO] 	Resident Set Size:
2026-01-05 03:27:41,984 [INFO] 		              p100.0               118.80 MB
2026-01-05 03:27:41,984 [INFO] 		               p99.0               118.80 MB
2026-01-05 03:27:41,984 [INFO] 		               p98.0               118.80 MB
2026-01-05 03:27:41,984 [INFO] 		               p97.0               118.80 MB
2026-01-05 03:27:41,984 [INFO] 		               p96.0               118.80 MB
2026-01-05 03:27:41,984 [INFO] 		               p95.0               118.80 MB
2026-01-05 03:27:41,984 [INFO] 		               p90.0               118.80 MB
2026-01-05 03:27:41,984 [INFO] 		               p75.0               118.80 MB
2026-01-05 03:27:41,984 [INFO] 		               p50.0               118.48 MB
2026-01-05 03:27:41,984 [INFO] 		               p25.0               117.75 MB
2026-01-05 03:27:41,984 [INFO] 	Virtual Memory Size:
2026-01-05 03:27:41,984 [INFO] 		              p100.0              1457.77 MB
2026-01-05 03:27:41,984 [INFO] 		               p99.0              1457.77 MB
2026-01-05 03:27:41,984 [INFO] 		               p98.0              1457.77 MB
2026-01-05 03:27:41,984 [INFO] 		               p97.0              1457.77 MB
2026-01-05 03:27:41,984 [INFO] 		               p96.0              1457.77 MB
2026-01-05 03:27:41,985 [INFO] 		               p95.0              1457.77 MB
2026-01-05 03:27:41,985 [INFO] 		               p90.0              1457.77 MB
2026-01-05 03:27:41,985 [INFO] 		               p75.0              1457.77 MB
2026-01-05 03:27:41,985 [INFO] 		               p50.0              1457.27 MB
2026-01-05 03:27:41,985 [INFO] 		               p25.0              1455.77 MB
2026-01-05 03:27:41,985 [INFO] 	System-wide CPU utilization:
2026-01-05 03:27:41,985 [INFO] 		              p100.0                98.95 %
2026-01-05 03:27:41,985 [INFO] 		               p99.0                98.50 %
2026-01-05 03:27:41,985 [INFO] 		               p98.0                98.26 %
2026-01-05 03:27:41,985 [INFO] 		               p97.0                98.01 %
2026-01-05 03:27:41,985 [INFO] 		               p96.0                97.51 %
2026-01-05 03:27:41,985 [INFO] 		               p95.0                49.39 %
2026-01-05 03:27:41,985 [INFO] 		               p90.0                49.32 %
2026-01-05 03:27:41,985 [INFO] 		               p75.0                49.21 %
2026-01-05 03:27:41,985 [INFO] 		               p50.0                49.00 %
2026-01-05 03:27:41,985 [INFO] 		               p25.0                 0.00 %
2026-01-05 03:27:41,986 [INFO] Latency results: 
2026-01-05 03:27:41,986 [INFO] Results of final_measurements latency measurement
2026-01-05 03:27:41,986 [INFO] 	Measures for latency iteration 1:
2026-01-05 03:27:41,986 [INFO] 		                rate                  800 ops/s
2026-01-05 03:27:41,986 [INFO] 		              50.000                 1.32 ms
2026-01-05 03:27:41,986 [INFO] 		              75.000                 1.59 ms
2026-01-05 03:27:41,986 [INFO] 		              90.000                 1.86 ms
2026-01-05 03:27:41,986 [INFO] 		              99.000                 2.26 ms
2026-01-05 03:27:41,986 [INFO] 		              99.900                 2.63 ms
2026-01-05 03:27:41,986 [INFO] 		              99.990                 3.39 ms
2026-01-05 03:27:41,986 [INFO] 		              99.999                 3.93 ms
2026-01-05 03:27:41,986 [INFO] 		             100.000                 3.93 ms
2026-01-05 03:27:41,986 [INFO] ================================================================================
