2026-01-05 03:33:19,841 [INFO] Running Barista harness with args: ['./barista.py', 'micronaut-shopcart', '--mode', 'jvm', '--resource-usage-polling-interval', '0.02', '--startup-iteration-count', '0', '--warmup-iteration-count', '0']
2026-01-05 03:33:19,841 [INFO] Java home is pointing to "/opt/graalvm".
2026-01-05 03:33:19,842 [INFO] Getting platform version information with command "/opt/graalvm/bin/java --version"
2026-01-05 03:33:19,941 [INFO] Getting platform version information with command "/opt/graalvm/bin/native-image --version"
2026-01-05 03:33:19,949 [INFO] Version of the available JVM at java home:
openjdk 23 2024-09-17
OpenJDK Runtime Environment GraalVM CE 23+37.1 (build 23+37-jvmci-b01)
OpenJDK 64-Bit Server VM GraalVM CE 23+37.1 (build 23+37-jvmci-b01, mixed mode, sharing)
native-image 23 2024-09-17
GraalVM Runtime Environment GraalVM CE 23+37.1 (build 23+37-jvmci-b01)
Substrate VM GraalVM CE 23+37.1 (build 23+37, serial gc)

2026-01-05 03:33:19,949 [INFO] Locating the app build artifact with command "/app/barista/benchmarks/micronaut-shopcart/build.sh --get-jar"
2026-01-05 03:33:19,950 [INFO] Running the following command in a subprocess:
/app/barista/benchmarks/micronaut-shopcart/build.sh --get-jar
2026-01-05 03:33:19,957 [INFO] Dumping the stdout of the subprocess:
application jar file path is: /app/barista/benchmarks/micronaut-shopcart/target/shopcart-0.3.10.jar

2026-01-05 03:33:19,957 [INFO] Dumping the stderr of the subprocess:
+ '[' 1 -gt 0 ']'
+ '[' --get-jar = --help ']'
+++ dirname /app/barista/benchmarks/micronaut-shopcart/build.sh
++ cd -P /app/barista/benchmarks/micronaut-shopcart
++ pwd
+ DIR=/app/barista/benchmarks/micronaut-shopcart
+ VERSION=0.3.10
+ JAR=/app/barista/benchmarks/micronaut-shopcart/target/shopcart-0.3.10.jar
+ NIB=/app/barista/benchmarks/micronaut-shopcart/target/shopcart-0.3.10.nib
+ '[' 1 -gt 0 ']'
+ '[' --get-jar = --get-jar ']'
+ echo 'application jar file path is: /app/barista/benchmarks/micronaut-shopcart/target/shopcart-0.3.10.jar'
+ exit 0

2026-01-05 03:33:19,957 [INFO] Benchmarking of http://127.0.0.1:8001 with JVM mode
Redirecting output to: logs/2026-01-05_03-33-19-bench-f010e8
	 - Startup: Repeat 0 iterations: recording first 10 requests, timeout after 60 seconds of no response
	 - Warmup: 0 iterations of 10 seconds with 16 threads and 16 connections (lua script: ['/app/barista/benchmarks/micronaut-shopcart/workloads/mixed-requests.lua'])
	 - Throughput: 0 iterations of 30 seconds with 16 threads and 16 connections (lua script: ['/app/barista/benchmarks/micronaut-shopcart/workloads/mixed-requests.lua'])
	 - Latency: 1 iterations of 30 seconds with 16 threads and 16 connections at [800] reqs/s (lua script: ['/app/barista/benchmarks/micronaut-shopcart/workloads/mixed-requests.lua'])
Total runtime: 0:01:00. Expected finish time 2026-01-05 03:34:19.957882

2026-01-05 03:33:19,958 [INFO] Starting microservice with:
/opt/graalvm/bin/java -jar /app/barista/benchmarks/micronaut-shopcart/target/shopcart-0.3.10.jar
2026-01-05 03:33:19,958 [INFO] Detected app process (pid=355) with command-line:
/opt/graalvm/bin/java -jar /app/barista/benchmarks/micronaut-shopcart/target/shopcart-0.3.10.jar
2026-01-05 03:33:19,959 [INFO] Running startup measurements: sending 10 GET request(s) to http://127.0.0.1:8001/
2026-01-05 03:33:21,447 [INFO] Received response #1 in 1489.48 ms
2026-01-05 03:33:21,457 [INFO] Received response #2 in   9.14 ms
2026-01-05 03:33:21,466 [INFO] Received response #3 in   9.26 ms
2026-01-05 03:33:21,474 [INFO] Received response #4 in   7.60 ms
2026-01-05 03:33:21,483 [INFO] Received response #5 in   8.18 ms
2026-01-05 03:33:21,490 [INFO] Received response #6 in   7.62 ms
2026-01-05 03:33:21,498 [INFO] Received response #7 in   7.27 ms
2026-01-05 03:33:21,506 [INFO] Received response #8 in   7.97 ms
2026-01-05 03:33:21,515 [INFO] Received response #9 in   8.30 ms
2026-01-05 03:33:21,522 [INFO] Received response #10 in   6.84 ms
2026-01-05 03:33:21,523 [INFO] Monitoring memory and CPU usage of process 355 every 20.0ms
2026-01-05 03:33:21,525 [INFO] Extracted framework startup time of 787.0 ms
2026-01-05 03:33:21,526 [WARNING] Average throughput was: 0 ops/s. Setting average throughput to 1
2026-01-05 03:33:21,526 [INFO] Average throughput: 1 ops/s
2026-01-05 03:33:21,527 [INFO] Getting fixed rates for latency
2026-01-05 03:33:21,527 [INFO] Now measuring the latency for FIXED mode at 800 for 1 iterations
2026-01-05 03:33:21,527 [INFO] Running latency iteration 1/1
2026-01-05 03:33:21,531 [INFO] Begining to measure latency
2026-01-05 03:33:21,531 [INFO] Running latency command:
wrk2 -d 30s -R 800 --latency http://127.0.0.1:8001 -t 16 -c 16 --script /app/barista/benchmarks/micronaut-shopcart/workloads/mixed-requests.lua -- 16
2026-01-05 03:33:51,549 [INFO] Finished measuring latency
2026-01-05 03:33:51,551 [INFO] Dumping wrk outputs to file 'logs/2026-01-05_03-33-19-bench-f010e8/FIXED-800-latency-1-dump.txt' and to stdout:
Running 30s test @ http://127.0.0.1:8001
  16 threads and 16 connections
  Thread calibration: mean lat.: 2.536ms, rate sampling interval: 10ms
  Thread calibration: mean lat.: 2.648ms, rate sampling interval: 10ms
  Thread calibration: mean lat.: 2.275ms, rate sampling interval: 10ms
  Thread calibration: mean lat.: 2.293ms, rate sampling interval: 10ms
  Thread calibration: mean lat.: 2.186ms, rate sampling interval: 10ms
  Thread calibration: mean lat.: 2.009ms, rate sampling interval: 10ms
  Thread calibration: mean lat.: 2.109ms, rate sampling interval: 10ms
  Thread calibration: mean lat.: 2.101ms, rate sampling interval: 10ms
  Thread calibration: mean lat.: 2.154ms, rate sampling interval: 10ms
  Thread calibration: mean lat.: 2.143ms, rate sampling interval: 10ms
  Thread calibration: mean lat.: 2.126ms, rate sampling interval: 10ms
  Thread calibration: mean lat.: 2.149ms, rate sampling interval: 10ms
  Thread calibration: mean lat.: 2.202ms, rate sampling interval: 10ms
  Thread calibration: mean lat.: 2.123ms, rate sampling interval: 10ms
  Thread calibration: mean lat.: 1.990ms, rate sampling interval: 10ms
  Thread calibration: mean lat.: 1.996ms, rate sampling interval: 10ms
  Thread Stats   Avg      Stdev     Max   +/- Stdev
    Latency     1.23ms  383.20us   8.30ms   69.15%
    Req/Sec    53.17     52.71   111.00     76.19%
  Latency Distribution (HdrHistogram - Recorded Latency)
 50.000%    1.23ms
 75.000%    1.49ms
 90.000%    1.69ms
 99.000%    2.02ms
 99.900%    4.05ms
 99.990%    6.04ms
 99.999%    8.31ms
100.000%    8.31ms

  Detailed Percentile spectrum:
       Value   Percentile   TotalCount 1/(1-Percentile)

       0.195     0.000000            1         1.00
       0.754     0.100000         1599         1.11
       0.904     0.200000         3206         1.25
       1.024     0.300000         4801         1.43
       1.130     0.400000         6405         1.67
       1.233     0.500000         7993         2.00
       1.286     0.550000         8795         2.22
       1.337     0.600000         9607         2.50
       1.387     0.650000        10390         2.86
       1.438     0.700000        11191         3.33
       1.493     0.750000        12007         4.00
       1.520     0.775000        12394         4.44
       1.550     0.800000        12797         5.00
       1.580     0.825000        13201         5.71
       1.615     0.850000        13592         6.67
       1.650     0.875000        13987         8.00
       1.670     0.887500        14191         8.89
       1.691     0.900000        14388        10.00
       1.715     0.912500        14587        11.43
       1.743     0.925000        14787        13.33
       1.771     0.937500        14990        16.00
       1.787     0.943750        15094        17.78
       1.803     0.950000        15186        20.00
       1.824     0.956250        15288        22.86
       1.842     0.962500        15390        26.67
       1.871     0.968750        15488        32.00
       1.885     0.971875        15536        35.56
       1.898     0.975000        15588        40.00
       1.918     0.978125        15638        45.71
       1.936     0.981250        15688        53.33
       1.959     0.984375        15735        64.00
       1.973     0.985938        15760        71.11
       1.990     0.987500        15787        80.00
       2.007     0.989062        15810        91.43
       2.028     0.990625        15837       106.67
       2.053     0.992188        15863       128.00
       2.059     0.992969        15872       142.22
       2.075     0.993750        15885       160.00
       2.105     0.994531        15897       182.86
       2.129     0.995313        15910       213.33
       2.151     0.996094        15922       256.00
       2.161     0.996484        15929       284.44
       2.189     0.996875        15935       320.00
       2.227     0.997266        15942       365.71
       2.265     0.997656        15947       426.67
       2.315     0.998047        15953       512.00
       2.379     0.998242        15956       568.89
       2.417     0.998437        15960       640.00
       2.507     0.998633        15963       731.43
       3.333     0.998828        15966       853.33
       4.119     0.999023        15969      1024.00
       4.183     0.999121        15970      1137.78
       4.671     0.999219        15972      1280.00
       5.067     0.999316        15974      1462.86
       5.111     0.999414        15975      1706.67
       5.407     0.999512        15977      2048.00
       5.407     0.999561        15977      2275.56
       5.607     0.999609        15978      2560.00
       5.639     0.999658        15979      2925.71
       5.799     0.999707        15980      3413.33
       5.871     0.999756        15981      4096.00
       5.871     0.999780        15981      4551.11
       5.871     0.999805        15981      5120.00
       6.039     0.999829        15982      5851.43
       6.039     0.999854        15982      6826.67
       6.111     0.999878        15983      8192.00
       6.111     0.999890        15983      9102.22
       6.111     0.999902        15983     10240.00
       6.111     0.999915        15983     11702.86
       6.111     0.999927        15983     13653.33
       8.311     0.999939        15984     16384.00
       8.311     1.000000        15984          inf
#[Mean    =        1.233, StdDeviation   =        0.383]
#[Max     =        8.304, Total count    =        15984]
#[Buckets =           27, SubBuckets     =         2048]
----------------------------------------------------------
  24016 requests in 30.00s, 7.17MB read
Requests/sec:    800.47
Transfer/sec:    244.79KB

2026-01-05 03:33:51,553 [INFO] Saving all collected metrics to JSON file: /app/barista/logs/2026-01-05_03-33-19-bench-f010e8/barista-results.json
2026-01-05 03:33:51,560 [INFO] Writing to csv files
2026-01-05 03:33:51,561 [INFO] Producing final_measurements-barista_latency_results.csv
2026-01-05 03:33:51,565 [INFO] Dumping application outputs to: logs/2026-01-05_03-33-19-bench-f010e8/app-dump.txt
2026-01-05 03:33:51,566 [INFO] Benchmark done
2026-01-05 03:33:51,630 [INFO] ================================================================================
2026-01-05 03:33:51,630 [INFO] Barista report for benchmark 'micronaut-shopcart'
2026-01-05 03:33:51,630 [INFO] Run command: python3 ./barista.py micronaut-shopcart --mode jvm --resource-usage-polling-interval 0.02 --startup-iteration-count 0 --warmup-iteration-count 0
2026-01-05 03:33:51,631 [INFO] Resource usage results:
2026-01-05 03:33:51,631 [INFO] 	Resident Set Size:
2026-01-05 03:33:51,631 [INFO] 		              p100.0               254.34 MB
2026-01-05 03:33:51,631 [INFO] 		               p99.0               254.34 MB
2026-01-05 03:33:51,631 [INFO] 		               p98.0               254.34 MB
2026-01-05 03:33:51,631 [INFO] 		               p97.0               254.34 MB
2026-01-05 03:33:51,631 [INFO] 		               p96.0               253.89 MB
2026-01-05 03:33:51,631 [INFO] 		               p95.0               253.89 MB
2026-01-05 03:33:51,631 [INFO] 		               p90.0               253.89 MB
2026-01-05 03:33:51,631 [INFO] 		               p75.0               252.76 MB
2026-01-05 03:33:51,631 [INFO] 		               p50.0               244.59 MB
2026-01-05 03:33:51,631 [INFO] 		               p25.0               235.47 MB
2026-01-05 03:33:51,631 [INFO] 	Virtual Memory Size:
2026-01-05 03:33:51,631 [INFO] 		              p100.0             20882.99 MB
2026-01-05 03:33:51,631 [INFO] 		               p99.0             20882.49 MB
2026-01-05 03:33:51,631 [INFO] 		               p98.0             20867.85 MB
2026-01-05 03:33:51,631 [INFO] 		               p97.0             20861.99 MB
2026-01-05 03:33:51,632 [INFO] 		               p96.0             20861.99 MB
2026-01-05 03:33:51,632 [INFO] 		               p95.0             20861.99 MB
2026-01-05 03:33:51,632 [INFO] 		               p90.0             20861.49 MB
2026-01-05 03:33:51,632 [INFO] 		               p75.0             20860.99 MB
2026-01-05 03:33:51,632 [INFO] 		               p50.0             20859.99 MB
2026-01-05 03:33:51,632 [INFO] 		               p25.0             20848.99 MB
2026-01-05 03:33:51,632 [INFO] 	System-wide CPU utilization:
2026-01-05 03:33:51,632 [INFO] 		              p100.0               737.33 %
2026-01-05 03:33:51,632 [INFO] 		               p99.0               341.65 %
2026-01-05 03:33:51,632 [INFO] 		               p98.0               292.33 %
2026-01-05 03:33:51,632 [INFO] 		               p97.0               244.08 %
2026-01-05 03:33:51,632 [INFO] 		               p96.0               196.77 %
2026-01-05 03:33:51,632 [INFO] 		               p95.0               195.99 %
2026-01-05 03:33:51,632 [INFO] 		               p90.0               147.38 %
2026-01-05 03:33:51,632 [INFO] 		               p75.0                97.86 %
2026-01-05 03:33:51,632 [INFO] 		               p50.0                48.97 %
2026-01-05 03:33:51,632 [INFO] 		               p25.0                 0.00 %
2026-01-05 03:33:51,632 [INFO] Latency results: 
2026-01-05 03:33:51,633 [INFO] Results of final_measurements latency measurement
2026-01-05 03:33:51,633 [INFO] 	Measures for latency iteration 1:
2026-01-05 03:33:51,633 [INFO] 		                rate                  800 ops/s
2026-01-05 03:33:51,633 [INFO] 		              50.000                 1.23 ms
2026-01-05 03:33:51,633 [INFO] 		              75.000                 1.49 ms
2026-01-05 03:33:51,633 [INFO] 		              90.000                 1.69 ms
2026-01-05 03:33:51,633 [INFO] 		              99.000                 2.02 ms
2026-01-05 03:33:51,633 [INFO] 		              99.900                 4.05 ms
2026-01-05 03:33:51,633 [INFO] 		              99.990                 6.04 ms
2026-01-05 03:33:51,633 [INFO] 		              99.999                 8.31 ms
2026-01-05 03:33:51,633 [INFO] 		             100.000                 8.31 ms
2026-01-05 03:33:51,633 [INFO] ================================================================================
