2026-01-05 01:20:59,635 [INFO] Running Barista harness with args: ['./barista.py', 'spring-petclinic', '--mode', 'native', '--resource-usage-polling-interval', '0.02', '--startup-iteration-count', '0', '--warmup-iteration-count', '0']
2026-01-05 01:20:59,636 [INFO] Java home is pointing to "/opt/graalvm".
2026-01-05 01:20:59,636 [INFO] Getting platform version information with command "/opt/graalvm/bin/java --version"
2026-01-05 01:20:59,700 [INFO] Getting platform version information with command "/opt/graalvm/bin/native-image --version"
2026-01-05 01:20:59,705 [INFO] Version of the available JVM at java home:
openjdk 21.0.1 2023-10-17
OpenJDK Runtime Environment GraalVM CE 21.0.1+12.1 (build 21.0.1+12-jvmci-23.1-b19)
OpenJDK 64-Bit Server VM GraalVM CE 21.0.1+12.1 (build 21.0.1+12-jvmci-23.1-b19, mixed mode, sharing)
native-image 21.0.1 2023-10-17
GraalVM Runtime Environment GraalVM CE 21.0.1+12.1 (build 21.0.1+12-jvmci-23.1-b19)
Substrate VM GraalVM CE 21.0.1+12.1 (build 21.0.1+12, serial gc)

2026-01-05 01:20:59,705 [INFO] Locating the app build artifact with command "/home/bakhtinartyom1205/projects/harness-evaluation/barista/benchmarks/spring-petclinic/build.sh --get-nib"
2026-01-05 01:20:59,705 [INFO] Running the following command in a subprocess:
/home/bakhtinartyom1205/projects/harness-evaluation/barista/benchmarks/spring-petclinic/build.sh --get-nib
2026-01-05 01:20:59,710 [INFO] Dumping the stdout of the subprocess:
application nib file path is: /home/bakhtinartyom1205/projects/harness-evaluation/barista/benchmarks/spring-petclinic/spring-petclinic-sources/target/spring-petclinic-3.0.0-SNAPSHOT.nib

2026-01-05 01:20:59,710 [INFO] Dumping the stderr of the subprocess:
+ '[' 1 -gt 0 ']'
+ '[' --get-nib = --help ']'
+++ dirname /home/bakhtinartyom1205/projects/harness-evaluation/barista/benchmarks/spring-petclinic/build.sh
++ cd -P /home/bakhtinartyom1205/projects/harness-evaluation/barista/benchmarks/spring-petclinic
++ pwd
+ DIR=/home/bakhtinartyom1205/projects/harness-evaluation/barista/benchmarks/spring-petclinic/spring-petclinic-sources
+ VERSION=3.0.0-SNAPSHOT
+ JAR=/home/bakhtinartyom1205/projects/harness-evaluation/barista/benchmarks/spring-petclinic/spring-petclinic-sources/target/spring-petclinic-3.0.0-SNAPSHOT.jar
+ NIB=/home/bakhtinartyom1205/projects/harness-evaluation/barista/benchmarks/spring-petclinic/spring-petclinic-sources/target/spring-petclinic-3.0.0-SNAPSHOT.nib
+ '[' 1 -gt 0 ']'
+ '[' --get-nib = --get-jar ']'
+ '[' 1 -gt 0 ']'
+ '[' --get-nib = --get-nib ']'
+ echo 'application nib file path is: /home/bakhtinartyom1205/projects/harness-evaluation/barista/benchmarks/spring-petclinic/spring-petclinic-sources/target/spring-petclinic-3.0.0-SNAPSHOT.nib'
+ exit 0

2026-01-05 01:20:59,710 [INFO] Building native image using command: "/opt/graalvm/bin/native-image --bundle-apply=/home/bakhtinartyom1205/projects/harness-evaluation/barista/benchmarks/spring-petclinic/spring-petclinic-sources/target/spring-petclinic-3.0.0-SNAPSHOT.nib -g -o spring-petclinic"
2026-01-05 01:20:59,710 [INFO] Running the following command in a subprocess:
/opt/graalvm/bin/native-image --bundle-apply=/home/bakhtinartyom1205/projects/harness-evaluation/barista/benchmarks/spring-petclinic/spring-petclinic-sources/target/spring-petclinic-3.0.0-SNAPSHOT.nib -g -o spring-petclinic
2026-01-05 01:24:53,769 [INFO] Native image "/home/bakhtinartyom1205/projects/harness-evaluation/barista/benchmarks/spring-petclinic/spring-petclinic-sources/target/spring-petclinic-3.0.0-SNAPSHOT.output/default/spring-petclinic" was successfully built!
2026-01-05 01:24:53,769 [INFO] Benchmarking of http://127.0.0.1:8006 with NATIVE mode
Redirecting output to: logs/2026-01-05_01-20-59-bench-e979e0
	 - Startup: Repeat 0 iterations: recording first 10 requests, timeout after 300 seconds of no response
	 - Warmup: 0 iterations of 15 seconds with 16 threads and 16 connections (lua script: ['/home/bakhtinartyom1205/projects/harness-evaluation/barista/benchmarks/spring-petclinic/workloads/mixed-requests.lua'])
	 - Throughput: 0 iterations of 30 seconds with 16 threads and 16 connections (lua script: ['/home/bakhtinartyom1205/projects/harness-evaluation/barista/benchmarks/spring-petclinic/workloads/mixed-requests.lua'])
	 - Latency: 1 iterations of 30 seconds with 16 threads and 16 connections at [3000] reqs/s (lua script: ['/home/bakhtinartyom1205/projects/harness-evaluation/barista/benchmarks/spring-petclinic/workloads/mixed-requests.lua'])
Total runtime: 0:01:00. Expected finish time 2026-01-05 01:25:53.769843

2026-01-05 01:24:53,769 [INFO] Starting microservice with:
/home/bakhtinartyom1205/projects/harness-evaluation/barista/benchmarks/spring-petclinic/spring-petclinic-sources/target/spring-petclinic-3.0.0-SNAPSHOT.output/default/spring-petclinic
2026-01-05 01:24:53,770 [INFO] Detected app process (pid=65883) with command-line:
/home/bakhtinartyom1205/projects/harness-evaluation/barista/benchmarks/spring-petclinic/spring-petclinic-sources/target/spring-petclinic-3.0.0-SNAPSHOT.output/default/spring-petclinic
2026-01-05 01:24:53,770 [INFO] Running startup measurements: sending 10 GET request(s) to http://127.0.0.1:8006/
2026-01-05 01:24:54,088 [INFO] Received response #1 in 318.67 ms
2026-01-05 01:24:54,090 [INFO] Received response #2 in   1.05 ms
2026-01-05 01:24:54,091 [INFO] Received response #3 in   1.04 ms
2026-01-05 01:24:54,092 [INFO] Received response #4 in   0.91 ms
2026-01-05 01:24:54,093 [INFO] Received response #5 in   0.81 ms
2026-01-05 01:24:54,093 [INFO] Received response #6 in   0.82 ms
2026-01-05 01:24:54,094 [INFO] Received response #7 in   0.79 ms
2026-01-05 01:24:54,095 [INFO] Received response #8 in   0.92 ms
2026-01-05 01:24:54,096 [INFO] Received response #9 in   0.78 ms
2026-01-05 01:24:54,097 [INFO] Received response #10 in   0.75 ms
2026-01-05 01:24:54,097 [INFO] Monitoring memory and CPU usage of process 65883 every 20.0ms
2026-01-05 01:24:54,098 [WARNING] Average throughput was: 0 ops/s. Setting average throughput to 1
2026-01-05 01:24:54,100 [INFO] Average throughput: 1 ops/s
2026-01-05 01:24:54,100 [INFO] Getting fixed rates for latency
2026-01-05 01:24:54,100 [INFO] Now measuring the latency for FIXED mode at 3000 for 1 iterations
2026-01-05 01:24:54,100 [INFO] Running latency iteration 1/1
2026-01-05 01:24:54,101 [INFO] Extracted framework startup time of 268.0 ms
2026-01-05 01:24:54,103 [INFO] Begining to measure latency
2026-01-05 01:24:54,103 [INFO] Running latency command:
wrk2 -d 30s -R 3000 --latency http://127.0.0.1:8006 -t 16 -c 16 --script /home/bakhtinartyom1205/projects/harness-evaluation/barista/benchmarks/spring-petclinic/workloads/mixed-requests.lua -- 16
2026-01-05 01:25:24,114 [INFO] Finished measuring latency
2026-01-05 01:25:24,116 [INFO] Dumping wrk outputs to file 'logs/2026-01-05_01-20-59-bench-e979e0/FIXED-3000-latency-1-dump.txt' and to stdout:
Running 30s test @ http://127.0.0.1:8006
  16 threads and 16 connections
  Thread calibration: mean lat.: 1.972ms, rate sampling interval: 10ms
  Thread calibration: mean lat.: 1.858ms, rate sampling interval: 10ms
  Thread calibration: mean lat.: 1.982ms, rate sampling interval: 10ms
  Thread calibration: mean lat.: 1.891ms, rate sampling interval: 10ms
  Thread calibration: mean lat.: 1.929ms, rate sampling interval: 10ms
  Thread calibration: mean lat.: 1.878ms, rate sampling interval: 10ms
  Thread calibration: mean lat.: 1.899ms, rate sampling interval: 10ms
  Thread calibration: mean lat.: 1.923ms, rate sampling interval: 10ms
  Thread calibration: mean lat.: 1.905ms, rate sampling interval: 10ms
  Thread calibration: mean lat.: 1.942ms, rate sampling interval: 10ms
  Thread calibration: mean lat.: 1.885ms, rate sampling interval: 10ms
  Thread calibration: mean lat.: 1.919ms, rate sampling interval: 10ms
  Thread calibration: mean lat.: 1.982ms, rate sampling interval: 10ms
  Thread calibration: mean lat.: 1.935ms, rate sampling interval: 10ms
  Thread calibration: mean lat.: 1.945ms, rate sampling interval: 10ms
  Thread calibration: mean lat.: 1.933ms, rate sampling interval: 10ms
  Thread Stats   Avg      Stdev     Max   +/- Stdev
    Latency     2.05ms    1.86ms  27.01ms   96.84%
    Req/Sec   195.97     52.70   666.00     79.35%
  Latency Distribution (HdrHistogram - Recorded Latency)
 50.000%    1.75ms
 75.000%    2.07ms
 90.000%    2.42ms
 99.000%   13.81ms
 99.900%   20.24ms
 99.990%   23.66ms
 99.999%   25.82ms
100.000%   27.02ms

  Detailed Percentile spectrum:
       Value   Percentile   TotalCount 1/(1-Percentile)

       0.761     0.000000            1         1.00
       1.227     0.100000         6022         1.11
       1.393     0.200000        12017         1.25
       1.519     0.300000        18002         1.43
       1.635     0.400000        24000         1.67
       1.751     0.500000        29989         2.00
       1.810     0.550000        33052         2.22
       1.868     0.600000        36001         2.50
       1.930     0.650000        39007         2.86
       1.996     0.700000        41993         3.33
       2.071     0.750000        45046         4.00
       2.111     0.775000        46509         4.44
       2.157     0.800000        48008         5.00
       2.209     0.825000        49510         5.71
       2.265     0.850000        51002         6.67
       2.331     0.875000        52489         8.00
       2.373     0.887500        53235         8.89
       2.425     0.900000        53989        10.00
       2.499     0.912500        54744        11.43
       2.635     0.925000        55484        13.33
       2.903     0.937500        56229        16.00
       3.087     0.943750        56604        17.78
       3.271     0.950000        56979        20.00
       3.465     0.956250        57355        22.86
       3.667     0.962500        57729        26.67
       3.927     0.968750        58104        32.00
       4.083     0.971875        58293        35.56
       4.335     0.975000        58480        40.00
       4.999     0.978125        58666        45.71
       6.847     0.981250        58853        53.33
       9.439     0.984375        59040        64.00
      10.735     0.985938        59134        71.11
      11.799     0.987500        59229        80.00
      13.055     0.989062        59322        91.43
      14.167     0.990625        59415       106.67
      15.359     0.992188        59509       128.00
      15.871     0.992969        59556       142.22
      16.527     0.993750        59606       160.00
      16.943     0.994531        59650       182.86
      17.439     0.995313        59696       213.33
      18.127     0.996094        59744       256.00
      18.415     0.996484        59768       284.44
      18.639     0.996875        59790       320.00
      19.007     0.997266        59814       365.71
      19.231     0.997656        59838       426.67
      19.471     0.998047        59861       512.00
      19.551     0.998242        59872       568.89
      19.695     0.998437        59884       640.00
      19.999     0.998633        59896       731.43
      20.095     0.998828        59907       853.33
      20.319     0.999023        59919      1024.00
      20.463     0.999121        59926      1137.78
      20.703     0.999219        59931      1280.00
      21.071     0.999316        59937      1462.86
      21.279     0.999414        59942      1706.67
      21.503     0.999512        59948      2048.00
      21.743     0.999561        59951      2275.56
      22.047     0.999609        59955      2560.00
      22.335     0.999658        59957      2925.71
      22.623     0.999707        59961      3413.33
      22.815     0.999756        59963      4096.00
      22.943     0.999780        59964      4551.11
      23.151     0.999805        59966      5120.00
      23.215     0.999829        59967      5851.43
      23.391     0.999854        59969      6826.67
      23.471     0.999878        59970      8192.00
      23.663     0.999890        59971      9102.22
      23.679     0.999902        59972     10240.00
      23.679     0.999915        59972     11702.86
      23.695     0.999927        59973     13653.33
      23.807     0.999939        59974     16384.00
      23.807     0.999945        59974     18204.44
      24.047     0.999951        59975     20480.00
      24.047     0.999957        59975     23405.71
      24.047     0.999963        59975     27306.67
      25.823     0.999969        59976     32768.00
      25.823     0.999973        59976     36408.89
      25.823     0.999976        59976     40960.00
      25.823     0.999979        59976     46811.43
      25.823     0.999982        59976     54613.33
      27.023     0.999985        59977     65536.00
      27.023     1.000000        59977          inf
#[Mean    =        2.048, StdDeviation   =        1.860]
#[Max     =       27.008, Total count    =        59977]
#[Buckets =           27, SubBuckets     =         2048]
----------------------------------------------------------
  90009 requests in 30.00s, 133.89MB read
Requests/sec:   3000.37
Transfer/sec:      4.46MB

2026-01-05 01:25:24,117 [INFO] Saving all collected metrics to JSON file: /home/bakhtinartyom1205/projects/harness-evaluation/barista/logs/2026-01-05_01-20-59-bench-e979e0/barista-results.json
2026-01-05 01:25:24,126 [INFO] Writing to csv files
2026-01-05 01:25:24,126 [INFO] Producing final_measurements-barista_latency_results.csv
2026-01-05 01:25:24,130 [INFO] Dumping application outputs to: logs/2026-01-05_01-20-59-bench-e979e0/app-dump.txt
2026-01-05 01:25:24,131 [INFO] Benchmark done
2026-01-05 01:25:24,165 [INFO] ================================================================================
2026-01-05 01:25:24,165 [INFO] Barista report for benchmark 'spring-petclinic'
2026-01-05 01:25:24,165 [INFO] Run command: python3 ./barista.py spring-petclinic --mode native --resource-usage-polling-interval 0.02 --startup-iteration-count 0 --warmup-iteration-count 0
2026-01-05 01:25:24,165 [INFO] Resource usage results:
2026-01-05 01:25:24,165 [INFO] 	Resident Set Size:
2026-01-05 01:25:24,165 [INFO] 		              p100.0               358.76 MB
2026-01-05 01:25:24,165 [INFO] 		               p99.0               355.75 MB
2026-01-05 01:25:24,165 [INFO] 		               p98.0               353.77 MB
2026-01-05 01:25:24,165 [INFO] 		               p97.0               352.75 MB
2026-01-05 01:25:24,165 [INFO] 		               p96.0               350.49 MB
2026-01-05 01:25:24,165 [INFO] 		               p95.0               349.93 MB
2026-01-05 01:25:24,165 [INFO] 		               p90.0               340.15 MB
2026-01-05 01:25:24,165 [INFO] 		               p75.0               315.30 MB
2026-01-05 01:25:24,165 [INFO] 		               p50.0               255.79 MB
2026-01-05 01:25:24,166 [INFO] 		               p25.0               208.33 MB
2026-01-05 01:25:24,166 [INFO] 	Virtual Memory Size:
2026-01-05 01:25:24,166 [INFO] 		              p100.0              2373.66 MB
2026-01-05 01:25:24,166 [INFO] 		               p99.0              2373.16 MB
2026-01-05 01:25:24,166 [INFO] 		               p98.0              2369.66 MB
2026-01-05 01:25:24,166 [INFO] 		               p97.0              2369.66 MB
2026-01-05 01:25:24,166 [INFO] 		               p96.0              2366.66 MB
2026-01-05 01:25:24,166 [INFO] 		               p95.0              2366.16 MB
2026-01-05 01:25:24,166 [INFO] 		               p90.0              2355.66 MB
2026-01-05 01:25:24,166 [INFO] 		               p75.0              2328.66 MB
2026-01-05 01:25:24,166 [INFO] 		               p50.0              2272.66 MB
2026-01-05 01:25:24,166 [INFO] 		               p25.0              2216.66 MB
2026-01-05 01:25:24,166 [INFO] 	System-wide CPU utilization:
2026-01-05 01:25:24,166 [INFO] 		              p100.0               740.34 %
2026-01-05 01:25:24,166 [INFO] 		               p99.0               544.48 %
2026-01-05 01:25:24,166 [INFO] 		               p98.0               396.40 %
2026-01-05 01:25:24,166 [INFO] 		               p97.0               395.76 %
2026-01-05 01:25:24,166 [INFO] 		               p96.0               395.50 %
2026-01-05 01:25:24,166 [INFO] 		               p95.0               394.86 %
2026-01-05 01:25:24,166 [INFO] 		               p90.0               346.82 %
2026-01-05 01:25:24,166 [INFO] 		               p75.0               346.15 %
2026-01-05 01:25:24,166 [INFO] 		               p50.0               297.32 %
2026-01-05 01:25:24,166 [INFO] 		               p25.0               296.61 %
2026-01-05 01:25:24,167 [INFO] Latency results: 
2026-01-05 01:25:24,167 [INFO] Results of final_measurements latency measurement
2026-01-05 01:25:24,167 [INFO] 	Measures for latency iteration 1:
2026-01-05 01:25:24,167 [INFO] 		                rate                 3000 ops/s
2026-01-05 01:25:24,167 [INFO] 		              50.000                 1.75 ms
2026-01-05 01:25:24,167 [INFO] 		              75.000                 2.07 ms
2026-01-05 01:25:24,167 [INFO] 		              90.000                 2.42 ms
2026-01-05 01:25:24,167 [INFO] 		              99.000                13.81 ms
2026-01-05 01:25:24,167 [INFO] 		              99.900                20.24 ms
2026-01-05 01:25:24,167 [INFO] 		              99.990                23.66 ms
2026-01-05 01:25:24,167 [INFO] 		              99.999                25.82 ms
2026-01-05 01:25:24,167 [INFO] 		             100.000                27.02 ms
2026-01-05 01:25:24,167 [INFO] ================================================================================
