2026-01-05 01:28:35,280 [INFO] Running Barista harness with args: ['./barista.py', 'spring-petclinic', '--mode', 'jvm', '--resource-usage-polling-interval', '0.02', '--startup-iteration-count', '0', '--warmup-iteration-count', '0']
2026-01-05 01:28:35,280 [INFO] Java home is pointing to "/opt/graalvm".
2026-01-05 01:28:35,280 [INFO] Getting platform version information with command "/opt/graalvm/bin/java --version"
2026-01-05 01:28:35,341 [INFO] Getting platform version information with command "/opt/graalvm/bin/native-image --version"
2026-01-05 01:28:35,345 [INFO] Version of the available JVM at java home:
openjdk 21.0.1 2023-10-17
OpenJDK Runtime Environment GraalVM CE 21.0.1+12.1 (build 21.0.1+12-jvmci-23.1-b19)
OpenJDK 64-Bit Server VM GraalVM CE 21.0.1+12.1 (build 21.0.1+12-jvmci-23.1-b19, mixed mode, sharing)
native-image 21.0.1 2023-10-17
GraalVM Runtime Environment GraalVM CE 21.0.1+12.1 (build 21.0.1+12-jvmci-23.1-b19)
Substrate VM GraalVM CE 21.0.1+12.1 (build 21.0.1+12, serial gc)

2026-01-05 01:28:35,346 [INFO] Locating the app build artifact with command "/home/bakhtinartyom1205/projects/harness-evaluation/barista/benchmarks/spring-petclinic/build.sh --get-jar"
2026-01-05 01:28:35,346 [INFO] Running the following command in a subprocess:
/home/bakhtinartyom1205/projects/harness-evaluation/barista/benchmarks/spring-petclinic/build.sh --get-jar
2026-01-05 01:28:35,350 [INFO] Dumping the stdout of the subprocess:
application jar file path is: /home/bakhtinartyom1205/projects/harness-evaluation/barista/benchmarks/spring-petclinic/spring-petclinic-sources/target/spring-petclinic-3.0.0-SNAPSHOT.jar

2026-01-05 01:28:35,350 [INFO] Dumping the stderr of the subprocess:
+ '[' 1 -gt 0 ']'
+ '[' --get-jar = --help ']'
+++ dirname /home/bakhtinartyom1205/projects/harness-evaluation/barista/benchmarks/spring-petclinic/build.sh
++ cd -P /home/bakhtinartyom1205/projects/harness-evaluation/barista/benchmarks/spring-petclinic
++ pwd
+ DIR=/home/bakhtinartyom1205/projects/harness-evaluation/barista/benchmarks/spring-petclinic/spring-petclinic-sources
+ VERSION=3.0.0-SNAPSHOT
+ JAR=/home/bakhtinartyom1205/projects/harness-evaluation/barista/benchmarks/spring-petclinic/spring-petclinic-sources/target/spring-petclinic-3.0.0-SNAPSHOT.jar
+ NIB=/home/bakhtinartyom1205/projects/harness-evaluation/barista/benchmarks/spring-petclinic/spring-petclinic-sources/target/spring-petclinic-3.0.0-SNAPSHOT.nib
+ '[' 1 -gt 0 ']'
+ '[' --get-jar = --get-jar ']'
+ echo 'application jar file path is: /home/bakhtinartyom1205/projects/harness-evaluation/barista/benchmarks/spring-petclinic/spring-petclinic-sources/target/spring-petclinic-3.0.0-SNAPSHOT.jar'
+ exit 0

2026-01-05 01:28:35,350 [INFO] Benchmarking of http://127.0.0.1:8006 with JVM mode
Redirecting output to: logs/2026-01-05_01-28-35-bench-302539
	 - Startup: Repeat 0 iterations: recording first 10 requests, timeout after 300 seconds of no response
	 - Warmup: 0 iterations of 15 seconds with 16 threads and 16 connections (lua script: ['/home/bakhtinartyom1205/projects/harness-evaluation/barista/benchmarks/spring-petclinic/workloads/mixed-requests.lua'])
	 - Throughput: 0 iterations of 30 seconds with 16 threads and 16 connections (lua script: ['/home/bakhtinartyom1205/projects/harness-evaluation/barista/benchmarks/spring-petclinic/workloads/mixed-requests.lua'])
	 - Latency: 1 iterations of 30 seconds with 16 threads and 16 connections at [3000] reqs/s (lua script: ['/home/bakhtinartyom1205/projects/harness-evaluation/barista/benchmarks/spring-petclinic/workloads/mixed-requests.lua'])
Total runtime: 0:01:00. Expected finish time 2026-01-05 01:29:35.350743

2026-01-05 01:28:35,350 [INFO] Starting microservice with:
/opt/graalvm/bin/java -jar /home/bakhtinartyom1205/projects/harness-evaluation/barista/benchmarks/spring-petclinic/spring-petclinic-sources/target/spring-petclinic-3.0.0-SNAPSHOT.jar
2026-01-05 01:28:35,351 [INFO] Detected app process (pid=67856) with command-line:
/opt/graalvm/bin/java -jar /home/bakhtinartyom1205/projects/harness-evaluation/barista/benchmarks/spring-petclinic/spring-petclinic-sources/target/spring-petclinic-3.0.0-SNAPSHOT.jar
2026-01-05 01:28:35,351 [INFO] Running startup measurements: sending 10 GET request(s) to http://127.0.0.1:8006/
2026-01-05 01:28:40,763 [INFO] Received response #1 in 5412.51 ms
2026-01-05 01:28:40,770 [INFO] Received response #2 in   6.66 ms
2026-01-05 01:28:40,775 [INFO] Received response #3 in   4.91 ms
2026-01-05 01:28:40,780 [INFO] Received response #4 in   4.87 ms
2026-01-05 01:28:40,785 [INFO] Received response #5 in   5.03 ms
2026-01-05 01:28:40,792 [INFO] Received response #6 in   6.91 ms
2026-01-05 01:28:40,798 [INFO] Received response #7 in   5.30 ms
2026-01-05 01:28:40,803 [INFO] Received response #8 in   5.45 ms
2026-01-05 01:28:40,808 [INFO] Received response #9 in   4.58 ms
2026-01-05 01:28:40,813 [INFO] Received response #10 in   4.60 ms
2026-01-05 01:28:40,813 [INFO] Monitoring memory and CPU usage of process 67856 every 20.0ms
2026-01-05 01:28:40,814 [WARNING] Average throughput was: 0 ops/s. Setting average throughput to 1
2026-01-05 01:28:40,814 [INFO] Average throughput: 1 ops/s
2026-01-05 01:28:40,814 [INFO] Getting fixed rates for latency
2026-01-05 01:28:40,814 [INFO] Now measuring the latency for FIXED mode at 3000 for 1 iterations
2026-01-05 01:28:40,816 [INFO] Running latency iteration 1/1
2026-01-05 01:28:40,818 [INFO] Extracted framework startup time of 4620.0 ms
2026-01-05 01:28:40,820 [INFO] Begining to measure latency
2026-01-05 01:28:40,820 [INFO] Running latency command:
wrk2 -d 30s -R 3000 --latency http://127.0.0.1:8006 -t 16 -c 16 --script /home/bakhtinartyom1205/projects/harness-evaluation/barista/benchmarks/spring-petclinic/workloads/mixed-requests.lua -- 16
2026-01-05 01:29:10,833 [INFO] Finished measuring latency
2026-01-05 01:29:10,836 [INFO] Dumping wrk outputs to file 'logs/2026-01-05_01-28-35-bench-302539/FIXED-3000-latency-1-dump.txt' and to stdout:
Running 30s test @ http://127.0.0.1:8006
  16 threads and 16 connections
  Thread calibration: mean lat.: 2949.000ms, rate sampling interval: 7348ms
  Thread calibration: mean lat.: 2873.718ms, rate sampling interval: 7180ms
  Thread calibration: mean lat.: 2818.152ms, rate sampling interval: 7507ms
  Thread calibration: mean lat.: 2863.027ms, rate sampling interval: 7299ms
  Thread calibration: mean lat.: 2906.229ms, rate sampling interval: 7221ms
  Thread calibration: mean lat.: 2873.313ms, rate sampling interval: 6922ms
  Thread calibration: mean lat.: 2847.470ms, rate sampling interval: 7561ms
  Thread calibration: mean lat.: 2927.068ms, rate sampling interval: 7630ms
  Thread calibration: mean lat.: 2791.827ms, rate sampling interval: 6983ms
  Thread calibration: mean lat.: 2771.365ms, rate sampling interval: 6959ms
  Thread calibration: mean lat.: 2968.805ms, rate sampling interval: 7520ms
  Thread calibration: mean lat.: 2918.058ms, rate sampling interval: 7593ms
  Thread calibration: mean lat.: 3033.412ms, rate sampling interval: 7925ms
  Thread calibration: mean lat.: 2784.775ms, rate sampling interval: 7196ms
  Thread calibration: mean lat.: 2706.906ms, rate sampling interval: 6742ms
  Thread calibration: mean lat.: 2733.418ms, rate sampling interval: 6701ms
  Thread Stats   Avg      Stdev     Max   +/- Stdev
    Latency     3.23s   969.88ms   4.82s    72.89%
    Req/Sec   194.78     19.89   236.00     71.88%
  Latency Distribution (HdrHistogram - Recorded Latency)
 50.000%    3.57s 
 75.000%    3.90s 
 90.000%    4.19s 
 99.000%    4.67s 
 99.900%    4.78s 
 99.990%    4.82s 
 99.999%    4.83s 
100.000%    4.83s 

  Detailed Percentile spectrum:
       Value   Percentile   TotalCount 1/(1-Percentile)

      51.839     0.000000            1         1.00
    1708.031     0.100000         6766         1.11
    2377.727     0.200000        13527         1.25
    2936.831     0.300000        20277         1.43
    3303.423     0.400000        27052         1.67
    3573.759     0.500000        33864         2.00
    3659.775     0.550000        37178         2.22
    3729.407     0.600000        40611         2.50
    3790.847     0.650000        43955         2.86
    3835.903     0.700000        47313         3.33
    3903.487     0.750000        50712         4.00
    3962.879     0.775000        52396         4.44
    4016.127     0.800000        54080         5.00
    4067.327     0.825000        55770         5.71
    4114.431     0.850000        57477         6.67
    4151.295     0.875000        59237         8.00
    4167.679     0.887500        60051         8.89
    4190.207     0.900000        60856        10.00
    4222.975     0.912500        61738        11.43
    4259.839     0.925000        62612        13.33
    4288.511     0.937500        63418        16.00
    4308.991     0.943750        63818        17.78
    4337.663     0.950000        64223        20.00
    4366.335     0.956250        64645        22.86
    4390.911     0.962500        65089        26.67
    4427.775     0.968750        65508        32.00
    4444.159     0.971875        65693        35.56
    4481.023     0.975000        65921        40.00
    4526.079     0.978125        66113        45.71
    4583.423     0.981250        66325        53.33
    4624.383     0.984375        66558        64.00
    4636.671     0.985938        66670        71.11
    4653.055     0.987500        66776        80.00
    4661.247     0.989062        66868        91.43
    4673.535     0.990625        66962       106.67
    4685.823     0.992188        67065       128.00
    4702.207     0.992969        67119       142.22
    4718.591     0.993750        67174       160.00
    4730.879     0.994531        67253       182.86
    4734.975     0.995313        67291       213.33
    4743.167     0.996094        67376       256.00
    4743.167     0.996484        67376       284.44
    4747.263     0.996875        67415       320.00
    4747.263     0.997266        67415       365.71
    4751.359     0.997656        67449       426.67
    4755.455     0.998047        67480       512.00
    4755.455     0.998242        67480       568.89
    4759.551     0.998437        67499       640.00
    4759.551     0.998633        67499       731.43
    4767.743     0.998828        67514       853.33
    4775.935     0.999023        67529      1024.00
    4780.031     0.999121        67539      1137.78
    4780.031     0.999219        67539      1280.00
    4784.127     0.999316        67548      1462.86
    4788.223     0.999414        67554      1706.67
    4792.319     0.999512        67558      2048.00
    4796.415     0.999561        67561      2275.56
    4800.511     0.999609        67564      2560.00
    4808.703     0.999658        67568      2925.71
    4812.799     0.999707        67572      3413.33
    4816.895     0.999756        67581      4096.00
    4816.895     0.999780        67581      4551.11
    4816.895     0.999805        67581      5120.00
    4816.895     0.999829        67581      5851.43
    4816.895     0.999854        67581      6826.67
    4820.991     0.999878        67586      8192.00
    4820.991     0.999890        67586      9102.22
    4820.991     0.999902        67586     10240.00
    4820.991     0.999915        67586     11702.86
    4820.991     0.999927        67586     13653.33
    4820.991     0.999939        67586     16384.00
    4825.087     0.999945        67590     18204.44
    4825.087     1.000000        67590          inf
#[Mean    =     3233.567, StdDeviation   =      969.880]
#[Max     =     4820.992, Total count    =        67590]
#[Buckets =           27, SubBuckets     =         2048]
----------------------------------------------------------
  86636 requests in 29.99s, 129.10MB read
Requests/sec:   2888.81
Transfer/sec:      4.30MB

2026-01-05 01:29:10,837 [INFO] Saving all collected metrics to JSON file: /home/bakhtinartyom1205/projects/harness-evaluation/barista/logs/2026-01-05_01-28-35-bench-302539/barista-results.json
2026-01-05 01:29:10,845 [INFO] Writing to csv files
2026-01-05 01:29:10,845 [INFO] Producing final_measurements-barista_latency_results.csv
2026-01-05 01:29:10,849 [INFO] Dumping application outputs to: logs/2026-01-05_01-28-35-bench-302539/app-dump.txt
2026-01-05 01:29:10,849 [INFO] Benchmark done
2026-01-05 01:29:10,924 [INFO] ================================================================================
2026-01-05 01:29:10,924 [INFO] Barista report for benchmark 'spring-petclinic'
2026-01-05 01:29:10,924 [INFO] Run command: python3 ./barista.py spring-petclinic --mode jvm --resource-usage-polling-interval 0.02 --startup-iteration-count 0 --warmup-iteration-count 0
2026-01-05 01:29:10,924 [INFO] Resource usage results:
2026-01-05 01:29:10,924 [INFO] 	Resident Set Size:
2026-01-05 01:29:10,924 [INFO] 		              p100.0              1154.73 MB
2026-01-05 01:29:10,924 [INFO] 		               p99.0              1154.63 MB
2026-01-05 01:29:10,924 [INFO] 		               p98.0              1154.33 MB
2026-01-05 01:29:10,924 [INFO] 		               p97.0              1154.26 MB
2026-01-05 01:29:10,924 [INFO] 		               p96.0              1154.26 MB
2026-01-05 01:29:10,924 [INFO] 		               p95.0              1154.20 MB
2026-01-05 01:29:10,924 [INFO] 		               p90.0              1153.91 MB
2026-01-05 01:29:10,924 [INFO] 		               p75.0              1152.96 MB
2026-01-05 01:29:10,924 [INFO] 		               p50.0              1151.66 MB
2026-01-05 01:29:10,924 [INFO] 		               p25.0               867.57 MB
2026-01-05 01:29:10,924 [INFO] 	Virtual Memory Size:
2026-01-05 01:29:10,925 [INFO] 		              p100.0             21704.92 MB
2026-01-05 01:29:10,925 [INFO] 		               p99.0             21703.92 MB
2026-01-05 01:29:10,925 [INFO] 		               p98.0             21703.42 MB
2026-01-05 01:29:10,925 [INFO] 		               p97.0             21703.42 MB
2026-01-05 01:29:10,925 [INFO] 		               p96.0             21703.42 MB
2026-01-05 01:29:10,925 [INFO] 		               p95.0             21703.42 MB
2026-01-05 01:29:10,925 [INFO] 		               p90.0             21702.92 MB
2026-01-05 01:29:10,925 [INFO] 		               p75.0             21702.92 MB
2026-01-05 01:29:10,925 [INFO] 		               p50.0             21702.42 MB
2026-01-05 01:29:10,925 [INFO] 		               p25.0             21702.42 MB
2026-01-05 01:29:10,925 [INFO] 	System-wide CPU utilization:
2026-01-05 01:29:10,925 [INFO] 		              p100.0               889.46 %
2026-01-05 01:29:10,925 [INFO] 		               p99.0               839.51 %
2026-01-05 01:29:10,925 [INFO] 		               p98.0               839.11 %
2026-01-05 01:29:10,925 [INFO] 		               p97.0               838.43 %
2026-01-05 01:29:10,925 [INFO] 		               p96.0               812.35 %
2026-01-05 01:29:10,925 [INFO] 		               p95.0               792.51 %
2026-01-05 01:29:10,925 [INFO] 		               p90.0               791.08 %
2026-01-05 01:29:10,925 [INFO] 		               p75.0               789.92 %
2026-01-05 01:29:10,925 [INFO] 		               p50.0               741.39 %
2026-01-05 01:29:10,925 [INFO] 		               p25.0               740.17 %
2026-01-05 01:29:10,925 [INFO] Latency results: 
2026-01-05 01:29:10,925 [INFO] Results of final_measurements latency measurement
2026-01-05 01:29:10,925 [INFO] 	Measures for latency iteration 1:
2026-01-05 01:29:10,925 [INFO] 		                rate                 3000 ops/s
2026-01-05 01:29:10,925 [INFO] 		              50.000              3570.00 ms
2026-01-05 01:29:10,925 [INFO] 		              75.000              3900.00 ms
2026-01-05 01:29:10,925 [INFO] 		              90.000              4190.00 ms
2026-01-05 01:29:10,925 [INFO] 		              99.000              4670.00 ms
2026-01-05 01:29:10,925 [INFO] 		              99.900              4780.00 ms
2026-01-05 01:29:10,925 [INFO] 		              99.990              4820.00 ms
2026-01-05 01:29:10,925 [INFO] 		              99.999              4830.00 ms
2026-01-05 01:29:10,926 [INFO] 		             100.000              4830.00 ms
2026-01-05 01:29:10,926 [INFO] ================================================================================
