Running 30s test @ http://e9a765-container:8001/
  16 threads and 16 connections
  Thread calibration: mean lat.: 1.210ms, rate sampling interval: 10ms
  Thread calibration: mean lat.: 1.174ms, rate sampling interval: 10ms
  Thread calibration: mean lat.: 1.156ms, rate sampling interval: 10ms
  Thread calibration: mean lat.: 1.097ms, rate sampling interval: 10ms
  Thread calibration: mean lat.: 1.142ms, rate sampling interval: 10ms
  Thread calibration: mean lat.: 1.140ms, rate sampling interval: 10ms
  Thread calibration: mean lat.: 1.174ms, rate sampling interval: 10ms
  Thread calibration: mean lat.: 1.199ms, rate sampling interval: 10ms
  Thread calibration: mean lat.: 1.098ms, rate sampling interval: 10ms
  Thread calibration: mean lat.: 1.198ms, rate sampling interval: 10ms
  Thread calibration: mean lat.: 1.105ms, rate sampling interval: 10ms
  Thread calibration: mean lat.: 1.145ms, rate sampling interval: 10ms
  Thread calibration: mean lat.: 1.181ms, rate sampling interval: 10ms
  Thread calibration: mean lat.: 1.158ms, rate sampling interval: 10ms
  Thread calibration: mean lat.: 1.115ms, rate sampling interval: 10ms
  Thread calibration: mean lat.: 1.184ms, rate sampling interval: 10ms
  Thread Stats   Avg      Stdev     Max   +/- Stdev
    Latency     1.27ms  612.68us  20.19ms   91.86%
    Req/Sec    53.34     53.05   222.00     73.40%
  23973 requests in 29.90s, 7.79MB read
Requests/sec:    801.73
Transfer/sec:    266.70KB
