2026-01-05 01:12:04,734 [INFO] Running Barista harness with args: ['./barista.py', 'micronaut-shopcart', '--mode', 'native', '--resource-usage-polling-interval', '0.02', '--startup-iteration-count', '0', '--warmup-iteration-count', '0']
2026-01-05 01:12:04,734 [INFO] Java home is pointing to "/opt/graalvm".
2026-01-05 01:12:04,734 [INFO] Getting platform version information with command "/opt/graalvm/bin/java --version"
2026-01-05 01:12:04,793 [INFO] Getting platform version information with command "/opt/graalvm/bin/native-image --version"
2026-01-05 01:12:04,798 [INFO] Version of the available JVM at java home:
openjdk 21.0.1 2023-10-17
OpenJDK Runtime Environment GraalVM CE 21.0.1+12.1 (build 21.0.1+12-jvmci-23.1-b19)
OpenJDK 64-Bit Server VM GraalVM CE 21.0.1+12.1 (build 21.0.1+12-jvmci-23.1-b19, mixed mode, sharing)
native-image 21.0.1 2023-10-17
GraalVM Runtime Environment GraalVM CE 21.0.1+12.1 (build 21.0.1+12-jvmci-23.1-b19)
Substrate VM GraalVM CE 21.0.1+12.1 (build 21.0.1+12, serial gc)

2026-01-05 01:12:04,798 [INFO] Locating the app build artifact with command "/home/bakhtinartyom1205/projects/harness-evaluation/barista/benchmarks/micronaut-shopcart/build.sh --get-nib"
2026-01-05 01:12:04,798 [INFO] Running the following command in a subprocess:
/home/bakhtinartyom1205/projects/harness-evaluation/barista/benchmarks/micronaut-shopcart/build.sh --get-nib
2026-01-05 01:12:04,802 [INFO] Dumping the stdout of the subprocess:
application nib file path is: /home/bakhtinartyom1205/projects/harness-evaluation/barista/benchmarks/micronaut-shopcart/target/shopcart-0.3.10.nib

2026-01-05 01:12:04,802 [INFO] Dumping the stderr of the subprocess:
+ '[' 1 -gt 0 ']'
+ '[' --get-nib = --help ']'
+++ dirname /home/bakhtinartyom1205/projects/harness-evaluation/barista/benchmarks/micronaut-shopcart/build.sh
++ cd -P /home/bakhtinartyom1205/projects/harness-evaluation/barista/benchmarks/micronaut-shopcart
++ pwd
+ DIR=/home/bakhtinartyom1205/projects/harness-evaluation/barista/benchmarks/micronaut-shopcart
+ VERSION=0.3.10
+ JAR=/home/bakhtinartyom1205/projects/harness-evaluation/barista/benchmarks/micronaut-shopcart/target/shopcart-0.3.10.jar
+ NIB=/home/bakhtinartyom1205/projects/harness-evaluation/barista/benchmarks/micronaut-shopcart/target/shopcart-0.3.10.nib
+ '[' 1 -gt 0 ']'
+ '[' --get-nib = --get-jar ']'
+ '[' 1 -gt 0 ']'
+ '[' --get-nib = --get-nib ']'
+ echo 'application nib file path is: /home/bakhtinartyom1205/projects/harness-evaluation/barista/benchmarks/micronaut-shopcart/target/shopcart-0.3.10.nib'
+ exit 0

2026-01-05 01:12:04,803 [INFO] Deleting previously built native image located at "/home/bakhtinartyom1205/projects/harness-evaluation/barista/benchmarks/micronaut-shopcart/target/shopcart-0.3.10.output/default/micronaut-shopcart"
2026-01-05 01:12:04,816 [INFO] Building native image using command: "/opt/graalvm/bin/native-image --bundle-apply=/home/bakhtinartyom1205/projects/harness-evaluation/barista/benchmarks/micronaut-shopcart/target/shopcart-0.3.10.nib -g -o micronaut-shopcart"
2026-01-05 01:12:04,816 [INFO] Running the following command in a subprocess:
/opt/graalvm/bin/native-image --bundle-apply=/home/bakhtinartyom1205/projects/harness-evaluation/barista/benchmarks/micronaut-shopcart/target/shopcart-0.3.10.nib -g -o micronaut-shopcart
2026-01-05 01:13:55,633 [INFO] Native image "/home/bakhtinartyom1205/projects/harness-evaluation/barista/benchmarks/micronaut-shopcart/target/shopcart-0.3.10.output/default/micronaut-shopcart" was successfully built!
2026-01-05 01:13:55,633 [INFO] Benchmarking of http://127.0.0.1:8001 with NATIVE mode
Redirecting output to: logs/2026-01-05_01-12-04-bench-572ffd
	 - Startup: Repeat 0 iterations: recording first 10 requests, timeout after 60 seconds of no response
	 - Warmup: 0 iterations of 10 seconds with 16 threads and 16 connections (lua script: ['/home/bakhtinartyom1205/projects/harness-evaluation/barista/benchmarks/micronaut-shopcart/workloads/mixed-requests.lua'])
	 - Throughput: 0 iterations of 30 seconds with 16 threads and 16 connections (lua script: ['/home/bakhtinartyom1205/projects/harness-evaluation/barista/benchmarks/micronaut-shopcart/workloads/mixed-requests.lua'])
	 - Latency: 1 iterations of 30 seconds with 16 threads and 16 connections at [800] reqs/s (lua script: ['/home/bakhtinartyom1205/projects/harness-evaluation/barista/benchmarks/micronaut-shopcart/workloads/mixed-requests.lua'])
Total runtime: 0:01:00. Expected finish time 2026-01-05 01:14:55.633884

2026-01-05 01:13:55,634 [INFO] Starting microservice with:
/home/bakhtinartyom1205/projects/harness-evaluation/barista/benchmarks/micronaut-shopcart/target/shopcart-0.3.10.output/default/micronaut-shopcart
2026-01-05 01:13:55,634 [INFO] Detected app process (pid=59108) with command-line:
/home/bakhtinartyom1205/projects/harness-evaluation/barista/benchmarks/micronaut-shopcart/target/shopcart-0.3.10.output/default/micronaut-shopcart
2026-01-05 01:13:55,634 [INFO] Running startup measurements: sending 10 GET request(s) to http://127.0.0.1:8001/
2026-01-05 01:13:55,666 [INFO] Received response #1 in  32.74 ms
2026-01-05 01:13:55,668 [INFO] Received response #2 in   1.58 ms
2026-01-05 01:13:55,669 [INFO] Received response #3 in   1.09 ms
2026-01-05 01:13:55,671 [INFO] Received response #4 in   1.19 ms
2026-01-05 01:13:55,672 [INFO] Received response #5 in   1.03 ms
2026-01-05 01:13:55,673 [INFO] Received response #6 in   1.13 ms
2026-01-05 01:13:55,674 [INFO] Received response #7 in   1.05 ms
2026-01-05 01:13:55,675 [INFO] Received response #8 in   0.94 ms
2026-01-05 01:13:55,676 [INFO] Received response #9 in   0.62 ms
2026-01-05 01:13:55,676 [INFO] Received response #10 in   0.58 ms
2026-01-05 01:13:55,677 [INFO] Monitoring memory and CPU usage of process 59108 every 20.0ms
2026-01-05 01:13:55,678 [WARNING] Average throughput was: 0 ops/s. Setting average throughput to 1
2026-01-05 01:13:55,678 [INFO] Average throughput: 1 ops/s
2026-01-05 01:13:55,678 [INFO] Getting fixed rates for latency
2026-01-05 01:13:55,678 [INFO] Now measuring the latency for FIXED mode at 800 for 1 iterations
2026-01-05 01:13:55,678 [INFO] Running latency iteration 1/1
2026-01-05 01:13:55,679 [INFO] Extracted framework startup time of 17.0 ms
2026-01-05 01:13:55,682 [INFO] Begining to measure latency
2026-01-05 01:13:55,682 [INFO] Running latency command:
wrk2 -d 30s -R 800 --latency http://127.0.0.1:8001 -t 16 -c 16 --script /home/bakhtinartyom1205/projects/harness-evaluation/barista/benchmarks/micronaut-shopcart/workloads/mixed-requests.lua -- 16
2026-01-05 01:14:25,693 [INFO] Finished measuring latency
2026-01-05 01:14:25,694 [INFO] Dumping wrk outputs to file 'logs/2026-01-05_01-12-04-bench-572ffd/FIXED-800-latency-1-dump.txt' and to stdout:
Running 30s test @ http://127.0.0.1:8001
  16 threads and 16 connections
  Thread calibration: mean lat.: 0.878ms, rate sampling interval: 10ms
  Thread calibration: mean lat.: 0.878ms, rate sampling interval: 10ms
  Thread calibration: mean lat.: 0.871ms, rate sampling interval: 10ms
  Thread calibration: mean lat.: 0.872ms, rate sampling interval: 10ms
  Thread calibration: mean lat.: 0.829ms, rate sampling interval: 10ms
  Thread calibration: mean lat.: 0.844ms, rate sampling interval: 10ms
  Thread calibration: mean lat.: 0.839ms, rate sampling interval: 10ms
  Thread calibration: mean lat.: 0.806ms, rate sampling interval: 10ms
  Thread calibration: mean lat.: 0.837ms, rate sampling interval: 10ms
  Thread calibration: mean lat.: 0.827ms, rate sampling interval: 10ms
  Thread calibration: mean lat.: 0.824ms, rate sampling interval: 10ms
  Thread calibration: mean lat.: 0.833ms, rate sampling interval: 10ms
  Thread calibration: mean lat.: 0.810ms, rate sampling interval: 10ms
  Thread calibration: mean lat.: 0.838ms, rate sampling interval: 10ms
  Thread calibration: mean lat.: 0.808ms, rate sampling interval: 10ms
  Thread calibration: mean lat.: 0.826ms, rate sampling interval: 10ms
  Thread Stats   Avg      Stdev     Max   +/- Stdev
    Latency     0.95ms  302.93us   2.13ms   60.44%
    Req/Sec    52.00     51.68   111.00     85.64%
  Latency Distribution (HdrHistogram - Recorded Latency)
 50.000%    0.95ms
 75.000%    1.20ms
 90.000%    1.35ms
 99.000%    1.51ms
 99.900%    1.72ms
 99.990%    2.02ms
 99.999%    2.13ms
100.000%    2.13ms

  Detailed Percentile spectrum:
       Value   Percentile   TotalCount 1/(1-Percentile)

       0.167     0.000000            1         1.00
       0.551     0.100000         1605         1.11
       0.646     0.200000         3200         1.25
       0.737     0.300000         4807         1.43
       0.845     0.400000         6402         1.67
       0.950     0.500000         7999         2.00
       1.004     0.550000         8797         2.22
       1.056     0.600000         9592         2.50
       1.109     0.650000        10398         2.86
       1.157     0.700000        11196         3.33
       1.202     0.750000        12000         4.00
       1.226     0.775000        12391         4.44
       1.251     0.800000        12803         5.00
       1.272     0.825000        13197         5.71
       1.297     0.850000        13590         6.67
       1.324     0.875000        13990         8.00
       1.337     0.887500        14190         8.89
       1.349     0.900000        14399        10.00
       1.363     0.912500        14586        11.43
       1.379     0.925000        14790        13.33
       1.394     0.937500        14992        16.00
       1.402     0.943750        15094        17.78
       1.410     0.950000        15190        20.00
       1.419     0.956250        15289        22.86
       1.428     0.962500        15386        26.67
       1.440     0.968750        15493        32.00
       1.446     0.971875        15536        35.56
       1.454     0.975000        15591        40.00
       1.461     0.978125        15636        45.71
       1.469     0.981250        15687        53.33
       1.481     0.984375        15739        64.00
       1.486     0.985938        15760        71.11
       1.495     0.987500        15785        80.00
       1.502     0.989062        15811        91.43
       1.508     0.990625        15836       106.67
       1.523     0.992188        15860       128.00
       1.529     0.992969        15873       142.22
       1.541     0.993750        15885       160.00
       1.548     0.994531        15898       182.86
       1.563     0.995313        15910       213.33
       1.572     0.996094        15923       256.00
       1.583     0.996484        15928       284.44
       1.604     0.996875        15935       320.00
       1.609     0.997266        15941       365.71
       1.624     0.997656        15947       426.67
       1.651     0.998047        15953       512.00
       1.675     0.998242        15956       568.89
       1.686     0.998437        15960       640.00
       1.694     0.998633        15963       731.43
       1.708     0.998828        15966       853.33
       1.739     0.999023        15969      1024.00
       1.750     0.999121        15970      1137.78
       1.757     0.999219        15972      1280.00
       1.781     0.999316        15974      1462.86
       1.788     0.999414        15975      1706.67
       1.794     0.999512        15977      2048.00
       1.794     0.999561        15977      2275.56
       1.820     0.999609        15978      2560.00
       1.854     0.999658        15979      2925.71
       1.918     0.999707        15980      3413.33
       1.925     0.999756        15981      4096.00
       1.925     0.999780        15981      4551.11
       1.925     0.999805        15981      5120.00
       2.019     0.999829        15982      5851.43
       2.019     0.999854        15982      6826.67
       2.103     0.999878        15983      8192.00
       2.103     0.999890        15983      9102.22
       2.103     0.999902        15983     10240.00
       2.103     0.999915        15983     11702.86
       2.103     0.999927        15983     13653.33
       2.135     0.999939        15984     16384.00
       2.135     1.000000        15984          inf
#[Mean    =        0.948, StdDeviation   =        0.303]
#[Max     =        2.134, Total count    =        15984]
#[Buckets =           27, SubBuckets     =         2048]
----------------------------------------------------------
  24016 requests in 30.00s, 7.17MB read
Requests/sec:    800.49
Transfer/sec:    244.86KB

2026-01-05 01:14:25,695 [INFO] Saving all collected metrics to JSON file: /home/bakhtinartyom1205/projects/harness-evaluation/barista/logs/2026-01-05_01-12-04-bench-572ffd/barista-results.json
2026-01-05 01:14:25,703 [INFO] Writing to csv files
2026-01-05 01:14:25,703 [INFO] Producing final_measurements-barista_latency_results.csv
2026-01-05 01:14:25,707 [INFO] Dumping application outputs to: logs/2026-01-05_01-12-04-bench-572ffd/app-dump.txt
2026-01-05 01:14:25,708 [INFO] Benchmark done
2026-01-05 01:14:25,727 [INFO] ================================================================================
2026-01-05 01:14:25,727 [INFO] Barista report for benchmark 'micronaut-shopcart'
2026-01-05 01:14:25,727 [INFO] Run command: python3 ./barista.py micronaut-shopcart --mode native --resource-usage-polling-interval 0.02 --startup-iteration-count 0 --warmup-iteration-count 0
2026-01-05 01:14:25,727 [INFO] Resource usage results:
2026-01-05 01:14:25,727 [INFO] 	Resident Set Size:
2026-01-05 01:14:25,727 [INFO] 		              p100.0               123.77 MB
2026-01-05 01:14:25,727 [INFO] 		               p99.0               123.77 MB
2026-01-05 01:14:25,727 [INFO] 		               p98.0               123.77 MB
2026-01-05 01:14:25,727 [INFO] 		               p97.0               123.77 MB
2026-01-05 01:14:25,728 [INFO] 		               p96.0               123.77 MB
2026-01-05 01:14:25,728 [INFO] 		               p95.0               123.77 MB
2026-01-05 01:14:25,728 [INFO] 		               p90.0               123.77 MB
2026-01-05 01:14:25,728 [INFO] 		               p75.0               123.77 MB
2026-01-05 01:14:25,728 [INFO] 		               p50.0               123.77 MB
2026-01-05 01:14:25,728 [INFO] 		               p25.0               122.97 MB
2026-01-05 01:14:25,728 [INFO] 	Virtual Memory Size:
2026-01-05 01:14:25,728 [INFO] 		              p100.0              1459.48 MB
2026-01-05 01:14:25,728 [INFO] 		               p99.0              1459.48 MB
2026-01-05 01:14:25,728 [INFO] 		               p98.0              1459.48 MB
2026-01-05 01:14:25,728 [INFO] 		               p97.0              1459.48 MB
2026-01-05 01:14:25,728 [INFO] 		               p96.0              1459.48 MB
2026-01-05 01:14:25,728 [INFO] 		               p95.0              1459.48 MB
2026-01-05 01:14:25,728 [INFO] 		               p90.0              1459.48 MB
2026-01-05 01:14:25,728 [INFO] 		               p75.0              1459.48 MB
2026-01-05 01:14:25,728 [INFO] 		               p50.0              1458.98 MB
2026-01-05 01:14:25,728 [INFO] 		               p25.0              1457.98 MB
2026-01-05 01:14:25,728 [INFO] 	System-wide CPU utilization:
2026-01-05 01:14:25,728 [INFO] 		              p100.0                99.31 %
2026-01-05 01:14:25,728 [INFO] 		               p99.0                49.69 %
2026-01-05 01:14:25,728 [INFO] 		               p98.0                49.68 %
2026-01-05 01:14:25,728 [INFO] 		               p97.0                49.68 %
2026-01-05 01:14:25,728 [INFO] 		               p96.0                49.67 %
2026-01-05 01:14:25,729 [INFO] 		               p95.0                49.66 %
2026-01-05 01:14:25,729 [INFO] 		               p90.0                49.64 %
2026-01-05 01:14:25,729 [INFO] 		               p75.0                49.51 %
2026-01-05 01:14:25,729 [INFO] 		               p50.0                 0.00 %
2026-01-05 01:14:25,729 [INFO] 		               p25.0                 0.00 %
2026-01-05 01:14:25,729 [INFO] Latency results: 
2026-01-05 01:14:25,729 [INFO] Results of final_measurements latency measurement
2026-01-05 01:14:25,729 [INFO] 	Measures for latency iteration 1:
2026-01-05 01:14:25,729 [INFO] 		                rate                  800 ops/s
2026-01-05 01:14:25,729 [INFO] 		              50.000                 0.95 ms
2026-01-05 01:14:25,729 [INFO] 		              75.000                 1.20 ms
2026-01-05 01:14:25,729 [INFO] 		              90.000                 1.35 ms
2026-01-05 01:14:25,729 [INFO] 		              99.000                 1.51 ms
2026-01-05 01:14:25,729 [INFO] 		              99.900                 1.72 ms
2026-01-05 01:14:25,729 [INFO] 		              99.990                 2.02 ms
2026-01-05 01:14:25,729 [INFO] 		              99.999                 2.13 ms
2026-01-05 01:14:25,729 [INFO] 		             100.000                 2.13 ms
2026-01-05 01:14:25,729 [INFO] ================================================================================
