Running 30s test @ http://369d8c-container:8006/owners/new
  16 threads and 16 connections
  Thread calibration: mean lat.: 4635.744ms, rate sampling interval: 16777ms
  Thread calibration: mean lat.: 4479.709ms, rate sampling interval: 16547ms
  Thread calibration: mean lat.: 4534.535ms, rate sampling interval: 16908ms
  Thread calibration: mean lat.: 4610.145ms, rate sampling interval: 16711ms
  Thread calibration: mean lat.: 4622.679ms, rate sampling interval: 17006ms
  Thread calibration: mean lat.: 4640.061ms, rate sampling interval: 17121ms
  Thread calibration: mean lat.: 4760.519ms, rate sampling interval: 16891ms
  Thread calibration: mean lat.: 4669.303ms, rate sampling interval: 16678ms
  Thread calibration: mean lat.: 4624.425ms, rate sampling interval: 16752ms
  Thread calibration: mean lat.: 4553.300ms, rate sampling interval: 16875ms
  Thread calibration: mean lat.: 4645.147ms, rate sampling interval: 16973ms
  Thread calibration: mean lat.: 4715.879ms, rate sampling interval: 16736ms
  Thread calibration: mean lat.: 4739.306ms, rate sampling interval: 17235ms
  Thread calibration: mean lat.: 4610.312ms, rate sampling interval: 16809ms
  Thread calibration: mean lat.: 4818.956ms, rate sampling interval: 16662ms
  Thread calibration: mean lat.: 4704.554ms, rate sampling interval: 17055ms
  Thread Stats   Avg      Stdev     Max   +/- Stdev
    Latency    18.64s     5.37s   28.59s    58.69%
    Req/Sec     8.25      0.43     9.00    100.00%
  4241 requests in 29.94s, 586.85MB read
Requests/sec:    141.65
Transfer/sec:     19.60MB
