2026-01-05 01:18:49,675 [INFO] Running Barista harness with args: ['./barista.py', 'micronaut-shopcart', '--mode', 'jvm', '--resource-usage-polling-interval', '0.02', '--startup-iteration-count', '0', '--warmup-iteration-count', '0']
2026-01-05 01:18:49,675 [INFO] Java home is pointing to "/opt/graalvm".
2026-01-05 01:18:49,675 [INFO] Getting platform version information with command "/opt/graalvm/bin/java --version"
2026-01-05 01:18:49,734 [INFO] Getting platform version information with command "/opt/graalvm/bin/native-image --version"
2026-01-05 01:18:49,740 [INFO] Version of the available JVM at java home:
openjdk 21.0.1 2023-10-17
OpenJDK Runtime Environment GraalVM CE 21.0.1+12.1 (build 21.0.1+12-jvmci-23.1-b19)
OpenJDK 64-Bit Server VM GraalVM CE 21.0.1+12.1 (build 21.0.1+12-jvmci-23.1-b19, mixed mode, sharing)
native-image 21.0.1 2023-10-17
GraalVM Runtime Environment GraalVM CE 21.0.1+12.1 (build 21.0.1+12-jvmci-23.1-b19)
Substrate VM GraalVM CE 21.0.1+12.1 (build 21.0.1+12, serial gc)

2026-01-05 01:18:49,740 [INFO] Locating the app build artifact with command "/home/bakhtinartyom1205/projects/harness-evaluation/barista/benchmarks/micronaut-shopcart/build.sh --get-jar"
2026-01-05 01:18:49,740 [INFO] Running the following command in a subprocess:
/home/bakhtinartyom1205/projects/harness-evaluation/barista/benchmarks/micronaut-shopcart/build.sh --get-jar
2026-01-05 01:18:49,744 [INFO] Dumping the stdout of the subprocess:
application jar file path is: /home/bakhtinartyom1205/projects/harness-evaluation/barista/benchmarks/micronaut-shopcart/target/shopcart-0.3.10.jar

2026-01-05 01:18:49,744 [INFO] Dumping the stderr of the subprocess:
+ '[' 1 -gt 0 ']'
+ '[' --get-jar = --help ']'
+++ dirname /home/bakhtinartyom1205/projects/harness-evaluation/barista/benchmarks/micronaut-shopcart/build.sh
++ cd -P /home/bakhtinartyom1205/projects/harness-evaluation/barista/benchmarks/micronaut-shopcart
++ pwd
+ DIR=/home/bakhtinartyom1205/projects/harness-evaluation/barista/benchmarks/micronaut-shopcart
+ VERSION=0.3.10
+ JAR=/home/bakhtinartyom1205/projects/harness-evaluation/barista/benchmarks/micronaut-shopcart/target/shopcart-0.3.10.jar
+ NIB=/home/bakhtinartyom1205/projects/harness-evaluation/barista/benchmarks/micronaut-shopcart/target/shopcart-0.3.10.nib
+ '[' 1 -gt 0 ']'
+ '[' --get-jar = --get-jar ']'
+ echo 'application jar file path is: /home/bakhtinartyom1205/projects/harness-evaluation/barista/benchmarks/micronaut-shopcart/target/shopcart-0.3.10.jar'
+ exit 0

2026-01-05 01:18:49,745 [INFO] Benchmarking of http://127.0.0.1:8001 with JVM mode
Redirecting output to: logs/2026-01-05_01-18-49-bench-2a3dcb
	 - Startup: Repeat 0 iterations: recording first 10 requests, timeout after 60 seconds of no response
	 - Warmup: 0 iterations of 10 seconds with 16 threads and 16 connections (lua script: ['/home/bakhtinartyom1205/projects/harness-evaluation/barista/benchmarks/micronaut-shopcart/workloads/mixed-requests.lua'])
	 - Throughput: 0 iterations of 30 seconds with 16 threads and 16 connections (lua script: ['/home/bakhtinartyom1205/projects/harness-evaluation/barista/benchmarks/micronaut-shopcart/workloads/mixed-requests.lua'])
	 - Latency: 1 iterations of 30 seconds with 16 threads and 16 connections at [800] reqs/s (lua script: ['/home/bakhtinartyom1205/projects/harness-evaluation/barista/benchmarks/micronaut-shopcart/workloads/mixed-requests.lua'])
Total runtime: 0:01:00. Expected finish time 2026-01-05 01:19:49.745304

2026-01-05 01:18:49,745 [INFO] Starting microservice with:
/opt/graalvm/bin/java -jar /home/bakhtinartyom1205/projects/harness-evaluation/barista/benchmarks/micronaut-shopcart/target/shopcart-0.3.10.jar
2026-01-05 01:18:49,745 [INFO] Detected app process (pid=62191) with command-line:
/opt/graalvm/bin/java -jar /home/bakhtinartyom1205/projects/harness-evaluation/barista/benchmarks/micronaut-shopcart/target/shopcart-0.3.10.jar
2026-01-05 01:18:49,745 [INFO] Running startup measurements: sending 10 GET request(s) to http://127.0.0.1:8001/
2026-01-05 01:18:50,776 [INFO] Received response #1 in 1030.77 ms
2026-01-05 01:18:50,780 [INFO] Received response #2 in   4.03 ms
2026-01-05 01:18:50,784 [INFO] Received response #3 in   3.72 ms
2026-01-05 01:18:50,787 [INFO] Received response #4 in   3.19 ms
2026-01-05 01:18:50,791 [INFO] Received response #5 in   3.18 ms
2026-01-05 01:18:50,794 [INFO] Received response #6 in   3.21 ms
2026-01-05 01:18:50,797 [INFO] Received response #7 in   3.06 ms
2026-01-05 01:18:50,800 [INFO] Received response #8 in   3.01 ms
2026-01-05 01:18:50,803 [INFO] Received response #9 in   2.80 ms
2026-01-05 01:18:50,806 [INFO] Received response #10 in   2.49 ms
2026-01-05 01:18:50,806 [INFO] Monitoring memory and CPU usage of process 62191 every 20.0ms
2026-01-05 01:18:50,806 [WARNING] Average throughput was: 0 ops/s. Setting average throughput to 1
2026-01-05 01:18:50,807 [INFO] Average throughput: 1 ops/s
2026-01-05 01:18:50,807 [INFO] Getting fixed rates for latency
2026-01-05 01:18:50,807 [INFO] Now measuring the latency for FIXED mode at 800 for 1 iterations
2026-01-05 01:18:50,807 [INFO] Running latency iteration 1/1
2026-01-05 01:18:50,809 [INFO] Extracted framework startup time of 591.0 ms
2026-01-05 01:18:50,812 [INFO] Begining to measure latency
2026-01-05 01:18:50,812 [INFO] Running latency command:
wrk2 -d 30s -R 800 --latency http://127.0.0.1:8001 -t 16 -c 16 --script /home/bakhtinartyom1205/projects/harness-evaluation/barista/benchmarks/micronaut-shopcart/workloads/mixed-requests.lua -- 16
2026-01-05 01:19:20,824 [INFO] Finished measuring latency
2026-01-05 01:19:20,826 [INFO] Dumping wrk outputs to file 'logs/2026-01-05_01-18-49-bench-2a3dcb/FIXED-800-latency-1-dump.txt' and to stdout:
Running 30s test @ http://127.0.0.1:8001
  16 threads and 16 connections
  Thread calibration: mean lat.: 1.373ms, rate sampling interval: 10ms
  Thread calibration: mean lat.: 1.347ms, rate sampling interval: 10ms
  Thread calibration: mean lat.: 1.257ms, rate sampling interval: 10ms
  Thread calibration: mean lat.: 1.212ms, rate sampling interval: 10ms
  Thread calibration: mean lat.: 1.204ms, rate sampling interval: 10ms
  Thread calibration: mean lat.: 1.262ms, rate sampling interval: 10ms
  Thread calibration: mean lat.: 1.130ms, rate sampling interval: 10ms
  Thread calibration: mean lat.: 1.219ms, rate sampling interval: 10ms
  Thread calibration: mean lat.: 1.214ms, rate sampling interval: 10ms
  Thread calibration: mean lat.: 1.188ms, rate sampling interval: 10ms
  Thread calibration: mean lat.: 1.190ms, rate sampling interval: 10ms
  Thread calibration: mean lat.: 1.191ms, rate sampling interval: 10ms
  Thread calibration: mean lat.: 1.173ms, rate sampling interval: 10ms
  Thread calibration: mean lat.: 1.218ms, rate sampling interval: 10ms
  Thread calibration: mean lat.: 1.167ms, rate sampling interval: 10ms
  Thread calibration: mean lat.: 1.155ms, rate sampling interval: 10ms
  Thread Stats   Avg      Stdev     Max   +/- Stdev
    Latency     0.86ms  327.34us   8.56ms   64.48%
    Req/Sec    51.67     51.37   111.00     88.41%
  Latency Distribution (HdrHistogram - Recorded Latency)
 50.000%    0.86ms
 75.000%    1.11ms
 90.000%    1.27ms
 99.000%    1.42ms
 99.900%    1.81ms
 99.990%    4.98ms
 99.999%    8.57ms
100.000%    8.57ms

  Detailed Percentile spectrum:
       Value   Percentile   TotalCount 1/(1-Percentile)

       0.127     0.000000            1         1.00
       0.454     0.100000         1604         1.11
       0.552     0.200000         3209         1.25
       0.648     0.300000         4815         1.43
       0.752     0.400000         6399         1.67
       0.855     0.500000         7994         2.00
       0.907     0.550000         8799         2.22
       0.958     0.600000         9597         2.50
       1.015     0.650000        10400         2.86
       1.065     0.700000        11189         3.33
       1.113     0.750000        12002         4.00
       1.138     0.775000        12395         4.44
       1.166     0.800000        12799         5.00
       1.190     0.825000        13192         5.71
       1.215     0.850000        13590         6.67
       1.240     0.875000        13989         8.00
       1.255     0.887500        14194         8.89
       1.269     0.900000        14387        10.00
       1.284     0.912500        14592        11.43
       1.300     0.925000        14793        13.33
       1.318     0.937500        14989        16.00
       1.328     0.943750        15086        17.78
       1.338     0.950000        15188        20.00
       1.348     0.956250        15285        22.86
       1.359     0.962500        15387        26.67
       1.370     0.968750        15489        32.00
       1.376     0.971875        15546        35.56
       1.381     0.975000        15591        40.00
       1.387     0.978125        15643        45.71
       1.393     0.981250        15691        53.33
       1.401     0.984375        15744        64.00
       1.404     0.985938        15762        71.11
       1.409     0.987500        15785        80.00
       1.415     0.989062        15812        91.43
       1.422     0.990625        15839       106.67
       1.433     0.992188        15860       128.00
       1.437     0.992969        15872       142.22
       1.444     0.993750        15885       160.00
       1.452     0.994531        15897       182.86
       1.460     0.995313        15910       213.33
       1.471     0.996094        15922       256.00
       1.477     0.996484        15928       284.44
       1.488     0.996875        15935       320.00
       1.502     0.997266        15942       365.71
       1.531     0.997656        15947       426.67
       1.554     0.998047        15953       512.00
       1.571     0.998242        15956       568.89
       1.602     0.998437        15960       640.00
       1.624     0.998633        15963       731.43
       1.650     0.998828        15966       853.33
       1.859     0.999023        15969      1024.00
       1.878     0.999121        15970      1137.78
       2.109     0.999219        15972      1280.00
       3.373     0.999316        15974      1462.86
       3.683     0.999414        15975      1706.67
       4.171     0.999512        15977      2048.00
       4.171     0.999561        15977      2275.56
       4.235     0.999609        15978      2560.00
       4.239     0.999658        15979      2925.71
       4.367     0.999707        15980      3413.33
       4.655     0.999756        15981      4096.00
       4.655     0.999780        15981      4551.11
       4.655     0.999805        15981      5120.00
       4.983     0.999829        15982      5851.43
       4.983     0.999854        15982      6826.67
       5.147     0.999878        15983      8192.00
       5.147     0.999890        15983      9102.22
       5.147     0.999902        15983     10240.00
       5.147     0.999915        15983     11702.86
       5.147     0.999927        15983     13653.33
       8.567     0.999939        15984     16384.00
       8.567     1.000000        15984          inf
#[Mean    =        0.858, StdDeviation   =        0.327]
#[Max     =        8.560, Total count    =        15984]
#[Buckets =           27, SubBuckets     =         2048]
----------------------------------------------------------
  24016 requests in 30.00s, 7.17MB read
Requests/sec:    800.50
Transfer/sec:    244.80KB

2026-01-05 01:19:20,826 [INFO] Saving all collected metrics to JSON file: /home/bakhtinartyom1205/projects/harness-evaluation/barista/logs/2026-01-05_01-18-49-bench-2a3dcb/barista-results.json
2026-01-05 01:19:20,832 [INFO] Writing to csv files
2026-01-05 01:19:20,833 [INFO] Producing final_measurements-barista_latency_results.csv
2026-01-05 01:19:20,836 [INFO] Dumping application outputs to: logs/2026-01-05_01-18-49-bench-2a3dcb/app-dump.txt
2026-01-05 01:19:20,836 [INFO] Benchmark done
2026-01-05 01:19:20,900 [INFO] ================================================================================
2026-01-05 01:19:20,900 [INFO] Barista report for benchmark 'micronaut-shopcart'
2026-01-05 01:19:20,900 [INFO] Run command: python3 ./barista.py micronaut-shopcart --mode jvm --resource-usage-polling-interval 0.02 --startup-iteration-count 0 --warmup-iteration-count 0
2026-01-05 01:19:20,900 [INFO] Resource usage results:
2026-01-05 01:19:20,900 [INFO] 	Resident Set Size:
2026-01-05 01:19:20,900 [INFO] 		              p100.0               258.32 MB
2026-01-05 01:19:20,900 [INFO] 		               p99.0               258.32 MB
2026-01-05 01:19:20,901 [INFO] 		               p98.0               258.32 MB
2026-01-05 01:19:20,901 [INFO] 		               p97.0               258.32 MB
2026-01-05 01:19:20,901 [INFO] 		               p96.0               258.18 MB
2026-01-05 01:19:20,901 [INFO] 		               p95.0               258.18 MB
2026-01-05 01:19:20,901 [INFO] 		               p90.0               258.18 MB
2026-01-05 01:19:20,901 [INFO] 		               p75.0               251.18 MB
2026-01-05 01:19:20,901 [INFO] 		               p50.0               246.61 MB
2026-01-05 01:19:20,901 [INFO] 		               p25.0               239.39 MB
2026-01-05 01:19:20,901 [INFO] 	Virtual Memory Size:
2026-01-05 01:19:20,901 [INFO] 		              p100.0             20884.73 MB
2026-01-05 01:19:20,901 [INFO] 		               p99.0             20881.73 MB
2026-01-05 01:19:20,901 [INFO] 		               p98.0             20881.23 MB
2026-01-05 01:19:20,901 [INFO] 		               p97.0             20877.23 MB
2026-01-05 01:19:20,901 [INFO] 		               p96.0             20875.73 MB
2026-01-05 01:19:20,901 [INFO] 		               p95.0             20875.73 MB
2026-01-05 01:19:20,901 [INFO] 		               p90.0             20857.73 MB
2026-01-05 01:19:20,902 [INFO] 		               p75.0             20856.73 MB
2026-01-05 01:19:20,902 [INFO] 		               p50.0             20856.73 MB
2026-01-05 01:19:20,902 [INFO] 		               p25.0             20846.23 MB
2026-01-05 01:19:20,902 [INFO] 	System-wide CPU utilization:
2026-01-05 01:19:20,902 [INFO] 		              p100.0               643.52 %
2026-01-05 01:19:20,902 [INFO] 		               p99.0               198.33 %
2026-01-05 01:19:20,902 [INFO] 		               p98.0               197.76 %
2026-01-05 01:19:20,902 [INFO] 		               p97.0               148.78 %
2026-01-05 01:19:20,902 [INFO] 		               p96.0               148.70 %
2026-01-05 01:19:20,902 [INFO] 		               p95.0               148.63 %
2026-01-05 01:19:20,902 [INFO] 		               p90.0                99.26 %
2026-01-05 01:19:20,902 [INFO] 		               p75.0                49.64 %
2026-01-05 01:19:20,902 [INFO] 		               p50.0                 0.00 %
2026-01-05 01:19:20,902 [INFO] 		               p25.0                 0.00 %
2026-01-05 01:19:20,902 [INFO] Latency results: 
2026-01-05 01:19:20,903 [INFO] Results of final_measurements latency measurement
2026-01-05 01:19:20,903 [INFO] 	Measures for latency iteration 1:
2026-01-05 01:19:20,903 [INFO] 		                rate                  800 ops/s
2026-01-05 01:19:20,903 [INFO] 		              50.000                 0.86 ms
2026-01-05 01:19:20,903 [INFO] 		              75.000                 1.11 ms
2026-01-05 01:19:20,903 [INFO] 		              90.000                 1.27 ms
2026-01-05 01:19:20,903 [INFO] 		              99.000                 1.42 ms
2026-01-05 01:19:20,903 [INFO] 		              99.900                 1.81 ms
2026-01-05 01:19:20,903 [INFO] 		              99.990                 4.98 ms
2026-01-05 01:19:20,903 [INFO] 		              99.999                 8.57 ms
2026-01-05 01:19:20,903 [INFO] 		             100.000                 8.57 ms
2026-01-05 01:19:20,903 [INFO] ================================================================================
