Running 30s test @ http://369d8c-container:8006/owners/new
  16 threads and 16 connections
  Thread calibration: mean lat.: 4770.121ms, rate sampling interval: 16941ms
  Thread calibration: mean lat.: 4605.169ms, rate sampling interval: 16908ms
  Thread calibration: mean lat.: 4688.328ms, rate sampling interval: 17481ms
  Thread calibration: mean lat.: 4564.739ms, rate sampling interval: 17301ms
  Thread calibration: mean lat.: 4844.369ms, rate sampling interval: 17186ms
  Thread calibration: mean lat.: 4722.331ms, rate sampling interval: 16908ms
  Thread calibration: mean lat.: 4438.746ms, rate sampling interval: 16252ms
  Thread calibration: mean lat.: 4672.320ms, rate sampling interval: 16891ms
  Thread calibration: mean lat.: 4596.419ms, rate sampling interval: 16580ms
  Thread calibration: mean lat.: 4882.650ms, rate sampling interval: 17498ms
  Thread calibration: mean lat.: 4523.225ms, rate sampling interval: 16687ms
  Thread calibration: mean lat.: 4746.223ms, rate sampling interval: 16973ms
  Thread calibration: mean lat.: 4745.218ms, rate sampling interval: 17072ms
  Thread calibration: mean lat.: 4679.586ms, rate sampling interval: 17055ms
  Thread calibration: mean lat.: 4655.554ms, rate sampling interval: 16670ms
  Thread calibration: mean lat.: 4816.009ms, rate sampling interval: 16244ms
  Thread Stats   Avg      Stdev     Max   +/- Stdev
    Latency    19.49s     5.55s   29.10s    56.47%
    Req/Sec     4.12      0.33     5.00    100.00%
  2318 requests in 29.80s, 177.67MB read
Requests/sec:     77.79
Transfer/sec:      5.96MB
