2026-01-05 01:30:28,432 [INFO] Running Barista harness with args: ['./barista.py', 'spring-petclinic', '--mode', 'jvm', '--resource-usage-polling-interval', '0.02', '--startup-iteration-count', '0', '--warmup-iteration-count', '0']
2026-01-05 01:30:28,432 [INFO] Java home is pointing to "/opt/graalvm".
2026-01-05 01:30:28,432 [INFO] Getting platform version information with command "/opt/graalvm/bin/java --version"
2026-01-05 01:30:28,492 [INFO] Getting platform version information with command "/opt/graalvm/bin/native-image --version"
2026-01-05 01:30:28,498 [INFO] Version of the available JVM at java home:
openjdk 21.0.1 2023-10-17
OpenJDK Runtime Environment GraalVM CE 21.0.1+12.1 (build 21.0.1+12-jvmci-23.1-b19)
OpenJDK 64-Bit Server VM GraalVM CE 21.0.1+12.1 (build 21.0.1+12-jvmci-23.1-b19, mixed mode, sharing)
native-image 21.0.1 2023-10-17
GraalVM Runtime Environment GraalVM CE 21.0.1+12.1 (build 21.0.1+12-jvmci-23.1-b19)
Substrate VM GraalVM CE 21.0.1+12.1 (build 21.0.1+12, serial gc)

2026-01-05 01:30:28,498 [INFO] Locating the app build artifact with command "/home/bakhtinartyom1205/projects/harness-evaluation/barista/benchmarks/spring-petclinic/build.sh --get-jar"
2026-01-05 01:30:28,498 [INFO] Running the following command in a subprocess:
/home/bakhtinartyom1205/projects/harness-evaluation/barista/benchmarks/spring-petclinic/build.sh --get-jar
2026-01-05 01:30:28,502 [INFO] Dumping the stdout of the subprocess:
application jar file path is: /home/bakhtinartyom1205/projects/harness-evaluation/barista/benchmarks/spring-petclinic/spring-petclinic-sources/target/spring-petclinic-3.0.0-SNAPSHOT.jar

2026-01-05 01:30:28,502 [INFO] Dumping the stderr of the subprocess:
+ '[' 1 -gt 0 ']'
+ '[' --get-jar = --help ']'
+++ dirname /home/bakhtinartyom1205/projects/harness-evaluation/barista/benchmarks/spring-petclinic/build.sh
++ cd -P /home/bakhtinartyom1205/projects/harness-evaluation/barista/benchmarks/spring-petclinic
++ pwd
+ DIR=/home/bakhtinartyom1205/projects/harness-evaluation/barista/benchmarks/spring-petclinic/spring-petclinic-sources
+ VERSION=3.0.0-SNAPSHOT
+ JAR=/home/bakhtinartyom1205/projects/harness-evaluation/barista/benchmarks/spring-petclinic/spring-petclinic-sources/target/spring-petclinic-3.0.0-SNAPSHOT.jar
+ NIB=/home/bakhtinartyom1205/projects/harness-evaluation/barista/benchmarks/spring-petclinic/spring-petclinic-sources/target/spring-petclinic-3.0.0-SNAPSHOT.nib
+ '[' 1 -gt 0 ']'
+ '[' --get-jar = --get-jar ']'
+ echo 'application jar file path is: /home/bakhtinartyom1205/projects/harness-evaluation/barista/benchmarks/spring-petclinic/spring-petclinic-sources/target/spring-petclinic-3.0.0-SNAPSHOT.jar'
+ exit 0

2026-01-05 01:30:28,502 [INFO] Benchmarking of http://127.0.0.1:8006 with JVM mode
Redirecting output to: logs/2026-01-05_01-30-28-bench-733414
	 - Startup: Repeat 0 iterations: recording first 10 requests, timeout after 300 seconds of no response
	 - Warmup: 0 iterations of 15 seconds with 16 threads and 16 connections (lua script: ['/home/bakhtinartyom1205/projects/harness-evaluation/barista/benchmarks/spring-petclinic/workloads/mixed-requests.lua'])
	 - Throughput: 0 iterations of 30 seconds with 16 threads and 16 connections (lua script: ['/home/bakhtinartyom1205/projects/harness-evaluation/barista/benchmarks/spring-petclinic/workloads/mixed-requests.lua'])
	 - Latency: 1 iterations of 30 seconds with 16 threads and 16 connections at [3000] reqs/s (lua script: ['/home/bakhtinartyom1205/projects/harness-evaluation/barista/benchmarks/spring-petclinic/workloads/mixed-requests.lua'])
Total runtime: 0:01:00. Expected finish time 2026-01-05 01:31:28.502925

2026-01-05 01:30:28,503 [INFO] Starting microservice with:
/opt/graalvm/bin/java -jar /home/bakhtinartyom1205/projects/harness-evaluation/barista/benchmarks/spring-petclinic/spring-petclinic-sources/target/spring-petclinic-3.0.0-SNAPSHOT.jar
2026-01-05 01:30:28,503 [INFO] Detected app process (pid=68912) with command-line:
/opt/graalvm/bin/java -jar /home/bakhtinartyom1205/projects/harness-evaluation/barista/benchmarks/spring-petclinic/spring-petclinic-sources/target/spring-petclinic-3.0.0-SNAPSHOT.jar
2026-01-05 01:30:28,503 [INFO] Running startup measurements: sending 10 GET request(s) to http://127.0.0.1:8006/
2026-01-05 01:30:33,879 [INFO] Received response #1 in 5376.83 ms
2026-01-05 01:30:33,887 [INFO] Received response #2 in   7.50 ms
2026-01-05 01:30:33,892 [INFO] Received response #3 in   5.08 ms
2026-01-05 01:30:33,898 [INFO] Received response #4 in   5.85 ms
2026-01-05 01:30:33,905 [INFO] Received response #5 in   6.15 ms
2026-01-05 01:30:33,910 [INFO] Received response #6 in   5.29 ms
2026-01-05 01:30:33,914 [INFO] Received response #7 in   4.18 ms
2026-01-05 01:30:33,918 [INFO] Received response #8 in   3.88 ms
2026-01-05 01:30:33,922 [INFO] Received response #9 in   3.76 ms
2026-01-05 01:30:33,927 [INFO] Received response #10 in   4.12 ms
2026-01-05 01:30:33,927 [INFO] Monitoring memory and CPU usage of process 68912 every 20.0ms
2026-01-05 01:30:33,927 [WARNING] Average throughput was: 0 ops/s. Setting average throughput to 1
2026-01-05 01:30:33,928 [INFO] Average throughput: 1 ops/s
2026-01-05 01:30:33,928 [INFO] Getting fixed rates for latency
2026-01-05 01:30:33,928 [INFO] Now measuring the latency for FIXED mode at 3000 for 1 iterations
2026-01-05 01:30:33,928 [INFO] Running latency iteration 1/1
2026-01-05 01:30:33,931 [INFO] Extracted framework startup time of 4569.0 ms
2026-01-05 01:30:33,932 [INFO] Begining to measure latency
2026-01-05 01:30:33,932 [INFO] Running latency command:
wrk2 -d 30s -R 3000 --latency http://127.0.0.1:8006 -t 16 -c 16 --script /home/bakhtinartyom1205/projects/harness-evaluation/barista/benchmarks/spring-petclinic/workloads/mixed-requests.lua -- 16
2026-01-05 01:31:03,946 [INFO] Finished measuring latency
2026-01-05 01:31:03,948 [INFO] Dumping wrk outputs to file 'logs/2026-01-05_01-30-28-bench-733414/FIXED-3000-latency-1-dump.txt' and to stdout:
Running 30s test @ http://127.0.0.1:8006
  16 threads and 16 connections
  Thread calibration: mean lat.: 2817.440ms, rate sampling interval: 8159ms
  Thread calibration: mean lat.: 3001.448ms, rate sampling interval: 8204ms
  Thread calibration: mean lat.: 2627.914ms, rate sampling interval: 6995ms
  Thread calibration: mean lat.: 2745.996ms, rate sampling interval: 7540ms
  Thread calibration: mean lat.: 2723.668ms, rate sampling interval: 7368ms
  Thread calibration: mean lat.: 2785.573ms, rate sampling interval: 7258ms
  Thread calibration: mean lat.: 2755.855ms, rate sampling interval: 7712ms
  Thread calibration: mean lat.: 2680.740ms, rate sampling interval: 7245ms
  Thread calibration: mean lat.: 3099.528ms, rate sampling interval: 8675ms
  Thread calibration: mean lat.: 2777.845ms, rate sampling interval: 7380ms
  Thread calibration: mean lat.: 2883.521ms, rate sampling interval: 7860ms
  Thread calibration: mean lat.: 2722.257ms, rate sampling interval: 7385ms
  Thread calibration: mean lat.: 2625.708ms, rate sampling interval: 7122ms
  Thread calibration: mean lat.: 2788.853ms, rate sampling interval: 7155ms
  Thread calibration: mean lat.: 2708.077ms, rate sampling interval: 7516ms
  Thread calibration: mean lat.: 2814.670ms, rate sampling interval: 7766ms
  Thread Stats   Avg      Stdev     Max   +/- Stdev
    Latency     3.53s   926.09ms   5.24s    71.96%
    Req/Sec   195.91     17.32   227.00     65.62%
  Latency Distribution (HdrHistogram - Recorded Latency)
 50.000%    3.80s 
 75.000%    4.21s 
 90.000%    4.49s 
 99.000%    5.01s 
 99.900%    5.22s 
 99.990%    5.24s 
 99.999%    5.24s 
100.000%    5.24s 

  Detailed Percentile spectrum:
       Value   Percentile   TotalCount 1/(1-Percentile)

       1.751     0.000000            1         1.00
    2166.783     0.100000         6711         1.11
    2791.423     0.200000        13414         1.25
    3246.079     0.300000        20136         1.43
    3514.367     0.400000        26873         1.67
    3796.991     0.500000        33533         2.00
    3901.439     0.550000        36934         2.22
    3983.359     0.600000        40247         2.50
    4063.231     0.650000        43654         2.86
    4139.007     0.700000        46993         3.33
    4206.591     0.750000        50320         4.00
    4235.263     0.775000        51982         4.44
    4263.935     0.800000        53743         5.00
    4304.895     0.825000        55366         5.71
    4362.239     0.850000        57086         6.67
    4415.487     0.875000        58757         8.00
    4460.543     0.887500        59557         8.89
    4493.311     0.900000        60377        10.00
    4534.271     0.912500        61224        11.43
    4575.231     0.925000        62054        13.33
    4607.999     0.937500        62927        16.00
    4620.287     0.943750        63307        17.78
    4640.767     0.950000        63769        20.00
    4665.343     0.956250        64160        22.86
    4689.919     0.962500        64551        26.67
    4710.399     0.968750        64989        32.00
    4722.687     0.971875        65176        35.56
    4743.167     0.975000        65440        40.00
    4755.455     0.978125        65607        45.71
    4775.935     0.981250        65810        53.33
    4808.703     0.984375        66009        64.00
    4833.279     0.985938        66118        71.11
    4874.239     0.987500        66220        80.00
    4947.967     0.989062        66323        91.43
    5029.887     0.990625        66427       106.67
    5099.519     0.992188        66540       128.00
    5115.903     0.992969        66590       142.22
    5136.383     0.993750        66653       160.00
    5152.767     0.994531        66707       182.86
    5156.863     0.995313        66752       213.33
    5160.959     0.996094        66794       256.00
    5165.055     0.996484        66827       284.44
    5169.151     0.996875        66848       320.00
    5177.343     0.997266        66884       365.71
    5181.439     0.997656        66897       426.67
    5193.727     0.998047        66928       512.00
    5201.919     0.998242        66941       568.89
    5210.111     0.998437        66950       640.00
    5218.303     0.998633        66976       731.43
    5218.303     0.998828        66976       853.33
    5222.399     0.999023        67002      1024.00
    5222.399     0.999121        67002      1137.78
    5222.399     0.999219        67002      1280.00
    5226.495     0.999316        67030      1462.86
    5226.495     0.999414        67030      1706.67
    5226.495     0.999512        67030      2048.00
    5226.495     0.999561        67030      2275.56
    5226.495     0.999609        67030      2560.00
    5230.591     0.999658        67040      2925.71
    5230.591     0.999707        67040      3413.33
    5230.591     0.999756        67040      4096.00
    5230.591     0.999780        67040      4551.11
    5234.687     0.999805        67045      5120.00
    5234.687     0.999829        67045      5851.43
    5234.687     0.999854        67045      6826.67
    5238.783     0.999878        67050      8192.00
    5238.783     0.999890        67050      9102.22
    5238.783     0.999902        67050     10240.00
    5238.783     0.999915        67050     11702.86
    5238.783     0.999927        67050     13653.33
    5238.783     0.999939        67050     16384.00
    5242.879     0.999945        67054     18204.44
    5242.879     1.000000        67054          inf
#[Mean    =     3533.591, StdDeviation   =      926.094]
#[Max     =     5238.784, Total count    =        67054]
#[Buckets =           27, SubBuckets     =         2048]
----------------------------------------------------------
  85321 requests in 30.00s, 127.16MB read
Requests/sec:   2844.20
Transfer/sec:      4.24MB

2026-01-05 01:31:03,949 [INFO] Saving all collected metrics to JSON file: /home/bakhtinartyom1205/projects/harness-evaluation/barista/logs/2026-01-05_01-30-28-bench-733414/barista-results.json
2026-01-05 01:31:03,955 [INFO] Writing to csv files
2026-01-05 01:31:03,955 [INFO] Producing final_measurements-barista_latency_results.csv
2026-01-05 01:31:03,959 [INFO] Dumping application outputs to: logs/2026-01-05_01-30-28-bench-733414/app-dump.txt
2026-01-05 01:31:03,959 [INFO] Benchmark done
2026-01-05 01:31:04,073 [INFO] ================================================================================
2026-01-05 01:31:04,073 [INFO] Barista report for benchmark 'spring-petclinic'
2026-01-05 01:31:04,073 [INFO] Run command: python3 ./barista.py spring-petclinic --mode jvm --resource-usage-polling-interval 0.02 --startup-iteration-count 0 --warmup-iteration-count 0
2026-01-05 01:31:04,073 [INFO] Resource usage results:
2026-01-05 01:31:04,073 [INFO] 	Resident Set Size:
2026-01-05 01:31:04,073 [INFO] 		              p100.0              1246.50 MB
2026-01-05 01:31:04,073 [INFO] 		               p99.0              1246.50 MB
2026-01-05 01:31:04,073 [INFO] 		               p98.0              1245.73 MB
2026-01-05 01:31:04,073 [INFO] 		               p97.0              1230.58 MB
2026-01-05 01:31:04,073 [INFO] 		               p96.0              1230.58 MB
2026-01-05 01:31:04,074 [INFO] 		               p95.0              1230.58 MB
2026-01-05 01:31:04,074 [INFO] 		               p90.0              1230.50 MB
2026-01-05 01:31:04,074 [INFO] 		               p75.0              1229.32 MB
2026-01-05 01:31:04,074 [INFO] 		               p50.0              1227.04 MB
2026-01-05 01:31:04,074 [INFO] 		               p25.0               886.07 MB
2026-01-05 01:31:04,074 [INFO] 	Virtual Memory Size:
2026-01-05 01:31:04,074 [INFO] 		              p100.0             21655.41 MB
2026-01-05 01:31:04,074 [INFO] 		               p99.0             21655.41 MB
2026-01-05 01:31:04,074 [INFO] 		               p98.0             21654.85 MB
2026-01-05 01:31:04,074 [INFO] 		               p97.0             21640.91 MB
2026-01-05 01:31:04,074 [INFO] 		               p96.0             21639.41 MB
2026-01-05 01:31:04,074 [INFO] 		               p95.0             21639.41 MB
2026-01-05 01:31:04,074 [INFO] 		               p90.0             21638.41 MB
2026-01-05 01:31:04,074 [INFO] 		               p75.0             21638.41 MB
2026-01-05 01:31:04,074 [INFO] 		               p50.0             21636.91 MB
2026-01-05 01:31:04,074 [INFO] 		               p25.0             21635.41 MB
2026-01-05 01:31:04,074 [INFO] 	System-wide CPU utilization:
2026-01-05 01:31:04,074 [INFO] 		              p100.0               940.98 %
2026-01-05 01:31:04,074 [INFO] 		               p99.0               840.98 %
2026-01-05 01:31:04,074 [INFO] 		               p98.0               840.20 %
2026-01-05 01:31:04,074 [INFO] 		               p97.0               839.73 %
2026-01-05 01:31:04,074 [INFO] 		               p96.0               839.18 %
2026-01-05 01:31:04,075 [INFO] 		               p95.0               837.88 %
2026-01-05 01:31:04,075 [INFO] 		               p90.0               791.74 %
2026-01-05 01:31:04,075 [INFO] 		               p75.0               790.25 %
2026-01-05 01:31:04,075 [INFO] 		               p50.0               742.50 %
2026-01-05 01:31:04,075 [INFO] 		               p25.0               740.47 %
2026-01-05 01:31:04,075 [INFO] Latency results: 
2026-01-05 01:31:04,075 [INFO] Results of final_measurements latency measurement
2026-01-05 01:31:04,075 [INFO] 	Measures for latency iteration 1:
2026-01-05 01:31:04,075 [INFO] 		                rate                 3000 ops/s
2026-01-05 01:31:04,075 [INFO] 		              50.000              3800.00 ms
2026-01-05 01:31:04,075 [INFO] 		              75.000              4210.00 ms
2026-01-05 01:31:04,075 [INFO] 		              90.000              4490.00 ms
2026-01-05 01:31:04,075 [INFO] 		              99.000              5010.00 ms
2026-01-05 01:31:04,075 [INFO] 		              99.900              5220.00 ms
2026-01-05 01:31:04,075 [INFO] 		              99.990              5240.00 ms
2026-01-05 01:31:04,075 [INFO] 		              99.999              5240.00 ms
2026-01-05 01:31:04,075 [INFO] 		             100.000              5240.00 ms
2026-01-05 01:31:04,075 [INFO] ================================================================================
