2026-01-05 03:47:35,513 [INFO] Running Barista harness with args: ['./barista.py', 'spring-petclinic', '--mode', 'jvm', '--resource-usage-polling-interval', '0.02', '--startup-iteration-count', '0', '--warmup-iteration-count', '0']
2026-01-05 03:47:35,513 [INFO] Java home is pointing to "/opt/graalvm".
2026-01-05 03:47:35,513 [INFO] Getting platform version information with command "/opt/graalvm/bin/java --version"
2026-01-05 03:47:35,616 [INFO] Getting platform version information with command "/opt/graalvm/bin/native-image --version"
2026-01-05 03:47:35,624 [INFO] Version of the available JVM at java home:
openjdk 23 2024-09-17
OpenJDK Runtime Environment GraalVM CE 23+37.1 (build 23+37-jvmci-b01)
OpenJDK 64-Bit Server VM GraalVM CE 23+37.1 (build 23+37-jvmci-b01, mixed mode, sharing)
native-image 23 2024-09-17
GraalVM Runtime Environment GraalVM CE 23+37.1 (build 23+37-jvmci-b01)
Substrate VM GraalVM CE 23+37.1 (build 23+37, serial gc)

2026-01-05 03:47:35,624 [INFO] Locating the app build artifact with command "/app/barista/benchmarks/spring-petclinic/build.sh --get-jar"
2026-01-05 03:47:35,624 [INFO] Running the following command in a subprocess:
/app/barista/benchmarks/spring-petclinic/build.sh --get-jar
2026-01-05 03:47:35,632 [INFO] Dumping the stdout of the subprocess:
application jar file path is: /app/barista/benchmarks/spring-petclinic/spring-petclinic-sources/target/spring-petclinic-3.0.0-SNAPSHOT.jar

2026-01-05 03:47:35,632 [INFO] Dumping the stderr of the subprocess:
+ '[' 1 -gt 0 ']'
+ '[' --get-jar = --help ']'
+++ dirname /app/barista/benchmarks/spring-petclinic/build.sh
++ cd -P /app/barista/benchmarks/spring-petclinic
++ pwd
+ DIR=/app/barista/benchmarks/spring-petclinic/spring-petclinic-sources
+ VERSION=3.0.0-SNAPSHOT
+ JAR=/app/barista/benchmarks/spring-petclinic/spring-petclinic-sources/target/spring-petclinic-3.0.0-SNAPSHOT.jar
+ NIB=/app/barista/benchmarks/spring-petclinic/spring-petclinic-sources/target/spring-petclinic-3.0.0-SNAPSHOT.nib
+ '[' 1 -gt 0 ']'
+ '[' --get-jar = --get-jar ']'
+ echo 'application jar file path is: /app/barista/benchmarks/spring-petclinic/spring-petclinic-sources/target/spring-petclinic-3.0.0-SNAPSHOT.jar'
+ exit 0

2026-01-05 03:47:35,633 [INFO] Benchmarking of http://127.0.0.1:8006 with JVM mode
Redirecting output to: logs/2026-01-05_03-47-35-bench-ffb001
	 - Startup: Repeat 0 iterations: recording first 10 requests, timeout after 300 seconds of no response
	 - Warmup: 0 iterations of 15 seconds with 16 threads and 16 connections (lua script: ['/app/barista/benchmarks/spring-petclinic/workloads/mixed-requests.lua'])
	 - Throughput: 0 iterations of 30 seconds with 16 threads and 16 connections (lua script: ['/app/barista/benchmarks/spring-petclinic/workloads/mixed-requests.lua'])
	 - Latency: 1 iterations of 30 seconds with 16 threads and 16 connections at [3000] reqs/s (lua script: ['/app/barista/benchmarks/spring-petclinic/workloads/mixed-requests.lua'])
Total runtime: 0:01:00. Expected finish time 2026-01-05 03:48:35.633014

2026-01-05 03:47:35,633 [INFO] Starting microservice with:
/opt/graalvm/bin/java -jar /app/barista/benchmarks/spring-petclinic/spring-petclinic-sources/target/spring-petclinic-3.0.0-SNAPSHOT.jar
2026-01-05 03:47:35,634 [INFO] Detected app process (pid=660) with command-line:
/opt/graalvm/bin/java -jar /app/barista/benchmarks/spring-petclinic/spring-petclinic-sources/target/spring-petclinic-3.0.0-SNAPSHOT.jar
2026-01-05 03:47:35,634 [INFO] Running startup measurements: sending 10 GET request(s) to http://127.0.0.1:8006/
2026-01-05 03:47:43,889 [INFO] Received response #1 in 8256.33 ms
2026-01-05 03:47:43,901 [INFO] Received response #2 in  11.60 ms
2026-01-05 03:47:43,912 [INFO] Received response #3 in  10.19 ms
2026-01-05 03:47:43,922 [INFO] Received response #4 in  10.51 ms
2026-01-05 03:47:43,934 [INFO] Received response #5 in  11.41 ms
2026-01-05 03:47:43,944 [INFO] Received response #6 in   9.65 ms
2026-01-05 03:47:43,955 [INFO] Received response #7 in  10.73 ms
2026-01-05 03:47:43,965 [INFO] Received response #8 in   9.72 ms
2026-01-05 03:47:43,975 [INFO] Received response #9 in   9.83 ms
2026-01-05 03:47:43,983 [INFO] Received response #10 in   7.71 ms
2026-01-05 03:47:43,985 [INFO] Monitoring memory and CPU usage of process 660 every 20.0ms
2026-01-05 03:47:43,986 [WARNING] Average throughput was: 0 ops/s. Setting average throughput to 1
2026-01-05 03:47:43,988 [INFO] Extracted framework startup time of 7155.0 ms
2026-01-05 03:47:43,988 [INFO] Average throughput: 1 ops/s
2026-01-05 03:47:43,989 [INFO] Getting fixed rates for latency
2026-01-05 03:47:43,989 [INFO] Now measuring the latency for FIXED mode at 3000 for 1 iterations
2026-01-05 03:47:43,989 [INFO] Running latency iteration 1/1
2026-01-05 03:47:43,993 [INFO] Begining to measure latency
2026-01-05 03:47:43,994 [INFO] Running latency command:
wrk2 -d 30s -R 3000 --latency http://127.0.0.1:8006 -t 16 -c 16 --script /app/barista/benchmarks/spring-petclinic/workloads/mixed-requests.lua -- 16
2026-01-05 03:48:14,009 [INFO] Finished measuring latency
2026-01-05 03:48:14,012 [INFO] Dumping wrk outputs to file 'logs/2026-01-05_03-47-35-bench-ffb001/FIXED-3000-latency-1-dump.txt' and to stdout:
Running 30s test @ http://127.0.0.1:8006
  16 threads and 16 connections
  Thread calibration: mean lat.: 4693.145ms, rate sampling interval: 13656ms
  Thread calibration: mean lat.: 4749.786ms, rate sampling interval: 13688ms
  Thread calibration: mean lat.: 4683.948ms, rate sampling interval: 13459ms
  Thread calibration: mean lat.: 4803.294ms, rate sampling interval: 13967ms
  Thread calibration: mean lat.: 4739.666ms, rate sampling interval: 13582ms
  Thread calibration: mean lat.: 4748.931ms, rate sampling interval: 13516ms
  Thread calibration: mean lat.: 4953.021ms, rate sampling interval: 14123ms
  Thread calibration: mean lat.: 4719.987ms, rate sampling interval: 13393ms
  Thread calibration: mean lat.: 4625.833ms, rate sampling interval: 13287ms
  Thread calibration: mean lat.: 4704.426ms, rate sampling interval: 13434ms
  Thread calibration: mean lat.: 4709.009ms, rate sampling interval: 13795ms
  Thread calibration: mean lat.: 4843.418ms, rate sampling interval: 13819ms
  Thread calibration: mean lat.: 4717.799ms, rate sampling interval: 13664ms
  Thread calibration: mean lat.: 4728.548ms, rate sampling interval: 13393ms
  Thread calibration: mean lat.: 4670.704ms, rate sampling interval: 13606ms
  Thread calibration: mean lat.: 4711.133ms, rate sampling interval: 13516ms
  Thread Stats   Avg      Stdev     Max   +/- Stdev
    Latency    12.87s     2.77s   17.19s    58.32%
    Req/Sec    88.56      2.62    94.00     81.25%
  Latency Distribution (HdrHistogram - Recorded Latency)
 50.000%   13.04s 
 75.000%   15.48s 
 90.000%   16.28s 
 99.000%   16.97s 
 99.900%   17.17s 
 99.990%   17.20s 
 99.999%   17.20s 
100.000%   17.20s 

  Detailed Percentile spectrum:
       Value   Percentile   TotalCount 1/(1-Percentile)

    7094.271     0.000000            1         1.00
    8650.751     0.100000         3136         1.11
   10125.311     0.200000         6253         1.25
   11223.039     0.300000         9411         1.43
   12206.079     0.400000        12521         1.67
   13041.663     0.500000        15632         2.00
   13475.839     0.550000        17188         2.22
   14090.239     0.600000        18762         2.50
   14688.255     0.650000        20337         2.86
   15122.431     0.700000        21885         3.33
   15482.879     0.750000        23452         4.00
   15622.143     0.775000        24273         4.44
   15745.023     0.800000        25051         5.00
   15876.095     0.825000        25778         5.71
   16015.359     0.850000        26586         6.67
   16154.623     0.875000        27371         8.00
   16220.159     0.887500        27758         8.89
   16277.503     0.900000        28129        10.00
   16359.423     0.912500        28555        11.43
   16424.959     0.925000        28912        13.33
   16490.495     0.937500        29298        16.00
   16539.647     0.943750        29500        17.78
   16596.991     0.950000        29686        20.00
   16662.527     0.956250        29903        22.86
   16711.679     0.962500        30069        26.67
   16760.831     0.968750        30282        32.00
   16777.215     0.971875        30360        35.56
   16809.983     0.975000        30476        40.00
   16842.751     0.978125        30605        45.71
   16859.135     0.981250        30699        53.33
   16891.903     0.984375        30766        64.00
   16908.287     0.985938        30807        71.11
   16941.055     0.987500        30869        80.00
   16957.439     0.989062        30903        91.43
   16990.207     0.990625        30976       106.67
   17006.591     0.992188        31010       128.00
   17022.975     0.992969        31051       142.22
   17022.975     0.993750        31051       160.00
   17055.743     0.994531        31073       182.86
   17088.511     0.995313        31094       213.33
   17121.279     0.996094        31131       256.00
   17121.279     0.996484        31131       284.44
   17137.663     0.996875        31158       320.00
   17137.663     0.997266        31158       365.71
   17154.047     0.997656        31206       426.67
   17154.047     0.998047        31206       512.00
   17154.047     0.998242        31206       568.89
   17154.047     0.998437        31206       640.00
   17154.047     0.998633        31206       731.43
   17154.047     0.998828        31206       853.33
   17170.431     0.999023        31221      1024.00
   17170.431     0.999121        31221      1137.78
   17170.431     0.999219        31221      1280.00
   17170.431     0.999316        31221      1462.86
   17170.431     0.999414        31221      1706.67
   17186.815     0.999512        31233      2048.00
   17186.815     0.999561        31233      2275.56
   17186.815     0.999609        31233      2560.00
   17186.815     0.999658        31233      2925.71
   17186.815     0.999707        31233      3413.33
   17186.815     0.999756        31233      4096.00
   17186.815     0.999780        31233      4551.11
   17186.815     0.999805        31233      5120.00
   17186.815     0.999829        31233      5851.43
   17203.199     0.999854        31238      6826.67
   17203.199     1.000000        31238          inf
#[Mean    =    12865.991, StdDeviation   =     2774.720]
#[Max     =    17186.816, Total count    =        31238]
#[Buckets =           27, SubBuckets     =         2048]
----------------------------------------------------------
  39485 requests in 30.00s, 58.85MB read
Requests/sec:   1316.31
Transfer/sec:      1.96MB

2026-01-05 03:48:14,013 [INFO] Saving all collected metrics to JSON file: /app/barista/logs/2026-01-05_03-47-35-bench-ffb001/barista-results.json
2026-01-05 03:48:14,022 [INFO] Writing to csv files
2026-01-05 03:48:14,022 [INFO] Producing final_measurements-barista_latency_results.csv
2026-01-05 03:48:14,027 [INFO] Dumping application outputs to: logs/2026-01-05_03-47-35-bench-ffb001/app-dump.txt
2026-01-05 03:48:14,027 [INFO] Benchmark done
2026-01-05 03:48:14,142 [INFO] ================================================================================
2026-01-05 03:48:14,142 [INFO] Barista report for benchmark 'spring-petclinic'
2026-01-05 03:48:14,142 [INFO] Run command: python3 ./barista.py spring-petclinic --mode jvm --resource-usage-polling-interval 0.02 --startup-iteration-count 0 --warmup-iteration-count 0
2026-01-05 03:48:14,142 [INFO] Resource usage results:
2026-01-05 03:48:14,142 [INFO] 	Resident Set Size:
2026-01-05 03:48:14,142 [INFO] 		              p100.0               784.27 MB
2026-01-05 03:48:14,142 [INFO] 		               p99.0               764.98 MB
2026-01-05 03:48:14,142 [INFO] 		               p98.0               764.98 MB
2026-01-05 03:48:14,143 [INFO] 		               p97.0               764.86 MB
2026-01-05 03:48:14,143 [INFO] 		               p96.0               764.86 MB
2026-01-05 03:48:14,143 [INFO] 		               p95.0               764.86 MB
2026-01-05 03:48:14,143 [INFO] 		               p90.0               764.57 MB
2026-01-05 03:48:14,143 [INFO] 		               p75.0               763.85 MB
2026-01-05 03:48:14,143 [INFO] 		               p50.0               762.59 MB
2026-01-05 03:48:14,143 [INFO] 		               p25.0               759.33 MB
2026-01-05 03:48:14,143 [INFO] 	Virtual Memory Size:
2026-01-05 03:48:14,143 [INFO] 		              p100.0             21646.18 MB
2026-01-05 03:48:14,143 [INFO] 		               p99.0             21646.18 MB
2026-01-05 03:48:14,144 [INFO] 		               p98.0             21641.68 MB
2026-01-05 03:48:14,144 [INFO] 		               p97.0             21640.68 MB
2026-01-05 03:48:14,144 [INFO] 		               p96.0             21640.68 MB
2026-01-05 03:48:14,144 [INFO] 		               p95.0             21640.68 MB
2026-01-05 03:48:14,144 [INFO] 		               p90.0             21640.68 MB
2026-01-05 03:48:14,144 [INFO] 		               p75.0             21640.68 MB
2026-01-05 03:48:14,144 [INFO] 		               p50.0             21640.68 MB
2026-01-05 03:48:14,144 [INFO] 		               p25.0             21640.18 MB
2026-01-05 03:48:14,144 [INFO] 	System-wide CPU utilization:
2026-01-05 03:48:14,144 [INFO] 		              p100.0               882.82 %
2026-01-05 03:48:14,144 [INFO] 		               p99.0               832.33 %
2026-01-05 03:48:14,144 [INFO] 		               p98.0               831.32 %
2026-01-05 03:48:14,144 [INFO] 		               p97.0               830.46 %
2026-01-05 03:48:14,145 [INFO] 		               p96.0               829.30 %
2026-01-05 03:48:14,145 [INFO] 		               p95.0               826.80 %
2026-01-05 03:48:14,145 [INFO] 		               p90.0               783.23 %
2026-01-05 03:48:14,145 [INFO] 		               p75.0               780.62 %
2026-01-05 03:48:14,145 [INFO] 		               p50.0               733.01 %
2026-01-05 03:48:14,145 [INFO] 		               p25.0               684.82 %
2026-01-05 03:48:14,145 [INFO] Latency results: 
2026-01-05 03:48:14,145 [INFO] Results of final_measurements latency measurement
2026-01-05 03:48:14,145 [INFO] 	Measures for latency iteration 1:
2026-01-05 03:48:14,145 [INFO] 		                rate                 3000 ops/s
2026-01-05 03:48:14,145 [INFO] 		              50.000             13040.00 ms
2026-01-05 03:48:14,145 [INFO] 		              75.000             15480.00 ms
2026-01-05 03:48:14,146 [INFO] 		              90.000             16280.00 ms
2026-01-05 03:48:14,146 [INFO] 		              99.000             16970.00 ms
2026-01-05 03:48:14,146 [INFO] 		              99.900             17170.00 ms
2026-01-05 03:48:14,146 [INFO] 		              99.990             17200.00 ms
2026-01-05 03:48:14,146 [INFO] 		              99.999             17200.00 ms
2026-01-05 03:48:14,146 [INFO] 		             100.000             17200.00 ms
2026-01-05 03:48:14,146 [INFO] ================================================================================
