Running 30s test @ http://cd1498-container:8006/owners/new
  16 threads and 16 connections
  Thread calibration: mean lat.: 4371.587ms, rate sampling interval: 17154ms
  Thread calibration: mean lat.: 4348.063ms, rate sampling interval: 16506ms
  Thread calibration: mean lat.: 4307.585ms, rate sampling interval: 16547ms
  Thread calibration: mean lat.: 4319.959ms, rate sampling interval: 17006ms
  Thread calibration: mean lat.: 4489.500ms, rate sampling interval: 17448ms
  Thread calibration: mean lat.: 4403.997ms, rate sampling interval: 16572ms
  Thread calibration: mean lat.: 4533.666ms, rate sampling interval: 17186ms
  Thread calibration: mean lat.: 4453.309ms, rate sampling interval: 16908ms
  Thread calibration: mean lat.: 4504.124ms, rate sampling interval: 17072ms
  Thread calibration: mean lat.: 4660.169ms, rate sampling interval: 17039ms
  Thread calibration: mean lat.: 4638.842ms, rate sampling interval: 17137ms
  Thread calibration: mean lat.: 4619.244ms, rate sampling interval: 16859ms
  Thread calibration: mean lat.: 4582.658ms, rate sampling interval: 17481ms
  Thread calibration: mean lat.: 4663.875ms, rate sampling interval: 17317ms
  Thread calibration: mean lat.: 4668.994ms, rate sampling interval: 17383ms
  Thread calibration: mean lat.: 4505.268ms, rate sampling interval: 16465ms
  Thread Stats   Avg      Stdev     Max   +/- Stdev
    Latency    18.41s     5.12s   28.84s    60.50%
    Req/Sec     6.94      0.24     7.00    100.00%
  3353 requests in 29.94s, 367.06MB read
Requests/sec:    111.98
Transfer/sec:     12.26MB
