2026-01-05 03:32:45,671 [INFO] Running Barista harness with args: ['./barista.py', 'micronaut-shopcart', '--mode', 'jvm', '--resource-usage-polling-interval', '0.02', '--startup-iteration-count', '0', '--warmup-iteration-count', '0']
2026-01-05 03:32:45,671 [INFO] Java home is pointing to "/opt/graalvm".
2026-01-05 03:32:45,672 [INFO] Getting platform version information with command "/opt/graalvm/bin/java --version"
2026-01-05 03:32:45,782 [INFO] Getting platform version information with command "/opt/graalvm/bin/native-image --version"
2026-01-05 03:32:45,792 [INFO] Version of the available JVM at java home:
openjdk 23 2024-09-17
OpenJDK Runtime Environment GraalVM CE 23+37.1 (build 23+37-jvmci-b01)
OpenJDK 64-Bit Server VM GraalVM CE 23+37.1 (build 23+37-jvmci-b01, mixed mode, sharing)
native-image 23 2024-09-17
GraalVM Runtime Environment GraalVM CE 23+37.1 (build 23+37-jvmci-b01)
Substrate VM GraalVM CE 23+37.1 (build 23+37, serial gc)

2026-01-05 03:32:45,793 [INFO] Locating the app build artifact with command "/app/barista/benchmarks/micronaut-shopcart/build.sh --get-jar"
2026-01-05 03:32:45,793 [INFO] Running the following command in a subprocess:
/app/barista/benchmarks/micronaut-shopcart/build.sh --get-jar
2026-01-05 03:32:45,802 [INFO] Dumping the stdout of the subprocess:
application jar file path is: /app/barista/benchmarks/micronaut-shopcart/target/shopcart-0.3.10.jar

2026-01-05 03:32:45,802 [INFO] Dumping the stderr of the subprocess:
+ '[' 1 -gt 0 ']'
+ '[' --get-jar = --help ']'
+++ dirname /app/barista/benchmarks/micronaut-shopcart/build.sh
++ cd -P /app/barista/benchmarks/micronaut-shopcart
++ pwd
+ DIR=/app/barista/benchmarks/micronaut-shopcart
+ VERSION=0.3.10
+ JAR=/app/barista/benchmarks/micronaut-shopcart/target/shopcart-0.3.10.jar
+ NIB=/app/barista/benchmarks/micronaut-shopcart/target/shopcart-0.3.10.nib
+ '[' 1 -gt 0 ']'
+ '[' --get-jar = --get-jar ']'
+ echo 'application jar file path is: /app/barista/benchmarks/micronaut-shopcart/target/shopcart-0.3.10.jar'
+ exit 0

2026-01-05 03:32:45,803 [INFO] Benchmarking of http://127.0.0.1:8001 with JVM mode
Redirecting output to: logs/2026-01-05_03-32-45-bench-5ab1ab
	 - Startup: Repeat 0 iterations: recording first 10 requests, timeout after 60 seconds of no response
	 - Warmup: 0 iterations of 10 seconds with 16 threads and 16 connections (lua script: ['/app/barista/benchmarks/micronaut-shopcart/workloads/mixed-requests.lua'])
	 - Throughput: 0 iterations of 30 seconds with 16 threads and 16 connections (lua script: ['/app/barista/benchmarks/micronaut-shopcart/workloads/mixed-requests.lua'])
	 - Latency: 1 iterations of 30 seconds with 16 threads and 16 connections at [800] reqs/s (lua script: ['/app/barista/benchmarks/micronaut-shopcart/workloads/mixed-requests.lua'])
Total runtime: 0:01:00. Expected finish time 2026-01-05 03:33:45.803703

2026-01-05 03:32:45,803 [INFO] Starting microservice with:
/opt/graalvm/bin/java -jar /app/barista/benchmarks/micronaut-shopcart/target/shopcart-0.3.10.jar
2026-01-05 03:32:45,805 [INFO] Detected app process (pid=219) with command-line:
/opt/graalvm/bin/java -jar /app/barista/benchmarks/micronaut-shopcart/target/shopcart-0.3.10.jar
2026-01-05 03:32:45,805 [INFO] Running startup measurements: sending 10 GET request(s) to http://127.0.0.1:8001/
2026-01-05 03:32:47,556 [INFO] Received response #1 in 1752.28 ms
2026-01-05 03:32:47,565 [INFO] Received response #2 in   8.93 ms
2026-01-05 03:32:47,574 [INFO] Received response #3 in   8.78 ms
2026-01-05 03:32:47,583 [INFO] Received response #4 in   8.50 ms
2026-01-05 03:32:47,592 [INFO] Received response #5 in   8.67 ms
2026-01-05 03:32:47,600 [INFO] Received response #6 in   8.16 ms
2026-01-05 03:32:47,609 [INFO] Received response #7 in   8.27 ms
2026-01-05 03:32:47,617 [INFO] Received response #8 in   7.56 ms
2026-01-05 03:32:47,625 [INFO] Received response #9 in   8.46 ms
2026-01-05 03:32:47,632 [INFO] Received response #10 in   5.96 ms
2026-01-05 03:32:47,633 [INFO] Monitoring memory and CPU usage of process 219 every 20.0ms
2026-01-05 03:32:47,635 [INFO] Extracted framework startup time of 952.0 ms
2026-01-05 03:32:47,635 [WARNING] Average throughput was: 0 ops/s. Setting average throughput to 1
2026-01-05 03:32:47,636 [INFO] Average throughput: 1 ops/s
2026-01-05 03:32:47,636 [INFO] Getting fixed rates for latency
2026-01-05 03:32:47,636 [INFO] Now measuring the latency for FIXED mode at 800 for 1 iterations
2026-01-05 03:32:47,636 [INFO] Running latency iteration 1/1
2026-01-05 03:32:47,640 [INFO] Begining to measure latency
2026-01-05 03:32:47,640 [INFO] Running latency command:
wrk2 -d 30s -R 800 --latency http://127.0.0.1:8001 -t 16 -c 16 --script /app/barista/benchmarks/micronaut-shopcart/workloads/mixed-requests.lua -- 16
2026-01-05 03:33:17,658 [INFO] Finished measuring latency
2026-01-05 03:33:17,660 [INFO] Dumping wrk outputs to file 'logs/2026-01-05_03-32-45-bench-5ab1ab/FIXED-800-latency-1-dump.txt' and to stdout:
Running 30s test @ http://127.0.0.1:8001
  16 threads and 16 connections
  Thread calibration: mean lat.: 3.336ms, rate sampling interval: 10ms
  Thread calibration: mean lat.: 3.159ms, rate sampling interval: 10ms
  Thread calibration: mean lat.: 2.974ms, rate sampling interval: 10ms
  Thread calibration: mean lat.: 2.875ms, rate sampling interval: 10ms
  Thread calibration: mean lat.: 2.729ms, rate sampling interval: 10ms
  Thread calibration: mean lat.: 2.606ms, rate sampling interval: 10ms
  Thread calibration: mean lat.: 3.097ms, rate sampling interval: 10ms
  Thread calibration: mean lat.: 2.837ms, rate sampling interval: 10ms
  Thread calibration: mean lat.: 3.168ms, rate sampling interval: 10ms
  Thread calibration: mean lat.: 2.935ms, rate sampling interval: 10ms
  Thread calibration: mean lat.: 3.073ms, rate sampling interval: 10ms
  Thread calibration: mean lat.: 2.942ms, rate sampling interval: 10ms
  Thread calibration: mean lat.: 2.930ms, rate sampling interval: 10ms
  Thread calibration: mean lat.: 3.294ms, rate sampling interval: 10ms
  Thread calibration: mean lat.: 2.887ms, rate sampling interval: 10ms
  Thread calibration: mean lat.: 2.957ms, rate sampling interval: 10ms
  Thread Stats   Avg      Stdev     Max   +/- Stdev
    Latency     1.19ms  396.84us   6.32ms   68.72%
    Req/Sec    53.10     52.65   111.00     76.79%
  Latency Distribution (HdrHistogram - Recorded Latency)
 50.000%    1.20ms
 75.000%    1.47ms
 90.000%    1.68ms
 99.000%    1.99ms
 99.900%    3.80ms
 99.990%    5.99ms
 99.999%    6.33ms
100.000%    6.33ms

  Detailed Percentile spectrum:
       Value   Percentile   TotalCount 1/(1-Percentile)

       0.169     0.000000            1         1.00
       0.692     0.100000         1606         1.11
       0.851     0.200000         3202         1.25
       0.980     0.300000         4801         1.43
       1.090     0.400000         6400         1.67
       1.197     0.500000         8002         2.00
       1.250     0.550000         8798         2.22
       1.303     0.600000         9596         2.50
       1.357     0.650000        10393         2.86
       1.411     0.700000        11194         3.33
       1.468     0.750000        12003         4.00
       1.496     0.775000        12391         4.44
       1.526     0.800000        12804         5.00
       1.552     0.825000        13187         5.71
       1.592     0.850000        13590         6.67
       1.629     0.875000        13990         8.00
       1.652     0.887500        14188         8.89
       1.676     0.900000        14390        10.00
       1.698     0.912500        14590        11.43
       1.725     0.925000        14793        13.33
       1.755     0.937500        14985        16.00
       1.773     0.943750        15087        17.78
       1.791     0.950000        15188        20.00
       1.810     0.956250        15286        22.86
       1.831     0.962500        15388        26.67
       1.855     0.968750        15486        32.00
       1.868     0.971875        15536        35.56
       1.882     0.975000        15586        40.00
       1.898     0.978125        15638        45.71
       1.919     0.981250        15687        53.33
       1.947     0.984375        15736        64.00
       1.959     0.985938        15762        71.11
       1.970     0.987500        15786        80.00
       1.984     0.989062        15813        91.43
       2.003     0.990625        15835       106.67
       2.025     0.992188        15860       128.00
       2.040     0.992969        15872       142.22
       2.059     0.993750        15886       160.00
       2.079     0.994531        15897       182.86
       2.105     0.995313        15911       213.33
       2.137     0.996094        15922       256.00
       2.167     0.996484        15928       284.44
       2.195     0.996875        15935       320.00
       2.213     0.997266        15942       365.71
       2.273     0.997656        15947       426.67
       2.419     0.998047        15953       512.00
       2.549     0.998242        15957       568.89
       2.631     0.998437        15960       640.00
       3.385     0.998633        15963       731.43
       3.485     0.998828        15966       853.33
       4.215     0.999023        15969      1024.00
       4.263     0.999121        15970      1137.78
       4.419     0.999219        15972      1280.00
       4.559     0.999316        15974      1462.86
       4.823     0.999414        15975      1706.67
       5.115     0.999512        15977      2048.00
       5.115     0.999561        15977      2275.56
       5.247     0.999609        15978      2560.00
       5.327     0.999658        15979      2925.71
       5.439     0.999707        15980      3413.33
       5.907     0.999756        15981      4096.00
       5.907     0.999780        15981      4551.11
       5.907     0.999805        15981      5120.00
       5.995     0.999829        15982      5851.43
       5.995     0.999854        15982      6826.67
       6.159     0.999878        15983      8192.00
       6.159     0.999890        15983      9102.22
       6.159     0.999902        15983     10240.00
       6.159     0.999915        15983     11702.86
       6.159     0.999927        15983     13653.33
       6.327     0.999939        15984     16384.00
       6.327     1.000000        15984          inf
#[Mean    =        1.195, StdDeviation   =        0.397]
#[Max     =        6.324, Total count    =        15984]
#[Buckets =           27, SubBuckets     =         2048]
----------------------------------------------------------
  24016 requests in 30.00s, 7.17MB read
Requests/sec:    800.47
Transfer/sec:    244.79KB

2026-01-05 03:33:17,662 [INFO] Saving all collected metrics to JSON file: /app/barista/logs/2026-01-05_03-32-45-bench-5ab1ab/barista-results.json
2026-01-05 03:33:17,671 [INFO] Writing to csv files
2026-01-05 03:33:17,671 [INFO] Producing final_measurements-barista_latency_results.csv
2026-01-05 03:33:17,675 [INFO] Dumping application outputs to: logs/2026-01-05_03-32-45-bench-5ab1ab/app-dump.txt
2026-01-05 03:33:17,675 [INFO] Benchmark done
2026-01-05 03:33:17,740 [INFO] ================================================================================
2026-01-05 03:33:17,740 [INFO] Barista report for benchmark 'micronaut-shopcart'
2026-01-05 03:33:17,740 [INFO] Run command: python3 ./barista.py micronaut-shopcart --mode jvm --resource-usage-polling-interval 0.02 --startup-iteration-count 0 --warmup-iteration-count 0
2026-01-05 03:33:17,740 [INFO] Resource usage results:
2026-01-05 03:33:17,740 [INFO] 	Resident Set Size:
2026-01-05 03:33:17,740 [INFO] 		              p100.0               252.07 MB
2026-01-05 03:33:17,740 [INFO] 		               p99.0               252.07 MB
2026-01-05 03:33:17,740 [INFO] 		               p98.0               252.07 MB
2026-01-05 03:33:17,740 [INFO] 		               p97.0               252.07 MB
2026-01-05 03:33:17,740 [INFO] 		               p96.0               252.07 MB
2026-01-05 03:33:17,740 [INFO] 		               p95.0               251.82 MB
2026-01-05 03:33:17,741 [INFO] 		               p90.0               250.51 MB
2026-01-05 03:33:17,741 [INFO] 		               p75.0               243.53 MB
2026-01-05 03:33:17,741 [INFO] 		               p50.0               240.53 MB
2026-01-05 03:33:17,741 [INFO] 		               p25.0               225.28 MB
2026-01-05 03:33:17,741 [INFO] 	Virtual Memory Size:
2026-01-05 03:33:17,741 [INFO] 		              p100.0             20880.99 MB
2026-01-05 03:33:17,741 [INFO] 		               p99.0             20880.49 MB
2026-01-05 03:33:17,741 [INFO] 		               p98.0             20861.99 MB
2026-01-05 03:33:17,741 [INFO] 		               p97.0             20861.49 MB
2026-01-05 03:33:17,741 [INFO] 		               p96.0             20861.49 MB
2026-01-05 03:33:17,741 [INFO] 		               p95.0             20861.49 MB
2026-01-05 03:33:17,741 [INFO] 		               p90.0             20861.49 MB
2026-01-05 03:33:17,741 [INFO] 		               p75.0             20859.99 MB
2026-01-05 03:33:17,741 [INFO] 		               p50.0             20851.49 MB
2026-01-05 03:33:17,741 [INFO] 		               p25.0             20834.99 MB
2026-01-05 03:33:17,742 [INFO] 	System-wide CPU utilization:
2026-01-05 03:33:17,742 [INFO] 		              p100.0               733.91 %
2026-01-05 03:33:17,742 [INFO] 		               p99.0               392.10 %
2026-01-05 03:33:17,742 [INFO] 		               p98.0               338.20 %
2026-01-05 03:33:17,742 [INFO] 		               p97.0               244.14 %
2026-01-05 03:33:17,742 [INFO] 		               p96.0               196.69 %
2026-01-05 03:33:17,742 [INFO] 		               p95.0               196.26 %
2026-01-05 03:33:17,742 [INFO] 		               p90.0               147.63 %
2026-01-05 03:33:17,742 [INFO] 		               p75.0                98.09 %
2026-01-05 03:33:17,742 [INFO] 		               p50.0                49.02 %
2026-01-05 03:33:17,742 [INFO] 		               p25.0                 0.00 %
2026-01-05 03:33:17,743 [INFO] Latency results: 
2026-01-05 03:33:17,743 [INFO] Results of final_measurements latency measurement
2026-01-05 03:33:17,743 [INFO] 	Measures for latency iteration 1:
2026-01-05 03:33:17,743 [INFO] 		                rate                  800 ops/s
2026-01-05 03:33:17,743 [INFO] 		              50.000                 1.20 ms
2026-01-05 03:33:17,743 [INFO] 		              75.000                 1.47 ms
2026-01-05 03:33:17,743 [INFO] 		              90.000                 1.68 ms
2026-01-05 03:33:17,743 [INFO] 		              99.000                 1.99 ms
2026-01-05 03:33:17,743 [INFO] 		              99.900                 3.80 ms
2026-01-05 03:33:17,743 [INFO] 		              99.990                 5.99 ms
2026-01-05 03:33:17,743 [INFO] 		              99.999                 6.33 ms
2026-01-05 03:33:17,743 [INFO] 		             100.000                 6.33 ms
2026-01-05 03:33:17,743 [INFO] ================================================================================
