2026-01-05 01:45:22,038 [INFO] Running Barista harness with args: ['./barista.py', 'quarkus-tika', '--mode', 'jvm', '--resource-usage-polling-interval', '0.02', '--startup-iteration-count', '0', '--warmup-iteration-count', '0']
2026-01-05 01:45:22,038 [INFO] Java home is pointing to "/opt/graalvm".
2026-01-05 01:45:22,038 [INFO] Getting platform version information with command "/opt/graalvm/bin/java --version"
2026-01-05 01:45:22,097 [INFO] Getting platform version information with command "/opt/graalvm/bin/native-image --version"
2026-01-05 01:45:22,102 [INFO] Version of the available JVM at java home:
openjdk 21.0.1 2023-10-17
OpenJDK Runtime Environment GraalVM CE 21.0.1+12.1 (build 21.0.1+12-jvmci-23.1-b19)
OpenJDK 64-Bit Server VM GraalVM CE 21.0.1+12.1 (build 21.0.1+12-jvmci-23.1-b19, mixed mode, sharing)
native-image 21.0.1 2023-10-17
GraalVM Runtime Environment GraalVM CE 21.0.1+12.1 (build 21.0.1+12-jvmci-23.1-b19)
Substrate VM GraalVM CE 21.0.1+12.1 (build 21.0.1+12, serial gc)

2026-01-05 01:45:22,102 [INFO] Locating the app build artifact with command "/home/bakhtinartyom1205/projects/harness-evaluation/barista/benchmarks/quarkus-tika/build.sh --get-jar"
2026-01-05 01:45:22,102 [INFO] Running the following command in a subprocess:
/home/bakhtinartyom1205/projects/harness-evaluation/barista/benchmarks/quarkus-tika/build.sh --get-jar
2026-01-05 01:45:22,106 [INFO] Dumping the stdout of the subprocess:
application jar file path is: /home/bakhtinartyom1205/projects/harness-evaluation/barista/benchmarks/quarkus-tika/target/tika-quickstart-1.0.11-runner.jar

2026-01-05 01:45:22,106 [INFO] Dumping the stderr of the subprocess:
+ '[' 1 -gt 0 ']'
+ '[' --get-jar = --help ']'
+++ dirname /home/bakhtinartyom1205/projects/harness-evaluation/barista/benchmarks/quarkus-tika/build.sh
++ cd -P /home/bakhtinartyom1205/projects/harness-evaluation/barista/benchmarks/quarkus-tika
++ pwd
+ DIR=/home/bakhtinartyom1205/projects/harness-evaluation/barista/benchmarks/quarkus-tika
+ VERSION=1.0.11
+ JAR=/home/bakhtinartyom1205/projects/harness-evaluation/barista/benchmarks/quarkus-tika/target/tika-quickstart-1.0.11-runner.jar
+ NIB=/home/bakhtinartyom1205/projects/harness-evaluation/barista/benchmarks/quarkus-tika/target/tika-quickstart-1.0.11.nib
+ IMAGE_NAME=tika-quickstart-1.0.11-runner
+ '[' 1 -gt 0 ']'
+ '[' --get-jar = --get-jar ']'
+ echo 'application jar file path is: /home/bakhtinartyom1205/projects/harness-evaluation/barista/benchmarks/quarkus-tika/target/tika-quickstart-1.0.11-runner.jar'
+ exit 0

2026-01-05 01:45:22,107 [INFO] Benchmarking of http://127.0.0.1:8004 with JVM mode
Redirecting output to: logs/2026-01-05_01-45-22-bench-ae2b8d
	 - Startup: Repeat 0 iterations: recording first 10 requests, timeout after 60 seconds of no response
	 - Warmup: 0 iterations of 10 seconds with 16 threads and 16 connections (lua script: ['/home/bakhtinartyom1205/projects/harness-evaluation/barista/benchmarks/quarkus-tika/workloads/mixed-requests.lua'])
	 - Throughput: 0 iterations of 30 seconds with 16 threads and 16 connections (lua script: ['/home/bakhtinartyom1205/projects/harness-evaluation/barista/benchmarks/quarkus-tika/workloads/mixed-requests.lua'])
	 - Latency: 1 iterations of 30 seconds with 16 threads and 16 connections at [1000] reqs/s (lua script: ['/home/bakhtinartyom1205/projects/harness-evaluation/barista/benchmarks/quarkus-tika/workloads/mixed-requests.lua'])
Total runtime: 0:01:00. Expected finish time 2026-01-05 01:46:22.107325

2026-01-05 01:45:22,107 [INFO] Starting microservice with:
/opt/graalvm/bin/java -jar /home/bakhtinartyom1205/projects/harness-evaluation/barista/benchmarks/quarkus-tika/target/tika-quickstart-1.0.11-runner.jar
2026-01-05 01:45:22,107 [INFO] Detected app process (pid=77136) with command-line:
/opt/graalvm/bin/java -jar /home/bakhtinartyom1205/projects/harness-evaluation/barista/benchmarks/quarkus-tika/target/tika-quickstart-1.0.11-runner.jar
2026-01-05 01:45:22,108 [INFO] Running startup measurements: sending 10 GET request(s) to http://127.0.0.1:8004/
2026-01-05 01:45:23,328 [INFO] Received response #1 in 1221.38 ms
2026-01-05 01:45:23,331 [INFO] Received response #2 in   2.91 ms
2026-01-05 01:45:23,335 [INFO] Received response #3 in   3.11 ms
2026-01-05 01:45:23,337 [INFO] Received response #4 in   2.38 ms
2026-01-05 01:45:23,339 [INFO] Received response #5 in   1.73 ms
2026-01-05 01:45:23,341 [INFO] Received response #6 in   2.08 ms
2026-01-05 01:45:23,343 [INFO] Received response #7 in   1.53 ms
2026-01-05 01:45:23,345 [INFO] Received response #8 in   1.78 ms
2026-01-05 01:45:23,346 [INFO] Received response #9 in   1.10 ms
2026-01-05 01:45:23,347 [INFO] Received response #10 in   1.27 ms
2026-01-05 01:45:23,348 [INFO] Monitoring memory and CPU usage of process 77136 every 20.0ms
2026-01-05 01:45:23,350 [WARNING] Average throughput was: 0 ops/s. Setting average throughput to 1
2026-01-05 01:45:23,350 [INFO] Average throughput: 1 ops/s
2026-01-05 01:45:23,350 [INFO] Getting fixed rates for latency
2026-01-05 01:45:23,351 [INFO] Now measuring the latency for FIXED mode at 1000 for 1 iterations
2026-01-05 01:45:23,351 [INFO] Running latency iteration 1/1
2026-01-05 01:45:23,351 [INFO] Extracted framework startup time of 990.0 ms
2026-01-05 01:45:23,354 [INFO] Begining to measure latency
2026-01-05 01:45:23,354 [INFO] Running latency command:
wrk2 -d 30s -R 1000 --latency http://127.0.0.1:8004 -t 16 -c 16 --script /home/bakhtinartyom1205/projects/harness-evaluation/barista/benchmarks/quarkus-tika/workloads/mixed-requests.lua -- 16
2026-01-05 01:45:53,374 [INFO] Finished measuring latency
2026-01-05 01:45:53,376 [INFO] Dumping wrk outputs to file 'logs/2026-01-05_01-45-22-bench-ae2b8d/FIXED-1000-latency-1-dump.txt' and to stdout:
Running 30s test @ http://127.0.0.1:8004
  16 threads and 16 connections
  Thread calibration: mean lat.: 139.721ms, rate sampling interval: 1193ms
  Thread calibration: mean lat.: 171.471ms, rate sampling interval: 1266ms
  Thread calibration: mean lat.: 151.717ms, rate sampling interval: 1273ms
  Thread calibration: mean lat.: 131.833ms, rate sampling interval: 1159ms
  Thread calibration: mean lat.: 180.783ms, rate sampling interval: 1328ms
  Thread calibration: mean lat.: 147.002ms, rate sampling interval: 1195ms
  Thread calibration: mean lat.: 147.100ms, rate sampling interval: 1161ms
  Thread calibration: mean lat.: 144.800ms, rate sampling interval: 1197ms
  Thread calibration: mean lat.: 161.390ms, rate sampling interval: 1288ms
  Thread calibration: mean lat.: 122.321ms, rate sampling interval: 1137ms
  Thread calibration: mean lat.: 139.742ms, rate sampling interval: 1193ms
  Thread calibration: mean lat.: 139.541ms, rate sampling interval: 1242ms
  Thread calibration: mean lat.: 158.955ms, rate sampling interval: 1273ms
  Thread calibration: mean lat.: 152.316ms, rate sampling interval: 1195ms
  Thread calibration: mean lat.: 135.965ms, rate sampling interval: 1153ms
  Thread calibration: mean lat.: 133.881ms, rate sampling interval: 1106ms
  Thread Stats   Avg      Stdev     Max   +/- Stdev
    Latency     3.20ms    3.01ms  35.52ms   95.98%
    Req/Sec    61.96      0.38    63.00    100.00%
  Latency Distribution (HdrHistogram - Recorded Latency)
 50.000%    2.65ms
 75.000%    3.29ms
 90.000%    3.89ms
 99.000%   21.66ms
 99.900%   28.45ms
 99.990%   34.49ms
 99.999%   35.55ms
100.000%   35.55ms

  Detailed Percentile spectrum:
       Value   Percentile   TotalCount 1/(1-Percentile)

       1.089     0.000000            1         1.00
       1.746     0.100000         1997         1.11
       1.991     0.200000         4001         1.25
       2.189     0.300000         6001         1.43
       2.409     0.400000         8005         1.67
       2.649     0.500000         9991         2.00
       2.771     0.550000        10988         2.22
       2.897     0.600000        11989         2.50
       3.027     0.650000        12981         2.86
       3.153     0.700000        13985         3.33
       3.287     0.750000        14987         4.00
       3.363     0.775000        15479         4.44
       3.439     0.800000        15979         5.00
       3.523     0.825000        16475         5.71
       3.621     0.850000        16981         6.67
       3.735     0.875000        17477         8.00
       3.807     0.887500        17723         8.89
       3.893     0.900000        17974        10.00
       4.005     0.912500        18225        11.43
       4.187     0.925000        18473        13.33
       4.447     0.937500        18721        16.00
       4.655     0.943750        18846        17.78
       4.971     0.950000        18971        20.00
       5.651     0.956250        19096        22.86
       6.963     0.962500        19222        26.67
       9.335     0.968750        19345        32.00
      10.463     0.971875        19408        35.56
      11.495     0.975000        19470        40.00
      12.663     0.978125        19533        45.71
      14.687     0.981250        19595        53.33
      18.159     0.984375        19657        64.00
      19.663     0.985938        19689        71.11
      20.559     0.987500        19720        80.00
      21.327     0.989062        19751        91.43
      22.111     0.990625        19782       106.67
      22.831     0.992188        19813       128.00
      23.519     0.992969        19829       142.22
      23.983     0.993750        19845       160.00
      24.383     0.994531        19861       182.86
      24.847     0.995313        19876       213.33
      25.519     0.996094        19891       256.00
      25.743     0.996484        19899       284.44
      26.207     0.996875        19907       320.00
      26.383     0.997266        19916       365.71
      26.623     0.997656        19923       426.67
      26.959     0.998047        19930       512.00
      27.295     0.998242        19934       568.89
      27.679     0.998437        19938       640.00
      28.079     0.998633        19942       731.43
      28.303     0.998828        19946       853.33
      28.447     0.999023        19950      1024.00
      28.783     0.999121        19952      1137.78
      29.023     0.999219        19954      1280.00
      29.311     0.999316        19956      1462.86
      29.359     0.999414        19958      1706.67
      30.047     0.999512        19960      2048.00
      30.895     0.999561        19961      2275.56
      30.927     0.999609        19962      2560.00
      31.503     0.999658        19963      2925.71
      33.247     0.999707        19964      3413.33
      33.695     0.999756        19965      4096.00
      33.695     0.999780        19965      4551.11
      33.919     0.999805        19966      5120.00
      33.919     0.999829        19966      5851.43
      34.495     0.999854        19967      6826.67
      34.495     0.999878        19967      8192.00
      34.495     0.999890        19967      9102.22
      35.487     0.999902        19968     10240.00
      35.487     0.999915        19968     11702.86
      35.487     0.999927        19968     13653.33
      35.487     0.999939        19968     16384.00
      35.487     0.999945        19968     18204.44
      35.551     0.999951        19969     20480.00
      35.551     1.000000        19969          inf
#[Mean    =        3.202, StdDeviation   =        3.009]
#[Max     =       35.520, Total count    =        19969]
#[Buckets =           27, SubBuckets     =         2048]
----------------------------------------------------------
  29990 requests in 30.01s, 2.63MB read
Requests/sec:    999.45
Transfer/sec:     89.79KB

2026-01-05 01:45:53,377 [INFO] Saving all collected metrics to JSON file: /home/bakhtinartyom1205/projects/harness-evaluation/barista/logs/2026-01-05_01-45-22-bench-ae2b8d/barista-results.json
2026-01-05 01:45:53,383 [INFO] Writing to csv files
2026-01-05 01:45:53,384 [INFO] Producing final_measurements-barista_latency_results.csv
2026-01-05 01:45:53,387 [INFO] Dumping application outputs to: logs/2026-01-05_01-45-22-bench-ae2b8d/app-dump.txt
2026-01-05 01:45:53,388 [INFO] Benchmark done
2026-01-05 01:45:53,452 [INFO] ================================================================================
2026-01-05 01:45:53,452 [INFO] Barista report for benchmark 'quarkus-tika'
2026-01-05 01:45:53,452 [INFO] Run command: python3 ./barista.py quarkus-tika --mode jvm --resource-usage-polling-interval 0.02 --startup-iteration-count 0 --warmup-iteration-count 0
2026-01-05 01:45:53,452 [INFO] Resource usage results:
2026-01-05 01:45:53,452 [INFO] 	Resident Set Size:
2026-01-05 01:45:53,452 [INFO] 		              p100.0              3451.02 MB
2026-01-05 01:45:53,452 [INFO] 		               p99.0              3451.02 MB
2026-01-05 01:45:53,452 [INFO] 		               p98.0              3451.02 MB
2026-01-05 01:45:53,452 [INFO] 		               p97.0              3450.96 MB
2026-01-05 01:45:53,452 [INFO] 		               p96.0              3450.90 MB
2026-01-05 01:45:53,452 [INFO] 		               p95.0              3289.82 MB
2026-01-05 01:45:53,452 [INFO] 		               p90.0              3252.86 MB
2026-01-05 01:45:53,452 [INFO] 		               p75.0              3074.59 MB
2026-01-05 01:45:53,452 [INFO] 		               p50.0              2736.95 MB
2026-01-05 01:45:53,452 [INFO] 		               p25.0              2316.54 MB
2026-01-05 01:45:53,453 [INFO] 	Virtual Memory Size:
2026-01-05 01:45:53,453 [INFO] 		              p100.0             21994.04 MB
2026-01-05 01:45:53,453 [INFO] 		               p99.0             21993.54 MB
2026-01-05 01:45:53,453 [INFO] 		               p98.0             21992.04 MB
2026-01-05 01:45:53,453 [INFO] 		               p97.0             21992.04 MB
2026-01-05 01:45:53,453 [INFO] 		               p96.0             21991.54 MB
2026-01-05 01:45:53,453 [INFO] 		               p95.0             21986.54 MB
2026-01-05 01:45:53,453 [INFO] 		               p90.0             21973.54 MB
2026-01-05 01:45:53,453 [INFO] 		               p75.0             21972.54 MB
2026-01-05 01:45:53,453 [INFO] 		               p50.0             21970.54 MB
2026-01-05 01:45:53,453 [INFO] 		               p25.0             21969.54 MB
2026-01-05 01:45:53,453 [INFO] 	System-wide CPU utilization:
2026-01-05 01:45:53,453 [INFO] 		              p100.0               842.89 %
2026-01-05 01:45:53,453 [INFO] 		               p99.0               793.89 %
2026-01-05 01:45:53,453 [INFO] 		               p98.0               791.71 %
2026-01-05 01:45:53,453 [INFO] 		               p97.0               790.39 %
2026-01-05 01:45:53,453 [INFO] 		               p96.0               764.28 %
2026-01-05 01:45:53,453 [INFO] 		               p95.0               742.35 %
2026-01-05 01:45:53,453 [INFO] 		               p90.0               691.83 %
2026-01-05 01:45:53,453 [INFO] 		               p75.0               395.48 %
2026-01-05 01:45:53,453 [INFO] 		               p50.0               296.98 %
2026-01-05 01:45:53,453 [INFO] 		               p25.0               198.45 %
2026-01-05 01:45:53,453 [INFO] Latency results: 
2026-01-05 01:45:53,453 [INFO] Results of final_measurements latency measurement
2026-01-05 01:45:53,454 [INFO] 	Measures for latency iteration 1:
2026-01-05 01:45:53,454 [INFO] 		                rate                 1000 ops/s
2026-01-05 01:45:53,454 [INFO] 		              50.000                 2.65 ms
2026-01-05 01:45:53,454 [INFO] 		              75.000                 3.29 ms
2026-01-05 01:45:53,454 [INFO] 		              90.000                 3.89 ms
2026-01-05 01:45:53,454 [INFO] 		              99.000                21.66 ms
2026-01-05 01:45:53,454 [INFO] 		              99.900                28.45 ms
2026-01-05 01:45:53,454 [INFO] 		              99.990                34.49 ms
2026-01-05 01:45:53,454 [INFO] 		              99.999                35.55 ms
2026-01-05 01:45:53,454 [INFO] 		             100.000                35.55 ms
2026-01-05 01:45:53,454 [INFO] ================================================================================
