2026-01-05 03:45:31,421 [INFO] Running Barista harness with args: ['./barista.py', 'spring-petclinic', '--mode', 'jvm', '--resource-usage-polling-interval', '0.02', '--startup-iteration-count', '0', '--warmup-iteration-count', '0']
2026-01-05 03:45:31,421 [INFO] Java home is pointing to "/opt/graalvm".
2026-01-05 03:45:31,421 [INFO] Getting platform version information with command "/opt/graalvm/bin/java --version"
2026-01-05 03:45:31,524 [INFO] Getting platform version information with command "/opt/graalvm/bin/native-image --version"
2026-01-05 03:45:31,533 [INFO] Version of the available JVM at java home:
openjdk 23 2024-09-17
OpenJDK Runtime Environment GraalVM CE 23+37.1 (build 23+37-jvmci-b01)
OpenJDK 64-Bit Server VM GraalVM CE 23+37.1 (build 23+37-jvmci-b01, mixed mode, sharing)
native-image 23 2024-09-17
GraalVM Runtime Environment GraalVM CE 23+37.1 (build 23+37-jvmci-b01)
Substrate VM GraalVM CE 23+37.1 (build 23+37, serial gc)

2026-01-05 03:45:31,534 [INFO] Locating the app build artifact with command "/app/barista/benchmarks/spring-petclinic/build.sh --get-jar"
2026-01-05 03:45:31,534 [INFO] Running the following command in a subprocess:
/app/barista/benchmarks/spring-petclinic/build.sh --get-jar
2026-01-05 03:45:31,541 [INFO] Dumping the stdout of the subprocess:
application jar file path is: /app/barista/benchmarks/spring-petclinic/spring-petclinic-sources/target/spring-petclinic-3.0.0-SNAPSHOT.jar

2026-01-05 03:45:31,541 [INFO] Dumping the stderr of the subprocess:
+ '[' 1 -gt 0 ']'
+ '[' --get-jar = --help ']'
+++ dirname /app/barista/benchmarks/spring-petclinic/build.sh
++ cd -P /app/barista/benchmarks/spring-petclinic
++ pwd
+ DIR=/app/barista/benchmarks/spring-petclinic/spring-petclinic-sources
+ VERSION=3.0.0-SNAPSHOT
+ JAR=/app/barista/benchmarks/spring-petclinic/spring-petclinic-sources/target/spring-petclinic-3.0.0-SNAPSHOT.jar
+ NIB=/app/barista/benchmarks/spring-petclinic/spring-petclinic-sources/target/spring-petclinic-3.0.0-SNAPSHOT.nib
+ '[' 1 -gt 0 ']'
+ '[' --get-jar = --get-jar ']'
+ echo 'application jar file path is: /app/barista/benchmarks/spring-petclinic/spring-petclinic-sources/target/spring-petclinic-3.0.0-SNAPSHOT.jar'
+ exit 0

2026-01-05 03:45:31,542 [INFO] Benchmarking of http://127.0.0.1:8006 with JVM mode
Redirecting output to: logs/2026-01-05_03-45-31-bench-7463a4
	 - Startup: Repeat 0 iterations: recording first 10 requests, timeout after 300 seconds of no response
	 - Warmup: 0 iterations of 15 seconds with 16 threads and 16 connections (lua script: ['/app/barista/benchmarks/spring-petclinic/workloads/mixed-requests.lua'])
	 - Throughput: 0 iterations of 30 seconds with 16 threads and 16 connections (lua script: ['/app/barista/benchmarks/spring-petclinic/workloads/mixed-requests.lua'])
	 - Latency: 1 iterations of 30 seconds with 16 threads and 16 connections at [3000] reqs/s (lua script: ['/app/barista/benchmarks/spring-petclinic/workloads/mixed-requests.lua'])
Total runtime: 0:01:00. Expected finish time 2026-01-05 03:46:31.542335

2026-01-05 03:45:31,542 [INFO] Starting microservice with:
/opt/graalvm/bin/java -jar /app/barista/benchmarks/spring-petclinic/spring-petclinic-sources/target/spring-petclinic-3.0.0-SNAPSHOT.jar
2026-01-05 03:45:31,543 [INFO] Detected app process (pid=226) with command-line:
/opt/graalvm/bin/java -jar /app/barista/benchmarks/spring-petclinic/spring-petclinic-sources/target/spring-petclinic-3.0.0-SNAPSHOT.jar
2026-01-05 03:45:31,544 [INFO] Running startup measurements: sending 10 GET request(s) to http://127.0.0.1:8006/
2026-01-05 03:45:40,744 [INFO] Received response #1 in 9202.00 ms
2026-01-05 03:45:40,757 [INFO] Received response #2 in  12.18 ms
2026-01-05 03:45:40,767 [INFO] Received response #3 in   9.82 ms
2026-01-05 03:45:40,777 [INFO] Received response #4 in  10.18 ms
2026-01-05 03:45:40,787 [INFO] Received response #5 in   9.55 ms
2026-01-05 03:45:40,798 [INFO] Received response #6 in  10.92 ms
2026-01-05 03:45:40,809 [INFO] Received response #7 in  10.63 ms
2026-01-05 03:45:40,818 [INFO] Received response #8 in   8.75 ms
2026-01-05 03:45:40,828 [INFO] Received response #9 in   9.41 ms
2026-01-05 03:45:40,837 [INFO] Received response #10 in   8.30 ms
2026-01-05 03:45:40,838 [INFO] Monitoring memory and CPU usage of process 226 every 20.0ms
2026-01-05 03:45:40,839 [WARNING] Average throughput was: 0 ops/s. Setting average throughput to 1
2026-01-05 03:45:40,841 [INFO] Extracted framework startup time of 8098.000000000001 ms
2026-01-05 03:45:40,841 [INFO] Average throughput: 1 ops/s
2026-01-05 03:45:40,841 [INFO] Getting fixed rates for latency
2026-01-05 03:45:40,841 [INFO] Now measuring the latency for FIXED mode at 3000 for 1 iterations
2026-01-05 03:45:40,842 [INFO] Running latency iteration 1/1
2026-01-05 03:45:40,845 [INFO] Begining to measure latency
2026-01-05 03:45:40,845 [INFO] Running latency command:
wrk2 -d 30s -R 3000 --latency http://127.0.0.1:8006 -t 16 -c 16 --script /app/barista/benchmarks/spring-petclinic/workloads/mixed-requests.lua -- 16
2026-01-05 03:46:10,868 [INFO] Finished measuring latency
2026-01-05 03:46:10,882 [INFO] Dumping wrk outputs to file 'logs/2026-01-05_03-45-31-bench-7463a4/FIXED-3000-latency-1-dump.txt' and to stdout:
Running 30s test @ http://127.0.0.1:8006
  16 threads and 16 connections
  Thread calibration: mean lat.: 4589.472ms, rate sampling interval: 13418ms
  Thread calibration: mean lat.: 4535.342ms, rate sampling interval: 13508ms
  Thread calibration: mean lat.: 4621.111ms, rate sampling interval: 13271ms
  Thread calibration: mean lat.: 4601.113ms, rate sampling interval: 13770ms
  Thread calibration: mean lat.: 4709.242ms, rate sampling interval: 13991ms
  Thread calibration: mean lat.: 4697.675ms, rate sampling interval: 13975ms
  Thread calibration: mean lat.: 4634.913ms, rate sampling interval: 13672ms
  Thread calibration: mean lat.: 4546.857ms, rate sampling interval: 13721ms
  Thread calibration: mean lat.: 4683.064ms, rate sampling interval: 13901ms
  Thread calibration: mean lat.: 4641.292ms, rate sampling interval: 13975ms
  Thread calibration: mean lat.: 4598.828ms, rate sampling interval: 13688ms
  Thread calibration: mean lat.: 4505.323ms, rate sampling interval: 13615ms
  Thread calibration: mean lat.: 4642.109ms, rate sampling interval: 13983ms
  Thread calibration: mean lat.: 4474.459ms, rate sampling interval: 13148ms
  Thread calibration: mean lat.: 4728.952ms, rate sampling interval: 13778ms
  Thread calibration: mean lat.: 4459.265ms, rate sampling interval: 13811ms
  Thread Stats   Avg      Stdev     Max   +/- Stdev
    Latency    12.94s     3.01s   18.24s    59.30%
    Req/Sec    85.00      2.18    89.00     81.25%
  Latency Distribution (HdrHistogram - Recorded Latency)
 50.000%   13.12s 
 75.000%   15.56s 
 90.000%   16.94s 
 99.000%   17.79s 
 99.900%   18.15s 
 99.990%   18.25s 
 99.999%   18.25s 
100.000%   18.25s 

  Detailed Percentile spectrum:
       Value   Percentile   TotalCount 1/(1-Percentile)

    7094.271     0.000000            1         1.00
    8617.983     0.100000         2861         1.11
    9936.895     0.200000         5728         1.25
   11026.431     0.300000         8578         1.43
   12009.471     0.400000        11442         1.67
   13123.583     0.500000        14293         2.00
   13615.103     0.550000        15723         2.22
   14098.431     0.600000        17159         2.50
   14630.911     0.650000        18592         2.86
   15122.431     0.700000        20036         3.33
   15556.607     0.750000        21466         4.00
   15785.983     0.775000        22172         4.44
   16039.935     0.800000        22873         5.00
   16277.503     0.825000        23589         5.71
   16515.071     0.850000        24308         6.67
   16719.871     0.875000        25016         8.00
   16826.367     0.887500        25389         8.89
   16941.055     0.900000        25731        10.00
   17055.743     0.912500        26165        11.43
   17137.663     0.925000        26475        13.33
   17235.967     0.937500        26829        16.00
   17317.887     0.943750        27001        17.78
   17383.423     0.950000        27173        20.00
   17448.959     0.956250        27375        22.86
   17498.111     0.962500        27519        26.67
   17596.415     0.968750        27713        32.00
   17629.183     0.971875        27819        35.56
   17645.567     0.975000        27871        40.00
   17678.335     0.978125        27965        45.71
   17711.103     0.981250        28063        53.33
   17743.871     0.984375        28155        64.00
   17760.255     0.985938        28209        71.11
   17776.639     0.987500        28277        80.00
   17776.639     0.989062        28277        91.43
   17825.791     0.990625        28335       106.67
   17842.175     0.992188        28375       128.00
   17858.559     0.992969        28402       142.22
   17874.943     0.993750        28436       160.00
   17874.943     0.994531        28436       182.86
   17907.711     0.995313        28453       213.33
   17956.863     0.996094        28475       256.00
   17973.247     0.996484        28489       284.44
   17989.631     0.996875        28497       320.00
   18022.399     0.997266        28511       365.71
   18055.167     0.997656        28520       426.67
   18087.935     0.998047        28532       512.00
   18104.319     0.998242        28543       568.89
   18104.319     0.998437        28543       640.00
   18120.703     0.998633        28548       731.43
   18137.087     0.998828        28553       853.33
   18153.471     0.999023        28560      1024.00
   18153.471     0.999121        28560      1137.78
   18169.855     0.999219        28564      1280.00
   18202.623     0.999316        28566      1462.86
   18219.007     0.999414        28574      1706.67
   18219.007     0.999512        28574      2048.00
   18219.007     0.999561        28574      2275.56
   18219.007     0.999609        28574      2560.00
   18251.775     0.999658        28585      2925.71
   18251.775     1.000000        28585          inf
#[Mean    =    12943.143, StdDeviation   =     3010.424]
#[Max     =    18235.392, Total count    =        28585]
#[Buckets =           27, SubBuckets     =         2048]
----------------------------------------------------------
  36845 requests in 30.00s, 54.92MB read
Requests/sec:   1228.32
Transfer/sec:      1.83MB

2026-01-05 03:46:10,888 [INFO] Saving all collected metrics to JSON file: /app/barista/logs/2026-01-05_03-45-31-bench-7463a4/barista-results.json
2026-01-05 03:46:10,906 [INFO] Writing to csv files
2026-01-05 03:46:10,906 [INFO] Producing final_measurements-barista_latency_results.csv
2026-01-05 03:46:10,914 [INFO] Dumping application outputs to: logs/2026-01-05_03-45-31-bench-7463a4/app-dump.txt
2026-01-05 03:46:10,915 [INFO] Benchmark done
2026-01-05 03:46:11,080 [INFO] ================================================================================
2026-01-05 03:46:11,080 [INFO] Barista report for benchmark 'spring-petclinic'
2026-01-05 03:46:11,080 [INFO] Run command: python3 ./barista.py spring-petclinic --mode jvm --resource-usage-polling-interval 0.02 --startup-iteration-count 0 --warmup-iteration-count 0
2026-01-05 03:46:11,080 [INFO] Resource usage results:
2026-01-05 03:46:11,080 [INFO] 	Resident Set Size:
2026-01-05 03:46:11,080 [INFO] 		              p100.0               764.46 MB
2026-01-05 03:46:11,080 [INFO] 		               p99.0               764.21 MB
2026-01-05 03:46:11,080 [INFO] 		               p98.0               764.21 MB
2026-01-05 03:46:11,080 [INFO] 		               p97.0               764.21 MB
2026-01-05 03:46:11,080 [INFO] 		               p96.0               764.10 MB
2026-01-05 03:46:11,080 [INFO] 		               p95.0               764.10 MB
2026-01-05 03:46:11,080 [INFO] 		               p90.0               763.98 MB
2026-01-05 03:46:11,080 [INFO] 		               p75.0               763.18 MB
2026-01-05 03:46:11,080 [INFO] 		               p50.0               761.93 MB
2026-01-05 03:46:11,081 [INFO] 		               p25.0               760.29 MB
2026-01-05 03:46:11,081 [INFO] 	Virtual Memory Size:
2026-01-05 03:46:11,081 [INFO] 		              p100.0             21640.18 MB
2026-01-05 03:46:11,081 [INFO] 		               p99.0             21640.18 MB
2026-01-05 03:46:11,081 [INFO] 		               p98.0             21640.18 MB
2026-01-05 03:46:11,081 [INFO] 		               p97.0             21640.18 MB
2026-01-05 03:46:11,081 [INFO] 		               p96.0             21640.18 MB
2026-01-05 03:46:11,081 [INFO] 		               p95.0             21640.18 MB
2026-01-05 03:46:11,081 [INFO] 		               p90.0             21640.18 MB
2026-01-05 03:46:11,081 [INFO] 		               p75.0             21640.18 MB
2026-01-05 03:46:11,081 [INFO] 		               p50.0             21640.18 MB
2026-01-05 03:46:11,081 [INFO] 		               p25.0             21640.18 MB
2026-01-05 03:46:11,081 [INFO] 	System-wide CPU utilization:
2026-01-05 03:46:11,081 [INFO] 		              p100.0               881.57 %
2026-01-05 03:46:11,081 [INFO] 		               p99.0               834.57 %
2026-01-05 03:46:11,082 [INFO] 		               p98.0               830.99 %
2026-01-05 03:46:11,082 [INFO] 		               p97.0               830.29 %
2026-01-05 03:46:11,082 [INFO] 		               p96.0               829.66 %
2026-01-05 03:46:11,082 [INFO] 		               p95.0               828.58 %
2026-01-05 03:46:11,082 [INFO] 		               p90.0               782.90 %
2026-01-05 03:46:11,082 [INFO] 		               p75.0               779.36 %
2026-01-05 03:46:11,082 [INFO] 		               p50.0               731.91 %
2026-01-05 03:46:11,082 [INFO] 		               p25.0               683.00 %
2026-01-05 03:46:11,082 [INFO] Latency results: 
2026-01-05 03:46:11,082 [INFO] Results of final_measurements latency measurement
2026-01-05 03:46:11,082 [INFO] 	Measures for latency iteration 1:
2026-01-05 03:46:11,082 [INFO] 		                rate                 3000 ops/s
2026-01-05 03:46:11,082 [INFO] 		              50.000             13120.00 ms
2026-01-05 03:46:11,082 [INFO] 		              75.000             15560.00 ms
2026-01-05 03:46:11,082 [INFO] 		              90.000             16940.00 ms
2026-01-05 03:46:11,083 [INFO] 		              99.000             17790.00 ms
2026-01-05 03:46:11,083 [INFO] 		              99.900             18150.00 ms
2026-01-05 03:46:11,083 [INFO] 		              99.990             18250.00 ms
2026-01-05 03:46:11,083 [INFO] 		              99.999             18250.00 ms
2026-01-05 03:46:11,083 [INFO] 		             100.000             18250.00 ms
2026-01-05 03:46:11,083 [INFO] ================================================================================
