2026-01-05 01:16:36,359 [INFO] Running Barista harness with args: ['./barista.py', 'micronaut-shopcart', '--mode', 'jvm', '--resource-usage-polling-interval', '0.02', '--startup-iteration-count', '0', '--warmup-iteration-count', '0']
2026-01-05 01:16:36,359 [INFO] Java home is pointing to "/opt/graalvm".
2026-01-05 01:16:36,359 [INFO] Getting platform version information with command "/opt/graalvm/bin/java --version"
2026-01-05 01:16:36,423 [INFO] Getting platform version information with command "/opt/graalvm/bin/native-image --version"
2026-01-05 01:16:36,429 [INFO] Version of the available JVM at java home:
openjdk 21.0.1 2023-10-17
OpenJDK Runtime Environment GraalVM CE 21.0.1+12.1 (build 21.0.1+12-jvmci-23.1-b19)
OpenJDK 64-Bit Server VM GraalVM CE 21.0.1+12.1 (build 21.0.1+12-jvmci-23.1-b19, mixed mode, sharing)
native-image 21.0.1 2023-10-17
GraalVM Runtime Environment GraalVM CE 21.0.1+12.1 (build 21.0.1+12-jvmci-23.1-b19)
Substrate VM GraalVM CE 21.0.1+12.1 (build 21.0.1+12, serial gc)

2026-01-05 01:16:36,429 [INFO] Locating the app build artifact with command "/home/bakhtinartyom1205/projects/harness-evaluation/barista/benchmarks/micronaut-shopcart/build.sh --get-jar"
2026-01-05 01:16:36,429 [INFO] Running the following command in a subprocess:
/home/bakhtinartyom1205/projects/harness-evaluation/barista/benchmarks/micronaut-shopcart/build.sh --get-jar
2026-01-05 01:16:36,433 [INFO] Dumping the stdout of the subprocess:
application jar file path is: /home/bakhtinartyom1205/projects/harness-evaluation/barista/benchmarks/micronaut-shopcart/target/shopcart-0.3.10.jar

2026-01-05 01:16:36,434 [INFO] Dumping the stderr of the subprocess:
+ '[' 1 -gt 0 ']'
+ '[' --get-jar = --help ']'
+++ dirname /home/bakhtinartyom1205/projects/harness-evaluation/barista/benchmarks/micronaut-shopcart/build.sh
++ cd -P /home/bakhtinartyom1205/projects/harness-evaluation/barista/benchmarks/micronaut-shopcart
++ pwd
+ DIR=/home/bakhtinartyom1205/projects/harness-evaluation/barista/benchmarks/micronaut-shopcart
+ VERSION=0.3.10
+ JAR=/home/bakhtinartyom1205/projects/harness-evaluation/barista/benchmarks/micronaut-shopcart/target/shopcart-0.3.10.jar
+ NIB=/home/bakhtinartyom1205/projects/harness-evaluation/barista/benchmarks/micronaut-shopcart/target/shopcart-0.3.10.nib
+ '[' 1 -gt 0 ']'
+ '[' --get-jar = --get-jar ']'
+ echo 'application jar file path is: /home/bakhtinartyom1205/projects/harness-evaluation/barista/benchmarks/micronaut-shopcart/target/shopcart-0.3.10.jar'
+ exit 0

2026-01-05 01:16:36,434 [INFO] Benchmarking of http://127.0.0.1:8001 with JVM mode
Redirecting output to: logs/2026-01-05_01-16-36-bench-825391
	 - Startup: Repeat 0 iterations: recording first 10 requests, timeout after 60 seconds of no response
	 - Warmup: 0 iterations of 10 seconds with 16 threads and 16 connections (lua script: ['/home/bakhtinartyom1205/projects/harness-evaluation/barista/benchmarks/micronaut-shopcart/workloads/mixed-requests.lua'])
	 - Throughput: 0 iterations of 30 seconds with 16 threads and 16 connections (lua script: ['/home/bakhtinartyom1205/projects/harness-evaluation/barista/benchmarks/micronaut-shopcart/workloads/mixed-requests.lua'])
	 - Latency: 1 iterations of 30 seconds with 16 threads and 16 connections at [800] reqs/s (lua script: ['/home/bakhtinartyom1205/projects/harness-evaluation/barista/benchmarks/micronaut-shopcart/workloads/mixed-requests.lua'])
Total runtime: 0:01:00. Expected finish time 2026-01-05 01:17:36.434357

2026-01-05 01:16:36,434 [INFO] Starting microservice with:
/opt/graalvm/bin/java -jar /home/bakhtinartyom1205/projects/harness-evaluation/barista/benchmarks/micronaut-shopcart/target/shopcart-0.3.10.jar
2026-01-05 01:16:36,434 [INFO] Detected app process (pid=60951) with command-line:
/opt/graalvm/bin/java -jar /home/bakhtinartyom1205/projects/harness-evaluation/barista/benchmarks/micronaut-shopcart/target/shopcart-0.3.10.jar
2026-01-05 01:16:36,435 [INFO] Running startup measurements: sending 10 GET request(s) to http://127.0.0.1:8001/
2026-01-05 01:16:37,470 [INFO] Received response #1 in 1035.47 ms
2026-01-05 01:16:37,474 [INFO] Received response #2 in   4.08 ms
2026-01-05 01:16:37,478 [INFO] Received response #3 in   3.91 ms
2026-01-05 01:16:37,481 [INFO] Received response #4 in   3.15 ms
2026-01-05 01:16:37,484 [INFO] Received response #5 in   3.06 ms
2026-01-05 01:16:37,489 [INFO] Received response #6 in   4.23 ms
2026-01-05 01:16:37,492 [INFO] Received response #7 in   3.21 ms
2026-01-05 01:16:37,495 [INFO] Received response #8 in   2.84 ms
2026-01-05 01:16:37,498 [INFO] Received response #9 in   3.04 ms
2026-01-05 01:16:37,501 [INFO] Received response #10 in   2.39 ms
2026-01-05 01:16:37,501 [INFO] Monitoring memory and CPU usage of process 60951 every 20.0ms
2026-01-05 01:16:37,502 [WARNING] Average throughput was: 0 ops/s. Setting average throughput to 1
2026-01-05 01:16:37,502 [INFO] Average throughput: 1 ops/s
2026-01-05 01:16:37,502 [INFO] Getting fixed rates for latency
2026-01-05 01:16:37,504 [INFO] Now measuring the latency for FIXED mode at 800 for 1 iterations
2026-01-05 01:16:37,504 [INFO] Running latency iteration 1/1
2026-01-05 01:16:37,504 [INFO] Extracted framework startup time of 608.0 ms
2026-01-05 01:16:37,507 [INFO] Begining to measure latency
2026-01-05 01:16:37,507 [INFO] Running latency command:
wrk2 -d 30s -R 800 --latency http://127.0.0.1:8001 -t 16 -c 16 --script /home/bakhtinartyom1205/projects/harness-evaluation/barista/benchmarks/micronaut-shopcart/workloads/mixed-requests.lua -- 16
2026-01-05 01:17:07,519 [INFO] Finished measuring latency
2026-01-05 01:17:07,520 [INFO] Dumping wrk outputs to file 'logs/2026-01-05_01-16-36-bench-825391/FIXED-800-latency-1-dump.txt' and to stdout:
Running 30s test @ http://127.0.0.1:8001
  16 threads and 16 connections
  Thread calibration: mean lat.: 1.397ms, rate sampling interval: 10ms
  Thread calibration: mean lat.: 1.352ms, rate sampling interval: 10ms
  Thread calibration: mean lat.: 1.313ms, rate sampling interval: 10ms
  Thread calibration: mean lat.: 1.305ms, rate sampling interval: 10ms
  Thread calibration: mean lat.: 1.346ms, rate sampling interval: 10ms
  Thread calibration: mean lat.: 1.220ms, rate sampling interval: 10ms
  Thread calibration: mean lat.: 1.254ms, rate sampling interval: 10ms
  Thread calibration: mean lat.: 1.340ms, rate sampling interval: 10ms
  Thread calibration: mean lat.: 1.311ms, rate sampling interval: 10ms
  Thread calibration: mean lat.: 1.284ms, rate sampling interval: 10ms
  Thread calibration: mean lat.: 1.244ms, rate sampling interval: 10ms
  Thread calibration: mean lat.: 1.296ms, rate sampling interval: 10ms
  Thread calibration: mean lat.: 1.343ms, rate sampling interval: 10ms
  Thread calibration: mean lat.: 1.295ms, rate sampling interval: 10ms
  Thread calibration: mean lat.: 1.361ms, rate sampling interval: 10ms
  Thread calibration: mean lat.: 1.264ms, rate sampling interval: 10ms
  Thread Stats   Avg      Stdev     Max   +/- Stdev
    Latency     0.88ms  327.67us   6.89ms   66.89%
    Req/Sec    51.60     51.26   111.00     89.31%
  Latency Distribution (HdrHistogram - Recorded Latency)
 50.000%    0.88ms
 75.000%    1.13ms
 90.000%    1.28ms
 99.000%    1.44ms
 99.900%    3.37ms
 99.990%    5.83ms
 99.999%    6.89ms
100.000%    6.89ms

  Detailed Percentile spectrum:
       Value   Percentile   TotalCount 1/(1-Percentile)

       0.168     0.000000            2         1.00
       0.477     0.100000         1603         1.11
       0.579     0.200000         3211         1.25
       0.673     0.300000         4807         1.43
       0.773     0.400000         6410         1.67
       0.885     0.500000         7999         2.00
       0.941     0.550000         8798         2.22
       0.993     0.600000         9593         2.50
       1.040     0.650000        10398         2.86
       1.084     0.700000        11195         3.33
       1.127     0.750000        11991         4.00
       1.150     0.775000        12390         4.44
       1.174     0.800000        12802         5.00
       1.196     0.825000        13201         5.71
       1.219     0.850000        13595         6.67
       1.245     0.875000        13996         8.00
       1.261     0.887500        14190         8.89
       1.278     0.900000        14394        10.00
       1.295     0.912500        14587        11.43
       1.312     0.925000        14801        13.33
       1.330     0.937500        15001        16.00
       1.337     0.943750        15095        17.78
       1.346     0.950000        15186        20.00
       1.355     0.956250        15291        22.86
       1.366     0.962500        15388        26.67
       1.376     0.968750        15488        32.00
       1.382     0.971875        15542        35.56
       1.387     0.975000        15588        40.00
       1.393     0.978125        15636        45.71
       1.403     0.981250        15687        53.33
       1.412     0.984375        15738        64.00
       1.419     0.985938        15763        71.11
       1.424     0.987500        15785        80.00
       1.432     0.989062        15812        91.43
       1.444     0.990625        15836       106.67
       1.453     0.992188        15861       128.00
       1.459     0.992969        15872       142.22
       1.463     0.993750        15885       160.00
       1.473     0.994531        15897       182.86
       1.488     0.995313        15911       213.33
       1.507     0.996094        15922       256.00
       1.519     0.996484        15928       284.44
       1.528     0.996875        15935       320.00
       1.534     0.997266        15941       365.71
       1.551     0.997656        15947       426.67
       1.586     0.998047        15953       512.00
       1.609     0.998242        15956       568.89
       1.950     0.998437        15960       640.00
       2.427     0.998633        15963       731.43
       2.727     0.998828        15966       853.33
       3.819     0.999023        15969      1024.00
       3.899     0.999121        15970      1137.78
       4.367     0.999219        15972      1280.00
       4.451     0.999316        15974      1462.86
       4.599     0.999414        15975      1706.67
       4.715     0.999512        15977      2048.00
       4.715     0.999561        15977      2275.56
       4.779     0.999609        15978      2560.00
       4.863     0.999658        15979      2925.71
       5.011     0.999707        15980      3413.33
       5.351     0.999756        15981      4096.00
       5.351     0.999780        15981      4551.11
       5.351     0.999805        15981      5120.00
       5.831     0.999829        15982      5851.43
       5.831     0.999854        15982      6826.67
       6.307     0.999878        15983      8192.00
       6.307     0.999890        15983      9102.22
       6.307     0.999902        15983     10240.00
       6.307     0.999915        15983     11702.86
       6.307     0.999927        15983     13653.33
       6.895     0.999939        15984     16384.00
       6.895     1.000000        15984          inf
#[Mean    =        0.883, StdDeviation   =        0.328]
#[Max     =        6.892, Total count    =        15984]
#[Buckets =           27, SubBuckets     =         2048]
----------------------------------------------------------
  24016 requests in 30.00s, 7.17MB read
Requests/sec:    800.49
Transfer/sec:    244.80KB

2026-01-05 01:17:07,521 [INFO] Saving all collected metrics to JSON file: /home/bakhtinartyom1205/projects/harness-evaluation/barista/logs/2026-01-05_01-16-36-bench-825391/barista-results.json
2026-01-05 01:17:07,527 [INFO] Writing to csv files
2026-01-05 01:17:07,527 [INFO] Producing final_measurements-barista_latency_results.csv
2026-01-05 01:17:07,531 [INFO] Dumping application outputs to: logs/2026-01-05_01-16-36-bench-825391/app-dump.txt
2026-01-05 01:17:07,531 [INFO] Benchmark done
2026-01-05 01:17:07,595 [INFO] ================================================================================
2026-01-05 01:17:07,595 [INFO] Barista report for benchmark 'micronaut-shopcart'
2026-01-05 01:17:07,595 [INFO] Run command: python3 ./barista.py micronaut-shopcart --mode jvm --resource-usage-polling-interval 0.02 --startup-iteration-count 0 --warmup-iteration-count 0
2026-01-05 01:17:07,596 [INFO] Resource usage results:
2026-01-05 01:17:07,596 [INFO] 	Resident Set Size:
2026-01-05 01:17:07,596 [INFO] 		              p100.0               274.46 MB
2026-01-05 01:17:07,596 [INFO] 		               p99.0               269.20 MB
2026-01-05 01:17:07,596 [INFO] 		               p98.0               269.20 MB
2026-01-05 01:17:07,596 [INFO] 		               p97.0               269.20 MB
2026-01-05 01:17:07,596 [INFO] 		               p96.0               269.20 MB
2026-01-05 01:17:07,596 [INFO] 		               p95.0               268.62 MB
2026-01-05 01:17:07,596 [INFO] 		               p90.0               268.56 MB
2026-01-05 01:17:07,596 [INFO] 		               p75.0               263.62 MB
2026-01-05 01:17:07,596 [INFO] 		               p50.0               259.90 MB
2026-01-05 01:17:07,596 [INFO] 		               p25.0               250.55 MB
2026-01-05 01:17:07,596 [INFO] 	Virtual Memory Size:
2026-01-05 01:17:07,596 [INFO] 		              p100.0             20893.73 MB
2026-01-05 01:17:07,596 [INFO] 		               p99.0             20878.73 MB
2026-01-05 01:17:07,597 [INFO] 		               p98.0             20876.73 MB
2026-01-05 01:17:07,597 [INFO] 		               p97.0             20872.23 MB
2026-01-05 01:17:07,597 [INFO] 		               p96.0             20859.23 MB
2026-01-05 01:17:07,597 [INFO] 		               p95.0             20858.73 MB
2026-01-05 01:17:07,597 [INFO] 		               p90.0             20858.23 MB
2026-01-05 01:17:07,597 [INFO] 		               p75.0             20857.23 MB
2026-01-05 01:17:07,597 [INFO] 		               p50.0             20854.73 MB
2026-01-05 01:17:07,597 [INFO] 		               p25.0             20847.23 MB
2026-01-05 01:17:07,597 [INFO] 	System-wide CPU utilization:
2026-01-05 01:17:07,597 [INFO] 		              p100.0               642.04 %
2026-01-05 01:17:07,597 [INFO] 		               p99.0               246.85 %
2026-01-05 01:17:07,597 [INFO] 		               p98.0               197.00 %
2026-01-05 01:17:07,597 [INFO] 		               p97.0               148.80 %
2026-01-05 01:17:07,597 [INFO] 		               p96.0               148.72 %
2026-01-05 01:17:07,597 [INFO] 		               p95.0               148.67 %
2026-01-05 01:17:07,597 [INFO] 		               p90.0               148.23 %
2026-01-05 01:17:07,597 [INFO] 		               p75.0                49.65 %
2026-01-05 01:17:07,598 [INFO] 		               p50.0                 0.00 %
2026-01-05 01:17:07,598 [INFO] 		               p25.0                 0.00 %
2026-01-05 01:17:07,598 [INFO] Latency results: 
2026-01-05 01:17:07,598 [INFO] Results of final_measurements latency measurement
2026-01-05 01:17:07,598 [INFO] 	Measures for latency iteration 1:
2026-01-05 01:17:07,598 [INFO] 		                rate                  800 ops/s
2026-01-05 01:17:07,598 [INFO] 		              50.000                 0.88 ms
2026-01-05 01:17:07,598 [INFO] 		              75.000                 1.13 ms
2026-01-05 01:17:07,598 [INFO] 		              90.000                 1.28 ms
2026-01-05 01:17:07,598 [INFO] 		              99.000                 1.44 ms
2026-01-05 01:17:07,598 [INFO] 		              99.900                 3.37 ms
2026-01-05 01:17:07,598 [INFO] 		              99.990                 5.83 ms
2026-01-05 01:17:07,598 [INFO] 		              99.999                 6.89 ms
2026-01-05 01:17:07,598 [INFO] 		             100.000                 6.89 ms
2026-01-05 01:17:07,598 [INFO] ================================================================================
