2026-01-05 03:28:16,503 [INFO] Running Barista harness with args: ['./barista.py', 'micronaut-shopcart', '--mode', 'native', '--resource-usage-polling-interval', '0.02', '--startup-iteration-count', '0', '--warmup-iteration-count', '0', '--app-executable', '/app/barista/benchmarks/micronaut-shopcart/target/shopcart-0.3.10.output/default/micronaut-shopcart']
2026-01-05 03:28:16,503 [INFO] Java home is pointing to "/opt/graalvm".
2026-01-05 03:28:16,503 [INFO] Getting platform version information with command "/opt/graalvm/bin/java --version"
2026-01-05 03:28:16,609 [INFO] Getting platform version information with command "/opt/graalvm/bin/native-image --version"
2026-01-05 03:28:16,617 [INFO] Version of the available JVM at java home:
openjdk 23 2024-09-17
OpenJDK Runtime Environment GraalVM CE 23+37.1 (build 23+37-jvmci-b01)
OpenJDK 64-Bit Server VM GraalVM CE 23+37.1 (build 23+37-jvmci-b01, mixed mode, sharing)
native-image 23 2024-09-17
GraalVM Runtime Environment GraalVM CE 23+37.1 (build 23+37-jvmci-b01)
Substrate VM GraalVM CE 23+37.1 (build 23+37, serial gc)

2026-01-05 03:28:16,618 [INFO] Benchmarking of http://127.0.0.1:8001 with NATIVE mode
Redirecting output to: logs/2026-01-05_03-28-16-bench-b2b57f
	 - Startup: Repeat 0 iterations: recording first 10 requests, timeout after 60 seconds of no response
	 - Warmup: 0 iterations of 10 seconds with 16 threads and 16 connections (lua script: ['/app/barista/benchmarks/micronaut-shopcart/workloads/mixed-requests.lua'])
	 - Throughput: 0 iterations of 30 seconds with 16 threads and 16 connections (lua script: ['/app/barista/benchmarks/micronaut-shopcart/workloads/mixed-requests.lua'])
	 - Latency: 1 iterations of 30 seconds with 16 threads and 16 connections at [800] reqs/s (lua script: ['/app/barista/benchmarks/micronaut-shopcart/workloads/mixed-requests.lua'])
Total runtime: 0:01:00. Expected finish time 2026-01-05 03:29:16.618359

2026-01-05 03:28:16,618 [INFO] Starting microservice with:
/app/barista/benchmarks/micronaut-shopcart/target/shopcart-0.3.10.output/default/micronaut-shopcart
2026-01-05 03:28:16,619 [INFO] Detected app process (pid=752) with command-line:
/app/barista/benchmarks/micronaut-shopcart/target/shopcart-0.3.10.output/default/micronaut-shopcart
2026-01-05 03:28:16,619 [INFO] Running startup measurements: sending 10 GET request(s) to http://127.0.0.1:8001/
2026-01-05 03:28:16,662 [INFO] Received response #1 in  44.04 ms
2026-01-05 03:28:16,666 [INFO] Received response #2 in   3.16 ms
2026-01-05 03:28:16,668 [INFO] Received response #3 in   2.15 ms
2026-01-05 03:28:16,671 [INFO] Received response #4 in   2.82 ms
2026-01-05 03:28:16,675 [INFO] Received response #5 in   3.27 ms
2026-01-05 03:28:16,678 [INFO] Received response #6 in   2.99 ms
2026-01-05 03:28:16,681 [INFO] Received response #7 in   2.83 ms
2026-01-05 03:28:16,684 [INFO] Received response #8 in   2.71 ms
2026-01-05 03:28:16,686 [INFO] Received response #9 in   1.94 ms
2026-01-05 03:28:16,688 [INFO] Received response #10 in   1.72 ms
2026-01-05 03:28:16,688 [INFO] Monitoring memory and CPU usage of process 752 every 20.0ms
2026-01-05 03:28:16,690 [INFO] Extracted framework startup time of 23.0 ms
2026-01-05 03:28:16,691 [WARNING] Average throughput was: 0 ops/s. Setting average throughput to 1
2026-01-05 03:28:16,691 [INFO] Average throughput: 1 ops/s
2026-01-05 03:28:16,692 [INFO] Getting fixed rates for latency
2026-01-05 03:28:16,692 [INFO] Now measuring the latency for FIXED mode at 800 for 1 iterations
2026-01-05 03:28:16,692 [INFO] Running latency iteration 1/1
2026-01-05 03:28:16,696 [INFO] Begining to measure latency
2026-01-05 03:28:16,696 [INFO] Running latency command:
wrk2 -d 30s -R 800 --latency http://127.0.0.1:8001 -t 16 -c 16 --script /app/barista/benchmarks/micronaut-shopcart/workloads/mixed-requests.lua -- 16
2026-01-05 03:28:46,711 [INFO] Finished measuring latency
2026-01-05 03:28:46,713 [INFO] Dumping wrk outputs to file 'logs/2026-01-05_03-28-16-bench-b2b57f/FIXED-800-latency-1-dump.txt' and to stdout:
Running 30s test @ http://127.0.0.1:8001
  16 threads and 16 connections
  Thread calibration: mean lat.: 1.610ms, rate sampling interval: 10ms
  Thread calibration: mean lat.: 1.356ms, rate sampling interval: 10ms
  Thread calibration: mean lat.: 1.491ms, rate sampling interval: 10ms
  Thread calibration: mean lat.: 1.342ms, rate sampling interval: 10ms
  Thread calibration: mean lat.: 1.232ms, rate sampling interval: 10ms
  Thread calibration: mean lat.: 1.222ms, rate sampling interval: 10ms
  Thread calibration: mean lat.: 1.221ms, rate sampling interval: 10ms
  Thread calibration: mean lat.: 1.234ms, rate sampling interval: 10ms
  Thread calibration: mean lat.: 1.154ms, rate sampling interval: 10ms
  Thread calibration: mean lat.: 1.182ms, rate sampling interval: 10ms
  Thread calibration: mean lat.: 1.169ms, rate sampling interval: 10ms
  Thread calibration: mean lat.: 1.171ms, rate sampling interval: 10ms
  Thread calibration: mean lat.: 1.147ms, rate sampling interval: 10ms
  Thread calibration: mean lat.: 1.117ms, rate sampling interval: 10ms
  Thread calibration: mean lat.: 1.136ms, rate sampling interval: 10ms
  Thread calibration: mean lat.: 1.157ms, rate sampling interval: 10ms
  Thread Stats   Avg      Stdev     Max   +/- Stdev
    Latency     1.36ms  423.82us   6.46ms   67.86%
    Req/Sec    52.86     52.41   111.00     78.80%
  Latency Distribution (HdrHistogram - Recorded Latency)
 50.000%    1.36ms
 75.000%    1.64ms
 90.000%    1.91ms
 99.000%    2.32ms
 99.900%    2.72ms
 99.990%    5.84ms
 99.999%    6.46ms
100.000%    6.46ms

  Detailed Percentile spectrum:
       Value   Percentile   TotalCount 1/(1-Percentile)

       0.250     0.000000            1         1.00
       0.818     0.100000         1602         1.11
       0.994     0.200000         3197         1.25
       1.126     0.300000         4809         1.43
       1.248     0.400000         6399         1.67
       1.360     0.500000         7996         2.00
       1.414     0.550000         8814         2.22
       1.466     0.600000         9593         2.50
       1.523     0.650000        10394         2.86
       1.581     0.700000        11206         3.33
       1.642     0.750000        11991         4.00
       1.674     0.775000        12389         4.44
       1.713     0.800000        12790         5.00
       1.755     0.825000        13198         5.71
       1.801     0.850000        13588         6.67
       1.852     0.875000        13989         8.00
       1.881     0.887500        14191         8.89
       1.907     0.900000        14390        10.00
       1.942     0.912500        14588        11.43
       1.980     0.925000        14790        13.33
       2.019     0.937500        14989        16.00
       2.039     0.943750        15088        17.78
       2.065     0.950000        15186        20.00
       2.091     0.956250        15289        22.86
       2.113     0.962500        15388        26.67
       2.151     0.968750        15493        32.00
       2.169     0.971875        15540        35.56
       2.189     0.975000        15591        40.00
       2.207     0.978125        15641        45.71
       2.225     0.981250        15686        53.33
       2.261     0.984375        15737        64.00
       2.277     0.985938        15760        71.11
       2.289     0.987500        15785        80.00
       2.305     0.989062        15810        91.43
       2.325     0.990625        15835       106.67
       2.349     0.992188        15860       128.00
       2.365     0.992969        15872       142.22
       2.379     0.993750        15886       160.00
       2.393     0.994531        15897       182.86
       2.413     0.995313        15910       213.33
       2.429     0.996094        15922       256.00
       2.451     0.996484        15928       284.44
       2.469     0.996875        15935       320.00
       2.481     0.997266        15941       365.71
       2.495     0.997656        15948       426.67
       2.521     0.998047        15953       512.00
       2.539     0.998242        15956       568.89
       2.605     0.998437        15960       640.00
       2.641     0.998633        15964       731.43
       2.657     0.998828        15966       853.33
       2.721     0.999023        15969      1024.00
       2.749     0.999121        15970      1137.78
       2.837     0.999219        15972      1280.00
       2.981     0.999316        15974      1462.86
       2.989     0.999414        15975      1706.67
       3.239     0.999512        15977      2048.00
       3.239     0.999561        15977      2275.56
       3.597     0.999609        15978      2560.00
       5.167     0.999658        15979      2925.71
       5.171     0.999707        15980      3413.33
       5.291     0.999756        15981      4096.00
       5.291     0.999780        15981      4551.11
       5.291     0.999805        15981      5120.00
       5.839     0.999829        15982      5851.43
       5.839     0.999854        15982      6826.67
       5.847     0.999878        15983      8192.00
       5.847     0.999890        15983      9102.22
       5.847     0.999902        15983     10240.00
       5.847     0.999915        15983     11702.86
       5.847     0.999927        15983     13653.33
       6.459     0.999939        15984     16384.00
       6.459     1.000000        15984          inf
#[Mean    =        1.362, StdDeviation   =        0.424]
#[Max     =        6.456, Total count    =        15984]
#[Buckets =           27, SubBuckets     =         2048]
----------------------------------------------------------
  24016 requests in 30.00s, 7.17MB read
Requests/sec:    800.50
Transfer/sec:    244.80KB

2026-01-05 03:28:46,714 [INFO] Saving all collected metrics to JSON file: /app/barista/logs/2026-01-05_03-28-16-bench-b2b57f/barista-results.json
2026-01-05 03:28:46,723 [INFO] Writing to csv files
2026-01-05 03:28:46,723 [INFO] Producing final_measurements-barista_latency_results.csv
2026-01-05 03:28:46,727 [INFO] Dumping application outputs to: logs/2026-01-05_03-28-16-bench-b2b57f/app-dump.txt
2026-01-05 03:28:46,727 [INFO] Benchmark done
2026-01-05 03:28:46,764 [INFO] ================================================================================
2026-01-05 03:28:46,764 [INFO] Barista report for benchmark 'micronaut-shopcart'
2026-01-05 03:28:46,764 [INFO] Run command: python3 ./barista.py micronaut-shopcart --mode native --resource-usage-polling-interval 0.02 --startup-iteration-count 0 --warmup-iteration-count 0 --app-executable /app/barista/benchmarks/micronaut-shopcart/target/shopcart-0.3.10.output/default/micronaut-shopcart
2026-01-05 03:28:46,764 [INFO] Resource usage results:
2026-01-05 03:28:46,764 [INFO] 	Resident Set Size:
2026-01-05 03:28:46,764 [INFO] 		              p100.0               120.36 MB
2026-01-05 03:28:46,764 [INFO] 		               p99.0               120.36 MB
2026-01-05 03:28:46,764 [INFO] 		               p98.0               120.36 MB
2026-01-05 03:28:46,764 [INFO] 		               p97.0               120.36 MB
2026-01-05 03:28:46,764 [INFO] 		               p96.0               120.36 MB
2026-01-05 03:28:46,764 [INFO] 		               p95.0               120.36 MB
2026-01-05 03:28:46,765 [INFO] 		               p90.0               120.36 MB
2026-01-05 03:28:46,765 [INFO] 		               p75.0               119.52 MB
2026-01-05 03:28:46,765 [INFO] 		               p50.0               119.00 MB
2026-01-05 03:28:46,765 [INFO] 		               p25.0               118.44 MB
2026-01-05 03:28:46,765 [INFO] 	Virtual Memory Size:
2026-01-05 03:28:46,765 [INFO] 		              p100.0              1457.77 MB
2026-01-05 03:28:46,765 [INFO] 		               p99.0              1457.77 MB
2026-01-05 03:28:46,765 [INFO] 		               p98.0              1457.77 MB
2026-01-05 03:28:46,765 [INFO] 		               p97.0              1457.77 MB
2026-01-05 03:28:46,765 [INFO] 		               p96.0              1457.77 MB
2026-01-05 03:28:46,765 [INFO] 		               p95.0              1457.77 MB
2026-01-05 03:28:46,765 [INFO] 		               p90.0              1457.77 MB
2026-01-05 03:28:46,765 [INFO] 		               p75.0              1457.77 MB
2026-01-05 03:28:46,765 [INFO] 		               p50.0              1456.77 MB
2026-01-05 03:28:46,766 [INFO] 		               p25.0              1455.77 MB
2026-01-05 03:28:46,766 [INFO] 	System-wide CPU utilization:
2026-01-05 03:28:46,766 [INFO] 		              p100.0                98.76 %
2026-01-05 03:28:46,766 [INFO] 		               p99.0                98.51 %
2026-01-05 03:28:46,766 [INFO] 		               p98.0                98.30 %
2026-01-05 03:28:46,766 [INFO] 		               p97.0                97.85 %
2026-01-05 03:28:46,766 [INFO] 		               p96.0                97.65 %
2026-01-05 03:28:46,766 [INFO] 		               p95.0                49.39 %
2026-01-05 03:28:46,766 [INFO] 		               p90.0                49.31 %
2026-01-05 03:28:46,766 [INFO] 		               p75.0                49.17 %
2026-01-05 03:28:46,766 [INFO] 		               p50.0                48.97 %
2026-01-05 03:28:46,766 [INFO] 		               p25.0                 0.00 %
2026-01-05 03:28:46,766 [INFO] Latency results: 
2026-01-05 03:28:46,766 [INFO] Results of final_measurements latency measurement
2026-01-05 03:28:46,766 [INFO] 	Measures for latency iteration 1:
2026-01-05 03:28:46,766 [INFO] 		                rate                  800 ops/s
2026-01-05 03:28:46,766 [INFO] 		              50.000                 1.36 ms
2026-01-05 03:28:46,767 [INFO] 		              75.000                 1.64 ms
2026-01-05 03:28:46,767 [INFO] 		              90.000                 1.91 ms
2026-01-05 03:28:46,767 [INFO] 		              99.000                 2.32 ms
2026-01-05 03:28:46,767 [INFO] 		              99.900                 2.72 ms
2026-01-05 03:28:46,767 [INFO] 		              99.990                 5.84 ms
2026-01-05 03:28:46,767 [INFO] 		              99.999                 6.46 ms
2026-01-05 03:28:46,767 [INFO] 		             100.000                 6.46 ms
2026-01-05 03:28:46,767 [INFO] ================================================================================
