2026-01-05 03:26:39,348 [INFO] Running Barista harness with args: ['./barista.py', 'micronaut-shopcart', '--mode', 'native', '--resource-usage-polling-interval', '0.02', '--startup-iteration-count', '0', '--warmup-iteration-count', '0', '--app-executable', '/app/barista/benchmarks/micronaut-shopcart/target/shopcart-0.3.10.output/default/micronaut-shopcart']
2026-01-05 03:26:39,348 [INFO] Java home is pointing to "/opt/graalvm".
2026-01-05 03:26:39,348 [INFO] Getting platform version information with command "/opt/graalvm/bin/java --version"
2026-01-05 03:26:39,451 [INFO] Getting platform version information with command "/opt/graalvm/bin/native-image --version"
2026-01-05 03:26:39,460 [INFO] Version of the available JVM at java home:
openjdk 23 2024-09-17
OpenJDK Runtime Environment GraalVM CE 23+37.1 (build 23+37-jvmci-b01)
OpenJDK 64-Bit Server VM GraalVM CE 23+37.1 (build 23+37-jvmci-b01, mixed mode, sharing)
native-image 23 2024-09-17
GraalVM Runtime Environment GraalVM CE 23+37.1 (build 23+37-jvmci-b01)
Substrate VM GraalVM CE 23+37.1 (build 23+37, serial gc)

2026-01-05 03:26:39,461 [INFO] Benchmarking of http://127.0.0.1:8001 with NATIVE mode
Redirecting output to: logs/2026-01-05_03-26-39-bench-282d66
	 - Startup: Repeat 0 iterations: recording first 10 requests, timeout after 60 seconds of no response
	 - Warmup: 0 iterations of 10 seconds with 16 threads and 16 connections (lua script: ['/app/barista/benchmarks/micronaut-shopcart/workloads/mixed-requests.lua'])
	 - Throughput: 0 iterations of 30 seconds with 16 threads and 16 connections (lua script: ['/app/barista/benchmarks/micronaut-shopcart/workloads/mixed-requests.lua'])
	 - Latency: 1 iterations of 30 seconds with 16 threads and 16 connections at [800] reqs/s (lua script: ['/app/barista/benchmarks/micronaut-shopcart/workloads/mixed-requests.lua'])
Total runtime: 0:01:00. Expected finish time 2026-01-05 03:27:39.461428

2026-01-05 03:26:39,461 [INFO] Starting microservice with:
/app/barista/benchmarks/micronaut-shopcart/target/shopcart-0.3.10.output/default/micronaut-shopcart
2026-01-05 03:26:39,462 [INFO] Detected app process (pid=414) with command-line:
/app/barista/benchmarks/micronaut-shopcart/target/shopcart-0.3.10.output/default/micronaut-shopcart
2026-01-05 03:26:39,462 [INFO] Running startup measurements: sending 10 GET request(s) to http://127.0.0.1:8001/
2026-01-05 03:26:39,507 [INFO] Received response #1 in  45.62 ms
2026-01-05 03:26:39,510 [INFO] Received response #2 in   2.69 ms
2026-01-05 03:26:39,513 [INFO] Received response #3 in   3.24 ms
2026-01-05 03:26:39,516 [INFO] Received response #4 in   2.31 ms
2026-01-05 03:26:39,519 [INFO] Received response #5 in   3.29 ms
2026-01-05 03:26:39,522 [INFO] Received response #6 in   2.61 ms
2026-01-05 03:26:39,525 [INFO] Received response #7 in   2.55 ms
2026-01-05 03:26:39,527 [INFO] Received response #8 in   1.83 ms
2026-01-05 03:26:39,528 [INFO] Received response #9 in   0.96 ms
2026-01-05 03:26:39,529 [INFO] Received response #10 in   1.13 ms
2026-01-05 03:26:39,530 [INFO] Monitoring memory and CPU usage of process 414 every 20.0ms
2026-01-05 03:26:39,533 [INFO] Extracted framework startup time of 24.0 ms
2026-01-05 03:26:39,533 [WARNING] Average throughput was: 0 ops/s. Setting average throughput to 1
2026-01-05 03:26:39,534 [INFO] Average throughput: 1 ops/s
2026-01-05 03:26:39,534 [INFO] Getting fixed rates for latency
2026-01-05 03:26:39,534 [INFO] Now measuring the latency for FIXED mode at 800 for 1 iterations
2026-01-05 03:26:39,534 [INFO] Running latency iteration 1/1
2026-01-05 03:26:39,537 [INFO] Begining to measure latency
2026-01-05 03:26:39,538 [INFO] Running latency command:
wrk2 -d 30s -R 800 --latency http://127.0.0.1:8001 -t 16 -c 16 --script /app/barista/benchmarks/micronaut-shopcart/workloads/mixed-requests.lua -- 16
2026-01-05 03:27:09,552 [INFO] Finished measuring latency
2026-01-05 03:27:09,555 [INFO] Dumping wrk outputs to file 'logs/2026-01-05_03-26-39-bench-282d66/FIXED-800-latency-1-dump.txt' and to stdout:
Running 30s test @ http://127.0.0.1:8001
  16 threads and 16 connections
  Thread calibration: mean lat.: 1.576ms, rate sampling interval: 10ms
  Thread calibration: mean lat.: 1.513ms, rate sampling interval: 10ms
  Thread calibration: mean lat.: 1.417ms, rate sampling interval: 10ms
  Thread calibration: mean lat.: 1.317ms, rate sampling interval: 10ms
  Thread calibration: mean lat.: 1.304ms, rate sampling interval: 10ms
  Thread calibration: mean lat.: 1.197ms, rate sampling interval: 10ms
  Thread calibration: mean lat.: 1.249ms, rate sampling interval: 10ms
  Thread calibration: mean lat.: 1.155ms, rate sampling interval: 10ms
  Thread calibration: mean lat.: 1.185ms, rate sampling interval: 10ms
  Thread calibration: mean lat.: 1.195ms, rate sampling interval: 10ms
  Thread calibration: mean lat.: 1.174ms, rate sampling interval: 10ms
  Thread calibration: mean lat.: 1.176ms, rate sampling interval: 10ms
  Thread calibration: mean lat.: 1.156ms, rate sampling interval: 10ms
  Thread calibration: mean lat.: 1.135ms, rate sampling interval: 10ms
  Thread calibration: mean lat.: 1.139ms, rate sampling interval: 10ms
  Thread calibration: mean lat.: 1.116ms, rate sampling interval: 10ms
  Thread Stats   Avg      Stdev     Max   +/- Stdev
    Latency     1.31ms  416.74us   7.53ms   68.17%
    Req/Sec    52.89     52.49   111.00     78.17%
  Latency Distribution (HdrHistogram - Recorded Latency)
 50.000%    1.30ms
 75.000%    1.59ms
 90.000%    1.84ms
 99.000%    2.24ms
 99.900%    2.55ms
 99.990%    6.86ms
 99.999%    7.53ms
100.000%    7.53ms

  Detailed Percentile spectrum:
       Value   Percentile   TotalCount 1/(1-Percentile)

       0.229     0.000000            1         1.00
       0.776     0.100000         1606         1.11
       0.945     0.200000         3209         1.25
       1.076     0.300000         4815         1.43
       1.191     0.400000         6407         1.67
       1.303     0.500000         8008         2.00
       1.357     0.550000         8803         2.22
       1.411     0.600000         9593         2.50
       1.467     0.650000        10397         2.86
       1.526     0.700000        11201         3.33
       1.585     0.750000        11997         4.00
       1.619     0.775000        12393         4.44
       1.652     0.800000        12797         5.00
       1.688     0.825000        13195         5.71
       1.728     0.850000        13587         6.67
       1.780     0.875000        13990         8.00
       1.810     0.887500        14189         8.89
       1.844     0.900000        14389        10.00
       1.874     0.912500        14587        11.43
       1.909     0.925000        14788        13.33
       1.950     0.937500        14986        16.00
       1.974     0.943750        15088        17.78
       1.999     0.950000        15185        20.00
       2.027     0.956250        15286        22.86
       2.055     0.962500        15388        26.67
       2.085     0.968750        15491        32.00
       2.101     0.971875        15536        35.56
       2.119     0.975000        15587        40.00
       2.137     0.978125        15638        45.71
       2.161     0.981250        15689        53.33
       2.183     0.984375        15739        64.00
       2.195     0.985938        15763        71.11
       2.211     0.987500        15785        80.00
       2.231     0.989062        15810        91.43
       2.249     0.990625        15836       106.67
       2.269     0.992188        15862       128.00
       2.277     0.992969        15873       142.22
       2.289     0.993750        15885       160.00
       2.301     0.994531        15898       182.86
       2.327     0.995313        15911       213.33
       2.341     0.996094        15923       256.00
       2.345     0.996484        15928       284.44
       2.361     0.996875        15936       320.00
       2.371     0.997266        15941       365.71
       2.395     0.997656        15948       426.67
       2.415     0.998047        15953       512.00
       2.425     0.998242        15956       568.89
       2.461     0.998437        15961       640.00
       2.475     0.998633        15963       731.43
       2.529     0.998828        15966       853.33
       2.595     0.999023        15970      1024.00
       2.595     0.999121        15970      1137.78
       2.679     0.999219        15972      1280.00
       2.711     0.999316        15974      1462.86
       3.079     0.999414        15975      1706.67
       3.187     0.999512        15977      2048.00
       3.187     0.999561        15977      2275.56
       3.247     0.999609        15978      2560.00
       3.573     0.999658        15979      2925.71
       3.779     0.999707        15980      3413.33
       6.863     0.999756        15982      4096.00
       6.863     0.999780        15982      4551.11
       6.863     0.999805        15982      5120.00
       6.863     0.999829        15982      5851.43
       6.863     0.999854        15982      6826.67
       6.919     0.999878        15983      8192.00
       6.919     0.999890        15983      9102.22
       6.919     0.999902        15983     10240.00
       6.919     0.999915        15983     11702.86
       6.919     0.999927        15983     13653.33
       7.535     0.999939        15984     16384.00
       7.535     1.000000        15984          inf
#[Mean    =        1.307, StdDeviation   =        0.417]
#[Max     =        7.532, Total count    =        15984]
#[Buckets =           27, SubBuckets     =         2048]
----------------------------------------------------------
  24016 requests in 30.00s, 7.17MB read
Requests/sec:    800.49
Transfer/sec:    244.80KB

2026-01-05 03:27:09,556 [INFO] Saving all collected metrics to JSON file: /app/barista/logs/2026-01-05_03-26-39-bench-282d66/barista-results.json
2026-01-05 03:27:09,568 [INFO] Writing to csv files
2026-01-05 03:27:09,569 [INFO] Producing final_measurements-barista_latency_results.csv
2026-01-05 03:27:09,576 [INFO] Dumping application outputs to: logs/2026-01-05_03-26-39-bench-282d66/app-dump.txt
2026-01-05 03:27:09,577 [INFO] Benchmark done
2026-01-05 03:27:09,598 [INFO] ================================================================================
2026-01-05 03:27:09,598 [INFO] Barista report for benchmark 'micronaut-shopcart'
2026-01-05 03:27:09,598 [INFO] Run command: python3 ./barista.py micronaut-shopcart --mode native --resource-usage-polling-interval 0.02 --startup-iteration-count 0 --warmup-iteration-count 0 --app-executable /app/barista/benchmarks/micronaut-shopcart/target/shopcart-0.3.10.output/default/micronaut-shopcart
2026-01-05 03:27:09,598 [INFO] Resource usage results:
2026-01-05 03:27:09,598 [INFO] 	Resident Set Size:
2026-01-05 03:27:09,598 [INFO] 		              p100.0               121.53 MB
2026-01-05 03:27:09,598 [INFO] 		               p99.0               121.53 MB
2026-01-05 03:27:09,598 [INFO] 		               p98.0               121.53 MB
2026-01-05 03:27:09,598 [INFO] 		               p97.0               121.53 MB
2026-01-05 03:27:09,598 [INFO] 		               p96.0               121.53 MB
2026-01-05 03:27:09,599 [INFO] 		               p95.0               121.53 MB
2026-01-05 03:27:09,599 [INFO] 		               p90.0               121.53 MB
2026-01-05 03:27:09,599 [INFO] 		               p75.0               121.53 MB
2026-01-05 03:27:09,599 [INFO] 		               p50.0               120.76 MB
2026-01-05 03:27:09,599 [INFO] 		               p25.0               119.97 MB
2026-01-05 03:27:09,599 [INFO] 	Virtual Memory Size:
2026-01-05 03:27:09,599 [INFO] 		              p100.0              1457.77 MB
2026-01-05 03:27:09,599 [INFO] 		               p99.0              1457.77 MB
2026-01-05 03:27:09,599 [INFO] 		               p98.0              1457.77 MB
2026-01-05 03:27:09,599 [INFO] 		               p97.0              1457.77 MB
2026-01-05 03:27:09,599 [INFO] 		               p96.0              1457.77 MB
2026-01-05 03:27:09,599 [INFO] 		               p95.0              1457.77 MB
2026-01-05 03:27:09,599 [INFO] 		               p90.0              1457.77 MB
2026-01-05 03:27:09,600 [INFO] 		               p75.0              1457.27 MB
2026-01-05 03:27:09,600 [INFO] 		               p50.0              1456.27 MB
2026-01-05 03:27:09,600 [INFO] 		               p25.0              1455.77 MB
2026-01-05 03:27:09,600 [INFO] 	System-wide CPU utilization:
2026-01-05 03:27:09,600 [INFO] 		              p100.0                98.65 %
2026-01-05 03:27:09,600 [INFO] 		               p99.0                98.42 %
2026-01-05 03:27:09,600 [INFO] 		               p98.0                98.16 %
2026-01-05 03:27:09,600 [INFO] 		               p97.0                97.48 %
2026-01-05 03:27:09,600 [INFO] 		               p96.0                49.40 %
2026-01-05 03:27:09,600 [INFO] 		               p95.0                49.37 %
2026-01-05 03:27:09,600 [INFO] 		               p90.0                49.30 %
2026-01-05 03:27:09,600 [INFO] 		               p75.0                49.18 %
2026-01-05 03:27:09,600 [INFO] 		               p50.0                48.97 %
2026-01-05 03:27:09,600 [INFO] 		               p25.0                 0.00 %
2026-01-05 03:27:09,600 [INFO] Latency results: 
2026-01-05 03:27:09,600 [INFO] Results of final_measurements latency measurement
2026-01-05 03:27:09,601 [INFO] 	Measures for latency iteration 1:
2026-01-05 03:27:09,601 [INFO] 		                rate                  800 ops/s
2026-01-05 03:27:09,601 [INFO] 		              50.000                 1.30 ms
2026-01-05 03:27:09,601 [INFO] 		              75.000                 1.59 ms
2026-01-05 03:27:09,601 [INFO] 		              90.000                 1.84 ms
2026-01-05 03:27:09,601 [INFO] 		              99.000                 2.24 ms
2026-01-05 03:27:09,601 [INFO] 		              99.900                 2.55 ms
2026-01-05 03:27:09,601 [INFO] 		              99.990                 6.86 ms
2026-01-05 03:27:09,601 [INFO] 		              99.999                 7.53 ms
2026-01-05 03:27:09,601 [INFO] 		             100.000                 7.53 ms
2026-01-05 03:27:09,601 [INFO] ================================================================================
