2026-01-05 01:26:31,392 [INFO] Running Barista harness with args: ['./barista.py', 'spring-petclinic', '--mode', 'native', '--resource-usage-polling-interval', '0.02', '--startup-iteration-count', '0', '--warmup-iteration-count', '0', '--app-executable', '/home/bakhtinartyom1205/projects/harness-evaluation/barista/benchmarks/spring-petclinic/spring-petclinic-sources/target/spring-petclinic-3.0.0-SNAPSHOT.output/default/spring-petclinic']
2026-01-05 01:26:31,392 [INFO] Java home is pointing to "/opt/graalvm".
2026-01-05 01:26:31,392 [INFO] Getting platform version information with command "/opt/graalvm/bin/java --version"
2026-01-05 01:26:31,453 [INFO] Getting platform version information with command "/opt/graalvm/bin/native-image --version"
2026-01-05 01:26:31,458 [INFO] Version of the available JVM at java home:
openjdk 21.0.1 2023-10-17
OpenJDK Runtime Environment GraalVM CE 21.0.1+12.1 (build 21.0.1+12-jvmci-23.1-b19)
OpenJDK 64-Bit Server VM GraalVM CE 21.0.1+12.1 (build 21.0.1+12-jvmci-23.1-b19, mixed mode, sharing)
native-image 21.0.1 2023-10-17
GraalVM Runtime Environment GraalVM CE 21.0.1+12.1 (build 21.0.1+12-jvmci-23.1-b19)
Substrate VM GraalVM CE 21.0.1+12.1 (build 21.0.1+12, serial gc)

2026-01-05 01:26:31,459 [INFO] Benchmarking of http://127.0.0.1:8006 with NATIVE mode
Redirecting output to: logs/2026-01-05_01-26-31-bench-71910b
	 - Startup: Repeat 0 iterations: recording first 10 requests, timeout after 300 seconds of no response
	 - Warmup: 0 iterations of 15 seconds with 16 threads and 16 connections (lua script: ['/home/bakhtinartyom1205/projects/harness-evaluation/barista/benchmarks/spring-petclinic/workloads/mixed-requests.lua'])
	 - Throughput: 0 iterations of 30 seconds with 16 threads and 16 connections (lua script: ['/home/bakhtinartyom1205/projects/harness-evaluation/barista/benchmarks/spring-petclinic/workloads/mixed-requests.lua'])
	 - Latency: 1 iterations of 30 seconds with 16 threads and 16 connections at [3000] reqs/s (lua script: ['/home/bakhtinartyom1205/projects/harness-evaluation/barista/benchmarks/spring-petclinic/workloads/mixed-requests.lua'])
Total runtime: 0:01:00. Expected finish time 2026-01-05 01:27:31.459004

2026-01-05 01:26:31,459 [INFO] Starting microservice with:
/home/bakhtinartyom1205/projects/harness-evaluation/barista/benchmarks/spring-petclinic/spring-petclinic-sources/target/spring-petclinic-3.0.0-SNAPSHOT.output/default/spring-petclinic
2026-01-05 01:26:31,459 [INFO] Detected app process (pid=66721) with command-line:
/home/bakhtinartyom1205/projects/harness-evaluation/barista/benchmarks/spring-petclinic/spring-petclinic-sources/target/spring-petclinic-3.0.0-SNAPSHOT.output/default/spring-petclinic
2026-01-05 01:26:31,459 [INFO] Running startup measurements: sending 10 GET request(s) to http://127.0.0.1:8006/
2026-01-05 01:26:31,771 [INFO] Received response #1 in 312.02 ms
2026-01-05 01:26:31,772 [INFO] Received response #2 in   1.15 ms
2026-01-05 01:26:31,773 [INFO] Received response #3 in   0.89 ms
2026-01-05 01:26:31,774 [INFO] Received response #4 in   0.78 ms
2026-01-05 01:26:31,775 [INFO] Received response #5 in   0.70 ms
2026-01-05 01:26:31,775 [INFO] Received response #6 in   0.75 ms
2026-01-05 01:26:31,776 [INFO] Received response #7 in   0.70 ms
2026-01-05 01:26:31,777 [INFO] Received response #8 in   0.74 ms
2026-01-05 01:26:31,778 [INFO] Received response #9 in   0.71 ms
2026-01-05 01:26:31,779 [INFO] Received response #10 in   0.72 ms
2026-01-05 01:26:31,779 [INFO] Monitoring memory and CPU usage of process 66721 every 20.0ms
2026-01-05 01:26:31,780 [WARNING] Average throughput was: 0 ops/s. Setting average throughput to 1
2026-01-05 01:26:31,780 [INFO] Average throughput: 1 ops/s
2026-01-05 01:26:31,781 [INFO] Getting fixed rates for latency
2026-01-05 01:26:31,781 [INFO] Now measuring the latency for FIXED mode at 3000 for 1 iterations
2026-01-05 01:26:31,782 [INFO] Running latency iteration 1/1
2026-01-05 01:26:31,782 [INFO] Extracted framework startup time of 264.0 ms
2026-01-05 01:26:31,785 [INFO] Begining to measure latency
2026-01-05 01:26:31,785 [INFO] Running latency command:
wrk2 -d 30s -R 3000 --latency http://127.0.0.1:8006 -t 16 -c 16 --script /home/bakhtinartyom1205/projects/harness-evaluation/barista/benchmarks/spring-petclinic/workloads/mixed-requests.lua -- 16
2026-01-05 01:27:01,797 [INFO] Finished measuring latency
2026-01-05 01:27:01,798 [INFO] Dumping wrk outputs to file 'logs/2026-01-05_01-26-31-bench-71910b/FIXED-3000-latency-1-dump.txt' and to stdout:
Running 30s test @ http://127.0.0.1:8006
  16 threads and 16 connections
  Thread calibration: mean lat.: 1.927ms, rate sampling interval: 10ms
  Thread calibration: mean lat.: 1.939ms, rate sampling interval: 10ms
  Thread calibration: mean lat.: 1.955ms, rate sampling interval: 10ms
  Thread calibration: mean lat.: 1.952ms, rate sampling interval: 10ms
  Thread calibration: mean lat.: 1.887ms, rate sampling interval: 10ms
  Thread calibration: mean lat.: 1.878ms, rate sampling interval: 10ms
  Thread calibration: mean lat.: 1.909ms, rate sampling interval: 10ms
  Thread calibration: mean lat.: 1.893ms, rate sampling interval: 10ms
  Thread calibration: mean lat.: 1.905ms, rate sampling interval: 10ms
  Thread calibration: mean lat.: 1.928ms, rate sampling interval: 10ms
  Thread calibration: mean lat.: 1.921ms, rate sampling interval: 10ms
  Thread calibration: mean lat.: 1.940ms, rate sampling interval: 10ms
  Thread calibration: mean lat.: 1.900ms, rate sampling interval: 10ms
  Thread calibration: mean lat.: 1.890ms, rate sampling interval: 10ms
  Thread calibration: mean lat.: 1.905ms, rate sampling interval: 10ms
  Thread calibration: mean lat.: 1.923ms, rate sampling interval: 10ms
  Thread Stats   Avg      Stdev     Max   +/- Stdev
    Latency     2.05ms    1.88ms  29.98ms   96.82%
    Req/Sec   196.03     53.23     0.89k    79.10%
  Latency Distribution (HdrHistogram - Recorded Latency)
 50.000%    1.74ms
 75.000%    2.07ms
 90.000%    2.42ms
 99.000%   13.97ms
 99.900%   20.33ms
 99.990%   23.77ms
 99.999%   25.69ms
100.000%   30.00ms

  Detailed Percentile spectrum:
       Value   Percentile   TotalCount 1/(1-Percentile)

       0.743     0.000000            1         1.00
       1.226     0.100000         6008         1.11
       1.390     0.200000        12024         1.25
       1.516     0.300000        18046         1.43
       1.629     0.400000        24017         1.67
       1.739     0.500000        29993         2.00
       1.796     0.550000        33018         2.22
       1.857     0.600000        35992         2.50
       1.922     0.650000        38993         2.86
       1.993     0.700000        42020         3.33
       2.069     0.750000        45037         4.00
       2.111     0.775000        46562         4.44
       2.153     0.800000        47996         5.00
       2.203     0.825000        49536         5.71
       2.257     0.850000        50986         6.67
       2.323     0.875000        52481         8.00
       2.367     0.887500        53230         8.89
       2.419     0.900000        53982        10.00
       2.491     0.912500        54735        11.43
       2.619     0.925000        55483        13.33
       2.891     0.937500        56232        16.00
       3.065     0.943750        56605        17.78
       3.259     0.950000        56980        20.00
       3.465     0.956250        57355        22.86
       3.701     0.962500        57731        26.67
       3.949     0.968750        58105        32.00
       4.123     0.971875        58291        35.56
       4.367     0.975000        58480        40.00
       5.015     0.978125        58667        45.71
       7.083     0.981250        58854        53.33
       9.559     0.984375        59040        64.00
      10.831     0.985938        59134        71.11
      12.135     0.987500        59229        80.00
      13.247     0.989062        59322        91.43
      14.383     0.990625        59416       106.67
      15.487     0.992188        59509       128.00
      16.071     0.992969        59556       142.22
      16.639     0.993750        59605       160.00
      17.103     0.994531        59652       182.86
      17.615     0.995313        59697       213.33
      18.111     0.996094        59744       256.00
      18.431     0.996484        59767       284.44
      18.767     0.996875        59790       320.00
      19.007     0.997266        59814       365.71
      19.279     0.997656        59838       426.67
      19.567     0.998047        59860       512.00
      19.727     0.998242        59872       568.89
      19.855     0.998437        59888       640.00
      19.935     0.998633        59896       731.43
      20.175     0.998828        59907       853.33
      20.367     0.999023        59919      1024.00
      20.559     0.999121        59926      1137.78
      20.655     0.999219        59931      1280.00
      21.055     0.999316        59937      1462.86
      21.151     0.999414        59942      1706.67
      21.439     0.999512        59949      2048.00
      21.519     0.999561        59951      2275.56
      21.615     0.999609        59954      2560.00
      21.855     0.999658        59957      2925.71
      21.967     0.999707        59960      3413.33
      22.159     0.999756        59963      4096.00
      22.255     0.999780        59964      4551.11
      22.415     0.999805        59966      5120.00
      22.479     0.999829        59967      5851.43
      22.639     0.999854        59969      6826.67
      22.767     0.999878        59970      8192.00
      23.775     0.999890        59971      9102.22
      23.983     0.999902        59972     10240.00
      23.983     0.999915        59972     11702.86
      24.063     0.999927        59973     13653.33
      24.383     0.999939        59974     16384.00
      24.383     0.999945        59974     18204.44
      24.799     0.999951        59975     20480.00
      24.799     0.999957        59975     23405.71
      24.799     0.999963        59975     27306.67
      25.695     0.999969        59976     32768.00
      25.695     0.999973        59976     36408.89
      25.695     0.999976        59976     40960.00
      25.695     0.999979        59976     46811.43
      25.695     0.999982        59976     54613.33
      29.999     0.999985        59977     65536.00
      29.999     1.000000        59977          inf
#[Mean    =        2.046, StdDeviation   =        1.878]
#[Max     =       29.984, Total count    =        59977]
#[Buckets =           27, SubBuckets     =         2048]
----------------------------------------------------------
  90009 requests in 30.00s, 133.89MB read
Requests/sec:   3000.33
Transfer/sec:      4.46MB

2026-01-05 01:27:01,799 [INFO] Saving all collected metrics to JSON file: /home/bakhtinartyom1205/projects/harness-evaluation/barista/logs/2026-01-05_01-26-31-bench-71910b/barista-results.json
2026-01-05 01:27:01,806 [INFO] Writing to csv files
2026-01-05 01:27:01,806 [INFO] Producing final_measurements-barista_latency_results.csv
2026-01-05 01:27:01,810 [INFO] Dumping application outputs to: logs/2026-01-05_01-26-31-bench-71910b/app-dump.txt
2026-01-05 01:27:01,810 [INFO] Benchmark done
2026-01-05 01:27:01,842 [INFO] ================================================================================
2026-01-05 01:27:01,842 [INFO] Barista report for benchmark 'spring-petclinic'
2026-01-05 01:27:01,842 [INFO] Run command: python3 ./barista.py spring-petclinic --mode native --resource-usage-polling-interval 0.02 --startup-iteration-count 0 --warmup-iteration-count 0 --app-executable /home/bakhtinartyom1205/projects/harness-evaluation/barista/benchmarks/spring-petclinic/spring-petclinic-sources/target/spring-petclinic-3.0.0-SNAPSHOT.output/default/spring-petclinic
2026-01-05 01:27:01,842 [INFO] Resource usage results:
2026-01-05 01:27:01,842 [INFO] 	Resident Set Size:
2026-01-05 01:27:01,842 [INFO] 		              p100.0               357.35 MB
2026-01-05 01:27:01,842 [INFO] 		               p99.0               355.04 MB
2026-01-05 01:27:01,842 [INFO] 		               p98.0               352.61 MB
2026-01-05 01:27:01,842 [INFO] 		               p97.0               352.20 MB
2026-01-05 01:27:01,842 [INFO] 		               p96.0               348.89 MB
2026-01-05 01:27:01,843 [INFO] 		               p95.0               348.48 MB
2026-01-05 01:27:01,843 [INFO] 		               p90.0               339.33 MB
2026-01-05 01:27:01,843 [INFO] 		               p75.0               315.06 MB
2026-01-05 01:27:01,843 [INFO] 		               p50.0               254.07 MB
2026-01-05 01:27:01,843 [INFO] 		               p25.0               211.84 MB
2026-01-05 01:27:01,843 [INFO] 	Virtual Memory Size:
2026-01-05 01:27:01,843 [INFO] 		              p100.0              2446.17 MB
2026-01-05 01:27:01,843 [INFO] 		               p99.0              2442.17 MB
2026-01-05 01:27:01,843 [INFO] 		               p98.0              2439.67 MB
2026-01-05 01:27:01,843 [INFO] 		               p97.0              2438.67 MB
2026-01-05 01:27:01,843 [INFO] 		               p96.0              2436.67 MB
2026-01-05 01:27:01,843 [INFO] 		               p95.0              2435.67 MB
2026-01-05 01:27:01,843 [INFO] 		               p90.0              2424.17 MB
2026-01-05 01:27:01,843 [INFO] 		               p75.0              2399.67 MB
2026-01-05 01:27:01,843 [INFO] 		               p50.0              2335.67 MB
2026-01-05 01:27:01,844 [INFO] 		               p25.0              2291.17 MB
2026-01-05 01:27:01,844 [INFO] 	System-wide CPU utilization:
2026-01-05 01:27:01,844 [INFO] 		              p100.0               741.29 %
2026-01-05 01:27:01,844 [INFO] 		               p99.0               494.81 %
2026-01-05 01:27:01,844 [INFO] 		               p98.0               396.50 %
2026-01-05 01:27:01,844 [INFO] 		               p97.0               395.95 %
2026-01-05 01:27:01,844 [INFO] 		               p96.0               395.54 %
2026-01-05 01:27:01,844 [INFO] 		               p95.0               395.12 %
2026-01-05 01:27:01,844 [INFO] 		               p90.0               346.98 %
2026-01-05 01:27:01,844 [INFO] 		               p75.0               346.30 %
2026-01-05 01:27:01,844 [INFO] 		               p50.0               297.31 %
2026-01-05 01:27:01,844 [INFO] 		               p25.0               296.64 %
2026-01-05 01:27:01,844 [INFO] Latency results: 
2026-01-05 01:27:01,844 [INFO] Results of final_measurements latency measurement
2026-01-05 01:27:01,844 [INFO] 	Measures for latency iteration 1:
2026-01-05 01:27:01,844 [INFO] 		                rate                 3000 ops/s
2026-01-05 01:27:01,844 [INFO] 		              50.000                 1.74 ms
2026-01-05 01:27:01,845 [INFO] 		              75.000                 2.07 ms
2026-01-05 01:27:01,845 [INFO] 		              90.000                 2.42 ms
2026-01-05 01:27:01,845 [INFO] 		              99.000                13.97 ms
2026-01-05 01:27:01,845 [INFO] 		              99.900                20.33 ms
2026-01-05 01:27:01,845 [INFO] 		              99.990                23.77 ms
2026-01-05 01:27:01,845 [INFO] 		              99.999                25.69 ms
2026-01-05 01:27:01,845 [INFO] 		             100.000                30.00 ms
2026-01-05 01:27:01,845 [INFO] ================================================================================
