2026-01-05 01:15:00,084 [INFO] Running Barista harness with args: ['./barista.py', 'micronaut-shopcart', '--mode', 'native', '--resource-usage-polling-interval', '0.02', '--startup-iteration-count', '0', '--warmup-iteration-count', '0', '--app-executable', '/home/bakhtinartyom1205/projects/harness-evaluation/barista/benchmarks/micronaut-shopcart/target/shopcart-0.3.10.output/default/micronaut-shopcart']
2026-01-05 01:15:00,084 [INFO] Java home is pointing to "/opt/graalvm".
2026-01-05 01:15:00,085 [INFO] Getting platform version information with command "/opt/graalvm/bin/java --version"
2026-01-05 01:15:00,145 [INFO] Getting platform version information with command "/opt/graalvm/bin/native-image --version"
2026-01-05 01:15:00,150 [INFO] Version of the available JVM at java home:
openjdk 21.0.1 2023-10-17
OpenJDK Runtime Environment GraalVM CE 21.0.1+12.1 (build 21.0.1+12-jvmci-23.1-b19)
OpenJDK 64-Bit Server VM GraalVM CE 21.0.1+12.1 (build 21.0.1+12-jvmci-23.1-b19, mixed mode, sharing)
native-image 21.0.1 2023-10-17
GraalVM Runtime Environment GraalVM CE 21.0.1+12.1 (build 21.0.1+12-jvmci-23.1-b19)
Substrate VM GraalVM CE 21.0.1+12.1 (build 21.0.1+12, serial gc)

2026-01-05 01:15:00,150 [INFO] Benchmarking of http://127.0.0.1:8001 with NATIVE mode
Redirecting output to: logs/2026-01-05_01-15-00-bench-52aec8
	 - Startup: Repeat 0 iterations: recording first 10 requests, timeout after 60 seconds of no response
	 - Warmup: 0 iterations of 10 seconds with 16 threads and 16 connections (lua script: ['/home/bakhtinartyom1205/projects/harness-evaluation/barista/benchmarks/micronaut-shopcart/workloads/mixed-requests.lua'])
	 - Throughput: 0 iterations of 30 seconds with 16 threads and 16 connections (lua script: ['/home/bakhtinartyom1205/projects/harness-evaluation/barista/benchmarks/micronaut-shopcart/workloads/mixed-requests.lua'])
	 - Latency: 1 iterations of 30 seconds with 16 threads and 16 connections at [800] reqs/s (lua script: ['/home/bakhtinartyom1205/projects/harness-evaluation/barista/benchmarks/micronaut-shopcart/workloads/mixed-requests.lua'])
Total runtime: 0:01:00. Expected finish time 2026-01-05 01:16:00.150868

2026-01-05 01:15:00,151 [INFO] Starting microservice with:
/home/bakhtinartyom1205/projects/harness-evaluation/barista/benchmarks/micronaut-shopcart/target/shopcart-0.3.10.output/default/micronaut-shopcart
2026-01-05 01:15:00,151 [INFO] Detected app process (pid=60098) with command-line:
/home/bakhtinartyom1205/projects/harness-evaluation/barista/benchmarks/micronaut-shopcart/target/shopcart-0.3.10.output/default/micronaut-shopcart
2026-01-05 01:15:00,151 [INFO] Running startup measurements: sending 10 GET request(s) to http://127.0.0.1:8001/
2026-01-05 01:15:00,179 [INFO] Received response #1 in  28.75 ms
2026-01-05 01:15:00,181 [INFO] Received response #2 in   1.34 ms
2026-01-05 01:15:00,182 [INFO] Received response #3 in   0.96 ms
2026-01-05 01:15:00,183 [INFO] Received response #4 in   1.18 ms
2026-01-05 01:15:00,184 [INFO] Received response #5 in   1.03 ms
2026-01-05 01:15:00,185 [INFO] Received response #6 in   0.95 ms
2026-01-05 01:15:00,186 [INFO] Received response #7 in   0.91 ms
2026-01-05 01:15:00,188 [INFO] Received response #8 in   1.70 ms
2026-01-05 01:15:00,189 [INFO] Received response #9 in   0.57 ms
2026-01-05 01:15:00,189 [INFO] Received response #10 in   0.55 ms
2026-01-05 01:15:00,190 [INFO] Monitoring memory and CPU usage of process 60098 every 20.0ms
2026-01-05 01:15:00,192 [WARNING] Average throughput was: 0 ops/s. Setting average throughput to 1
2026-01-05 01:15:00,193 [INFO] Extracted framework startup time of 14.0 ms
2026-01-05 01:15:00,193 [INFO] Average throughput: 1 ops/s
2026-01-05 01:15:00,193 [INFO] Getting fixed rates for latency
2026-01-05 01:15:00,193 [INFO] Now measuring the latency for FIXED mode at 800 for 1 iterations
2026-01-05 01:15:00,193 [INFO] Running latency iteration 1/1
2026-01-05 01:15:00,196 [INFO] Begining to measure latency
2026-01-05 01:15:00,196 [INFO] Running latency command:
wrk2 -d 30s -R 800 --latency http://127.0.0.1:8001 -t 16 -c 16 --script /home/bakhtinartyom1205/projects/harness-evaluation/barista/benchmarks/micronaut-shopcart/workloads/mixed-requests.lua -- 16
2026-01-05 01:15:30,207 [INFO] Finished measuring latency
2026-01-05 01:15:30,208 [INFO] Dumping wrk outputs to file 'logs/2026-01-05_01-15-00-bench-52aec8/FIXED-800-latency-1-dump.txt' and to stdout:
Running 30s test @ http://127.0.0.1:8001
  16 threads and 16 connections
  Thread calibration: mean lat.: 0.903ms, rate sampling interval: 10ms
  Thread calibration: mean lat.: 0.891ms, rate sampling interval: 10ms
  Thread calibration: mean lat.: 0.878ms, rate sampling interval: 10ms
  Thread calibration: mean lat.: 0.883ms, rate sampling interval: 10ms
  Thread calibration: mean lat.: 0.863ms, rate sampling interval: 10ms
  Thread calibration: mean lat.: 0.861ms, rate sampling interval: 10ms
  Thread calibration: mean lat.: 0.874ms, rate sampling interval: 10ms
  Thread calibration: mean lat.: 0.842ms, rate sampling interval: 10ms
  Thread calibration: mean lat.: 0.838ms, rate sampling interval: 10ms
  Thread calibration: mean lat.: 0.866ms, rate sampling interval: 10ms
  Thread calibration: mean lat.: 0.843ms, rate sampling interval: 10ms
  Thread calibration: mean lat.: 0.858ms, rate sampling interval: 10ms
  Thread calibration: mean lat.: 0.831ms, rate sampling interval: 10ms
  Thread calibration: mean lat.: 0.853ms, rate sampling interval: 10ms
  Thread calibration: mean lat.: 0.840ms, rate sampling interval: 10ms
  Thread calibration: mean lat.: 0.834ms, rate sampling interval: 10ms
  Thread Stats   Avg      Stdev     Max   +/- Stdev
    Latency     0.94ms  321.35us   5.44ms   63.84%
    Req/Sec    52.09     51.77   111.00     84.86%
  Latency Distribution (HdrHistogram - Recorded Latency)
 50.000%    0.94ms
 75.000%    1.19ms
 90.000%    1.35ms
 99.000%    1.53ms
 99.900%    2.00ms
 99.990%    4.89ms
 99.999%    5.44ms
100.000%    5.44ms

  Detailed Percentile spectrum:
       Value   Percentile   TotalCount 1/(1-Percentile)

       0.194     0.000000            1         1.00
       0.526     0.100000         1604         1.11
       0.640     0.200000         3211         1.25
       0.739     0.300000         4796         1.43
       0.835     0.400000         6407         1.67
       0.935     0.500000         8000         2.00
       0.989     0.550000         8808         2.22
       1.043     0.600000         9593         2.50
       1.096     0.650000        10404         2.86
       1.144     0.700000        11206         3.33
       1.193     0.750000        11989         4.00
       1.220     0.775000        12397         4.44
       1.244     0.800000        12789         5.00
       1.269     0.825000        13191         5.71
       1.293     0.850000        13588         6.67
       1.320     0.875000        13987         8.00
       1.334     0.887500        14196         8.89
       1.349     0.900000        14391        10.00
       1.363     0.912500        14587        11.43
       1.379     0.925000        14802        13.33
       1.396     0.937500        14991        16.00
       1.405     0.943750        15086        17.78
       1.416     0.950000        15192        20.00
       1.426     0.956250        15297        22.86
       1.437     0.962500        15385        26.67
       1.452     0.968750        15492        32.00
       1.458     0.971875        15539        35.56
       1.466     0.975000        15587        40.00
       1.474     0.978125        15643        45.71
       1.483     0.981250        15692        53.33
       1.494     0.984375        15735        64.00
       1.500     0.985938        15761        71.11
       1.509     0.987500        15785        80.00
       1.518     0.989062        15811        91.43
       1.531     0.990625        15838       106.67
       1.541     0.992188        15863       128.00
       1.549     0.992969        15872       142.22
       1.558     0.993750        15886       160.00
       1.569     0.994531        15898       182.86
       1.580     0.995313        15910       213.33
       1.602     0.996094        15922       256.00
       1.622     0.996484        15928       284.44
       1.647     0.996875        15935       320.00
       1.667     0.997266        15941       365.71
       1.679     0.997656        15947       426.67
       1.715     0.998047        15953       512.00
       1.736     0.998242        15957       568.89
       1.750     0.998437        15960       640.00
       1.815     0.998633        15963       731.43
       1.877     0.998828        15966       853.33
       2.009     0.999023        15969      1024.00
       2.053     0.999121        15970      1137.78
       2.315     0.999219        15972      1280.00
       2.687     0.999316        15974      1462.86
       2.957     0.999414        15975      1706.67
       3.535     0.999512        15977      2048.00
       3.535     0.999561        15977      2275.56
       3.851     0.999609        15978      2560.00
       4.175     0.999658        15979      2925.71
       4.419     0.999707        15980      3413.33
       4.679     0.999756        15981      4096.00
       4.679     0.999780        15981      4551.11
       4.679     0.999805        15981      5120.00
       4.891     0.999829        15982      5851.43
       4.891     0.999854        15982      6826.67
       5.131     0.999878        15983      8192.00
       5.131     0.999890        15983      9102.22
       5.131     0.999902        15983     10240.00
       5.131     0.999915        15983     11702.86
       5.131     0.999927        15983     13653.33
       5.439     0.999939        15984     16384.00
       5.439     1.000000        15984          inf
#[Mean    =        0.939, StdDeviation   =        0.321]
#[Max     =        5.436, Total count    =        15984]
#[Buckets =           27, SubBuckets     =         2048]
----------------------------------------------------------
  24016 requests in 30.00s, 7.17MB read
Requests/sec:    800.51
Transfer/sec:    244.81KB

2026-01-05 01:15:30,209 [INFO] Saving all collected metrics to JSON file: /home/bakhtinartyom1205/projects/harness-evaluation/barista/logs/2026-01-05_01-15-00-bench-52aec8/barista-results.json
2026-01-05 01:15:30,215 [INFO] Writing to csv files
2026-01-05 01:15:30,215 [INFO] Producing final_measurements-barista_latency_results.csv
2026-01-05 01:15:30,218 [INFO] Dumping application outputs to: logs/2026-01-05_01-15-00-bench-52aec8/app-dump.txt
2026-01-05 01:15:30,218 [INFO] Benchmark done
2026-01-05 01:15:30,234 [INFO] ================================================================================
2026-01-05 01:15:30,235 [INFO] Barista report for benchmark 'micronaut-shopcart'
2026-01-05 01:15:30,235 [INFO] Run command: python3 ./barista.py micronaut-shopcart --mode native --resource-usage-polling-interval 0.02 --startup-iteration-count 0 --warmup-iteration-count 0 --app-executable /home/bakhtinartyom1205/projects/harness-evaluation/barista/benchmarks/micronaut-shopcart/target/shopcart-0.3.10.output/default/micronaut-shopcart
2026-01-05 01:15:30,235 [INFO] Resource usage results:
2026-01-05 01:15:30,235 [INFO] 	Resident Set Size:
2026-01-05 01:15:30,235 [INFO] 		              p100.0               129.07 MB
2026-01-05 01:15:30,235 [INFO] 		               p99.0               129.07 MB
2026-01-05 01:15:30,235 [INFO] 		               p98.0               129.07 MB
2026-01-05 01:15:30,235 [INFO] 		               p97.0               129.07 MB
2026-01-05 01:15:30,235 [INFO] 		               p96.0               129.07 MB
2026-01-05 01:15:30,235 [INFO] 		               p95.0               129.07 MB
2026-01-05 01:15:30,235 [INFO] 		               p90.0               129.07 MB
2026-01-05 01:15:30,235 [INFO] 		               p75.0               129.07 MB
2026-01-05 01:15:30,235 [INFO] 		               p50.0               129.07 MB
2026-01-05 01:15:30,235 [INFO] 		               p25.0               128.39 MB
2026-01-05 01:15:30,235 [INFO] 	Virtual Memory Size:
2026-01-05 01:15:30,235 [INFO] 		              p100.0              1459.48 MB
2026-01-05 01:15:30,235 [INFO] 		               p99.0              1459.48 MB
2026-01-05 01:15:30,235 [INFO] 		               p98.0              1459.48 MB
2026-01-05 01:15:30,235 [INFO] 		               p97.0              1459.48 MB
2026-01-05 01:15:30,235 [INFO] 		               p96.0              1459.48 MB
2026-01-05 01:15:30,235 [INFO] 		               p95.0              1459.48 MB
2026-01-05 01:15:30,235 [INFO] 		               p90.0              1459.48 MB
2026-01-05 01:15:30,235 [INFO] 		               p75.0              1459.48 MB
2026-01-05 01:15:30,236 [INFO] 		               p50.0              1458.98 MB
2026-01-05 01:15:30,236 [INFO] 		               p25.0              1457.48 MB
2026-01-05 01:15:30,236 [INFO] 	System-wide CPU utilization:
2026-01-05 01:15:30,236 [INFO] 		              p100.0                99.35 %
2026-01-05 01:15:30,236 [INFO] 		               p99.0                49.68 %
2026-01-05 01:15:30,236 [INFO] 		               p98.0                49.68 %
2026-01-05 01:15:30,236 [INFO] 		               p97.0                49.67 %
2026-01-05 01:15:30,236 [INFO] 		               p96.0                49.66 %
2026-01-05 01:15:30,236 [INFO] 		               p95.0                49.65 %
2026-01-05 01:15:30,236 [INFO] 		               p90.0                49.63 %
2026-01-05 01:15:30,236 [INFO] 		               p75.0                49.51 %
2026-01-05 01:15:30,236 [INFO] 		               p50.0                 0.00 %
2026-01-05 01:15:30,236 [INFO] 		               p25.0                 0.00 %
2026-01-05 01:15:30,236 [INFO] Latency results: 
2026-01-05 01:15:30,236 [INFO] Results of final_measurements latency measurement
2026-01-05 01:15:30,236 [INFO] 	Measures for latency iteration 1:
2026-01-05 01:15:30,236 [INFO] 		                rate                  800 ops/s
2026-01-05 01:15:30,236 [INFO] 		              50.000                 0.94 ms
2026-01-05 01:15:30,236 [INFO] 		              75.000                 1.19 ms
2026-01-05 01:15:30,236 [INFO] 		              90.000                 1.35 ms
2026-01-05 01:15:30,236 [INFO] 		              99.000                 1.53 ms
2026-01-05 01:15:30,236 [INFO] 		              99.900                 2.00 ms
2026-01-05 01:15:30,236 [INFO] 		              99.990                 4.89 ms
2026-01-05 01:15:30,236 [INFO] 		              99.999                 5.44 ms
2026-01-05 01:15:30,236 [INFO] 		             100.000                 5.44 ms
2026-01-05 01:15:30,236 [INFO] ================================================================================
