Running 30s test @ http://6b2e16-container:8001/
  16 threads and 16 connections
  Thread calibration: mean lat.: 1.424ms, rate sampling interval: 10ms
  Thread calibration: mean lat.: 1.439ms, rate sampling interval: 10ms
  Thread calibration: mean lat.: 1.415ms, rate sampling interval: 10ms
  Thread calibration: mean lat.: 1.339ms, rate sampling interval: 10ms
  Thread calibration: mean lat.: 1.357ms, rate sampling interval: 10ms
  Thread calibration: mean lat.: 1.319ms, rate sampling interval: 10ms
  Thread calibration: mean lat.: 1.395ms, rate sampling interval: 10ms
  Thread calibration: mean lat.: 1.411ms, rate sampling interval: 10ms
  Thread calibration: mean lat.: 1.393ms, rate sampling interval: 10ms
  Thread calibration: mean lat.: 1.420ms, rate sampling interval: 10ms
  Thread calibration: mean lat.: 1.412ms, rate sampling interval: 10ms
  Thread calibration: mean lat.: 1.276ms, rate sampling interval: 10ms
  Thread calibration: mean lat.: 1.412ms, rate sampling interval: 10ms
  Thread calibration: mean lat.: 1.350ms, rate sampling interval: 10ms
  Thread calibration: mean lat.: 1.261ms, rate sampling interval: 10ms
  Thread calibration: mean lat.: 1.269ms, rate sampling interval: 10ms
  Thread Stats   Avg      Stdev     Max   +/- Stdev
    Latency     1.10ms  385.67us   8.18ms   71.32%
    Req/Sec    52.86     52.55   111.00     77.76%
  23970 requests in 29.89s, 7.79MB read
Requests/sec:    801.82
Transfer/sec:    266.74KB
