2026-01-05 01:14:27,825 [INFO] Running Barista harness with args: ['./barista.py', 'micronaut-shopcart', '--mode', 'native', '--resource-usage-polling-interval', '0.02', '--startup-iteration-count', '0', '--warmup-iteration-count', '0', '--app-executable', '/home/bakhtinartyom1205/projects/harness-evaluation/barista/benchmarks/micronaut-shopcart/target/shopcart-0.3.10.output/default/micronaut-shopcart']
2026-01-05 01:14:27,826 [INFO] Java home is pointing to "/opt/graalvm".
2026-01-05 01:14:27,826 [INFO] Getting platform version information with command "/opt/graalvm/bin/java --version"
2026-01-05 01:14:27,885 [INFO] Getting platform version information with command "/opt/graalvm/bin/native-image --version"
2026-01-05 01:14:27,890 [INFO] Version of the available JVM at java home:
openjdk 21.0.1 2023-10-17
OpenJDK Runtime Environment GraalVM CE 21.0.1+12.1 (build 21.0.1+12-jvmci-23.1-b19)
OpenJDK 64-Bit Server VM GraalVM CE 21.0.1+12.1 (build 21.0.1+12-jvmci-23.1-b19, mixed mode, sharing)
native-image 21.0.1 2023-10-17
GraalVM Runtime Environment GraalVM CE 21.0.1+12.1 (build 21.0.1+12-jvmci-23.1-b19)
Substrate VM GraalVM CE 21.0.1+12.1 (build 21.0.1+12, serial gc)

2026-01-05 01:14:27,890 [INFO] Benchmarking of http://127.0.0.1:8001 with NATIVE mode
Redirecting output to: logs/2026-01-05_01-14-27-bench-8cee2f
	 - Startup: Repeat 0 iterations: recording first 10 requests, timeout after 60 seconds of no response
	 - Warmup: 0 iterations of 10 seconds with 16 threads and 16 connections (lua script: ['/home/bakhtinartyom1205/projects/harness-evaluation/barista/benchmarks/micronaut-shopcart/workloads/mixed-requests.lua'])
	 - Throughput: 0 iterations of 30 seconds with 16 threads and 16 connections (lua script: ['/home/bakhtinartyom1205/projects/harness-evaluation/barista/benchmarks/micronaut-shopcart/workloads/mixed-requests.lua'])
	 - Latency: 1 iterations of 30 seconds with 16 threads and 16 connections at [800] reqs/s (lua script: ['/home/bakhtinartyom1205/projects/harness-evaluation/barista/benchmarks/micronaut-shopcart/workloads/mixed-requests.lua'])
Total runtime: 0:01:00. Expected finish time 2026-01-05 01:15:27.890655

2026-01-05 01:14:27,890 [INFO] Starting microservice with:
/home/bakhtinartyom1205/projects/harness-evaluation/barista/benchmarks/micronaut-shopcart/target/shopcart-0.3.10.output/default/micronaut-shopcart
2026-01-05 01:14:27,891 [INFO] Detected app process (pid=59405) with command-line:
/home/bakhtinartyom1205/projects/harness-evaluation/barista/benchmarks/micronaut-shopcart/target/shopcart-0.3.10.output/default/micronaut-shopcart
2026-01-05 01:14:27,891 [INFO] Running startup measurements: sending 10 GET request(s) to http://127.0.0.1:8001/
2026-01-05 01:14:27,918 [INFO] Received response #1 in  28.11 ms
2026-01-05 01:14:27,920 [INFO] Received response #2 in   1.25 ms
2026-01-05 01:14:27,921 [INFO] Received response #3 in   0.96 ms
2026-01-05 01:14:27,922 [INFO] Received response #4 in   1.05 ms
2026-01-05 01:14:27,923 [INFO] Received response #5 in   0.89 ms
2026-01-05 01:14:27,924 [INFO] Received response #6 in   1.17 ms
2026-01-05 01:14:27,925 [INFO] Received response #7 in   0.89 ms
2026-01-05 01:14:27,926 [INFO] Received response #8 in   0.90 ms
2026-01-05 01:14:27,927 [INFO] Received response #9 in   0.54 ms
2026-01-05 01:14:27,927 [INFO] Received response #10 in   0.55 ms
2026-01-05 01:14:27,928 [INFO] Monitoring memory and CPU usage of process 59405 every 20.0ms
2026-01-05 01:14:27,928 [WARNING] Average throughput was: 0 ops/s. Setting average throughput to 1
2026-01-05 01:14:27,928 [INFO] Average throughput: 1 ops/s
2026-01-05 01:14:27,928 [INFO] Getting fixed rates for latency
2026-01-05 01:14:27,928 [INFO] Now measuring the latency for FIXED mode at 800 for 1 iterations
2026-01-05 01:14:27,930 [INFO] Running latency iteration 1/1
2026-01-05 01:14:27,931 [INFO] Extracted framework startup time of 13.0 ms
2026-01-05 01:14:27,933 [INFO] Begining to measure latency
2026-01-05 01:14:27,933 [INFO] Running latency command:
wrk2 -d 30s -R 800 --latency http://127.0.0.1:8001 -t 16 -c 16 --script /home/bakhtinartyom1205/projects/harness-evaluation/barista/benchmarks/micronaut-shopcart/workloads/mixed-requests.lua -- 16
2026-01-05 01:14:57,943 [INFO] Finished measuring latency
2026-01-05 01:14:57,945 [INFO] Dumping wrk outputs to file 'logs/2026-01-05_01-14-27-bench-8cee2f/FIXED-800-latency-1-dump.txt' and to stdout:
Running 30s test @ http://127.0.0.1:8001
  16 threads and 16 connections
  Thread calibration: mean lat.: 0.893ms, rate sampling interval: 10ms
  Thread calibration: mean lat.: 0.877ms, rate sampling interval: 10ms
  Thread calibration: mean lat.: 0.889ms, rate sampling interval: 10ms
  Thread calibration: mean lat.: 0.890ms, rate sampling interval: 10ms
  Thread calibration: mean lat.: 0.830ms, rate sampling interval: 10ms
  Thread calibration: mean lat.: 0.881ms, rate sampling interval: 10ms
  Thread calibration: mean lat.: 0.845ms, rate sampling interval: 10ms
  Thread calibration: mean lat.: 0.840ms, rate sampling interval: 10ms
  Thread calibration: mean lat.: 0.848ms, rate sampling interval: 10ms
  Thread calibration: mean lat.: 0.851ms, rate sampling interval: 10ms
  Thread calibration: mean lat.: 0.841ms, rate sampling interval: 10ms
  Thread calibration: mean lat.: 0.848ms, rate sampling interval: 10ms
  Thread calibration: mean lat.: 0.854ms, rate sampling interval: 10ms
  Thread calibration: mean lat.: 0.846ms, rate sampling interval: 10ms
  Thread calibration: mean lat.: 0.835ms, rate sampling interval: 10ms
  Thread calibration: mean lat.: 0.839ms, rate sampling interval: 10ms
  Thread Stats   Avg      Stdev     Max   +/- Stdev
    Latency     0.95ms  307.92us   2.38ms   61.54%
    Req/Sec    52.12     51.84   111.00     84.24%
  Latency Distribution (HdrHistogram - Recorded Latency)
 50.000%    0.95ms
 75.000%    1.20ms
 90.000%    1.35ms
 99.000%    1.53ms
 99.900%    1.76ms
 99.990%    2.05ms
 99.999%    2.38ms
100.000%    2.38ms

  Detailed Percentile spectrum:
       Value   Percentile   TotalCount 1/(1-Percentile)

       0.197     0.000000            1         1.00
       0.544     0.100000         1602         1.11
       0.648     0.200000         3204         1.25
       0.741     0.300000         4799         1.43
       0.838     0.400000         6396         1.67
       0.951     0.500000         7999         2.00
       1.006     0.550000         8802         2.22
       1.056     0.600000         9604         2.50
       1.108     0.650000        10403         2.86
       1.154     0.700000        11195         3.33
       1.201     0.750000        11996         4.00
       1.224     0.775000        12394         4.44
       1.250     0.800000        12801         5.00
       1.275     0.825000        13202         5.71
       1.300     0.850000        13598         6.67
       1.326     0.875000        13996         8.00
       1.339     0.887500        14193         8.89
       1.353     0.900000        14398        10.00
       1.368     0.912500        14588        11.43
       1.387     0.925000        14789        13.33
       1.406     0.937500        14987        16.00
       1.415     0.943750        15089        17.78
       1.426     0.950000        15187        20.00
       1.436     0.956250        15292        22.86
       1.447     0.962500        15386        26.67
       1.460     0.968750        15486        32.00
       1.467     0.971875        15538        35.56
       1.474     0.975000        15588        40.00
       1.483     0.978125        15639        45.71
       1.492     0.981250        15687        53.33
       1.504     0.984375        15742        64.00
       1.509     0.985938        15760        71.11
       1.517     0.987500        15790        80.00
       1.526     0.989062        15814        91.43
       1.533     0.990625        15836       106.67
       1.544     0.992188        15861       128.00
       1.550     0.992969        15872       142.22
       1.557     0.993750        15886       160.00
       1.566     0.994531        15897       182.86
       1.600     0.995313        15911       213.33
       1.622     0.996094        15924       256.00
       1.630     0.996484        15928       284.44
       1.645     0.996875        15935       320.00
       1.665     0.997266        15941       365.71
       1.674     0.997656        15947       426.67
       1.693     0.998047        15953       512.00
       1.702     0.998242        15956       568.89
       1.734     0.998437        15960       640.00
       1.748     0.998633        15963       731.43
       1.763     0.998828        15966       853.33
       1.771     0.999023        15969      1024.00
       1.773     0.999121        15970      1137.78
       1.798     0.999219        15972      1280.00
       1.812     0.999316        15974      1462.86
       1.813     0.999414        15975      1706.67
       1.841     0.999512        15977      2048.00
       1.841     0.999561        15977      2275.56
       1.875     0.999609        15978      2560.00
       1.909     0.999658        15979      2925.71
       1.956     0.999707        15980      3413.33
       1.964     0.999756        15981      4096.00
       1.964     0.999780        15981      4551.11
       1.964     0.999805        15981      5120.00
       2.045     0.999829        15982      5851.43
       2.045     0.999854        15982      6826.67
       2.167     0.999878        15983      8192.00
       2.167     0.999890        15983      9102.22
       2.167     0.999902        15983     10240.00
       2.167     0.999915        15983     11702.86
       2.167     0.999927        15983     13653.33
       2.379     0.999939        15984     16384.00
       2.379     1.000000        15984          inf
#[Mean    =        0.948, StdDeviation   =        0.308]
#[Max     =        2.378, Total count    =        15984]
#[Buckets =           27, SubBuckets     =         2048]
----------------------------------------------------------
  24016 requests in 30.00s, 7.17MB read
Requests/sec:    800.50
Transfer/sec:    244.83KB

2026-01-05 01:14:57,946 [INFO] Saving all collected metrics to JSON file: /home/bakhtinartyom1205/projects/harness-evaluation/barista/logs/2026-01-05_01-14-27-bench-8cee2f/barista-results.json
2026-01-05 01:14:57,952 [INFO] Writing to csv files
2026-01-05 01:14:57,952 [INFO] Producing final_measurements-barista_latency_results.csv
2026-01-05 01:14:57,955 [INFO] Dumping application outputs to: logs/2026-01-05_01-14-27-bench-8cee2f/app-dump.txt
2026-01-05 01:14:57,955 [INFO] Benchmark done
2026-01-05 01:14:57,987 [INFO] ================================================================================
2026-01-05 01:14:57,987 [INFO] Barista report for benchmark 'micronaut-shopcart'
2026-01-05 01:14:57,987 [INFO] Run command: python3 ./barista.py micronaut-shopcart --mode native --resource-usage-polling-interval 0.02 --startup-iteration-count 0 --warmup-iteration-count 0 --app-executable /home/bakhtinartyom1205/projects/harness-evaluation/barista/benchmarks/micronaut-shopcart/target/shopcart-0.3.10.output/default/micronaut-shopcart
2026-01-05 01:14:57,987 [INFO] Resource usage results:
2026-01-05 01:14:57,987 [INFO] 	Resident Set Size:
2026-01-05 01:14:57,987 [INFO] 		              p100.0               125.72 MB
2026-01-05 01:14:57,987 [INFO] 		               p99.0               125.72 MB
2026-01-05 01:14:57,987 [INFO] 		               p98.0               125.72 MB
2026-01-05 01:14:57,987 [INFO] 		               p97.0               125.72 MB
2026-01-05 01:14:57,987 [INFO] 		               p96.0               125.72 MB
2026-01-05 01:14:57,987 [INFO] 		               p95.0               125.72 MB
2026-01-05 01:14:57,987 [INFO] 		               p90.0               125.72 MB
2026-01-05 01:14:57,987 [INFO] 		               p75.0               125.72 MB
2026-01-05 01:14:57,987 [INFO] 		               p50.0               124.98 MB
2026-01-05 01:14:57,987 [INFO] 		               p25.0               124.70 MB
2026-01-05 01:14:57,987 [INFO] 	Virtual Memory Size:
2026-01-05 01:14:57,987 [INFO] 		              p100.0              1459.48 MB
2026-01-05 01:14:57,987 [INFO] 		               p99.0              1459.48 MB
2026-01-05 01:14:57,987 [INFO] 		               p98.0              1459.48 MB
2026-01-05 01:14:57,987 [INFO] 		               p97.0              1459.48 MB
2026-01-05 01:14:57,987 [INFO] 		               p96.0              1459.48 MB
2026-01-05 01:14:57,987 [INFO] 		               p95.0              1459.48 MB
2026-01-05 01:14:57,987 [INFO] 		               p90.0              1459.48 MB
2026-01-05 01:14:57,988 [INFO] 		               p75.0              1459.48 MB
2026-01-05 01:14:57,988 [INFO] 		               p50.0              1458.98 MB
2026-01-05 01:14:57,988 [INFO] 		               p25.0              1457.48 MB
2026-01-05 01:14:57,988 [INFO] 	System-wide CPU utilization:
2026-01-05 01:14:57,988 [INFO] 		              p100.0                99.37 %
2026-01-05 01:14:57,988 [INFO] 		               p99.0                49.69 %
2026-01-05 01:14:57,988 [INFO] 		               p98.0                49.68 %
2026-01-05 01:14:57,988 [INFO] 		               p97.0                49.67 %
2026-01-05 01:14:57,988 [INFO] 		               p96.0                49.66 %
2026-01-05 01:14:57,988 [INFO] 		               p95.0                49.66 %
2026-01-05 01:14:57,988 [INFO] 		               p90.0                49.64 %
2026-01-05 01:14:57,988 [INFO] 		               p75.0                49.51 %
2026-01-05 01:14:57,988 [INFO] 		               p50.0                 0.00 %
2026-01-05 01:14:57,988 [INFO] 		               p25.0                 0.00 %
2026-01-05 01:14:57,988 [INFO] Latency results: 
2026-01-05 01:14:57,988 [INFO] Results of final_measurements latency measurement
2026-01-05 01:14:57,988 [INFO] 	Measures for latency iteration 1:
2026-01-05 01:14:57,988 [INFO] 		                rate                  800 ops/s
2026-01-05 01:14:57,988 [INFO] 		              50.000                 0.95 ms
2026-01-05 01:14:57,988 [INFO] 		              75.000                 1.20 ms
2026-01-05 01:14:57,988 [INFO] 		              90.000                 1.35 ms
2026-01-05 01:14:57,988 [INFO] 		              99.000                 1.53 ms
2026-01-05 01:14:57,988 [INFO] 		              99.900                 1.76 ms
2026-01-05 01:14:57,988 [INFO] 		              99.990                 2.05 ms
2026-01-05 01:14:57,988 [INFO] 		              99.999                 2.38 ms
2026-01-05 01:14:57,988 [INFO] 		             100.000                 2.38 ms
2026-01-05 01:14:57,989 [INFO] ================================================================================
