2026-01-05 01:45:55,530 [INFO] Running Barista harness with args: ['./barista.py', 'quarkus-tika', '--mode', 'jvm', '--resource-usage-polling-interval', '0.02', '--startup-iteration-count', '0', '--warmup-iteration-count', '0']
2026-01-05 01:45:55,530 [INFO] Java home is pointing to "/opt/graalvm".
2026-01-05 01:45:55,530 [INFO] Getting platform version information with command "/opt/graalvm/bin/java --version"
2026-01-05 01:45:55,591 [INFO] Getting platform version information with command "/opt/graalvm/bin/native-image --version"
2026-01-05 01:45:55,596 [INFO] Version of the available JVM at java home:
openjdk 21.0.1 2023-10-17
OpenJDK Runtime Environment GraalVM CE 21.0.1+12.1 (build 21.0.1+12-jvmci-23.1-b19)
OpenJDK 64-Bit Server VM GraalVM CE 21.0.1+12.1 (build 21.0.1+12-jvmci-23.1-b19, mixed mode, sharing)
native-image 21.0.1 2023-10-17
GraalVM Runtime Environment GraalVM CE 21.0.1+12.1 (build 21.0.1+12-jvmci-23.1-b19)
Substrate VM GraalVM CE 21.0.1+12.1 (build 21.0.1+12, serial gc)

2026-01-05 01:45:55,597 [INFO] Locating the app build artifact with command "/home/bakhtinartyom1205/projects/harness-evaluation/barista/benchmarks/quarkus-tika/build.sh --get-jar"
2026-01-05 01:45:55,597 [INFO] Running the following command in a subprocess:
/home/bakhtinartyom1205/projects/harness-evaluation/barista/benchmarks/quarkus-tika/build.sh --get-jar
2026-01-05 01:45:55,601 [INFO] Dumping the stdout of the subprocess:
application jar file path is: /home/bakhtinartyom1205/projects/harness-evaluation/barista/benchmarks/quarkus-tika/target/tika-quickstart-1.0.11-runner.jar

2026-01-05 01:45:55,601 [INFO] Dumping the stderr of the subprocess:
+ '[' 1 -gt 0 ']'
+ '[' --get-jar = --help ']'
+++ dirname /home/bakhtinartyom1205/projects/harness-evaluation/barista/benchmarks/quarkus-tika/build.sh
++ cd -P /home/bakhtinartyom1205/projects/harness-evaluation/barista/benchmarks/quarkus-tika
++ pwd
+ DIR=/home/bakhtinartyom1205/projects/harness-evaluation/barista/benchmarks/quarkus-tika
+ VERSION=1.0.11
+ JAR=/home/bakhtinartyom1205/projects/harness-evaluation/barista/benchmarks/quarkus-tika/target/tika-quickstart-1.0.11-runner.jar
+ NIB=/home/bakhtinartyom1205/projects/harness-evaluation/barista/benchmarks/quarkus-tika/target/tika-quickstart-1.0.11.nib
+ IMAGE_NAME=tika-quickstart-1.0.11-runner
+ '[' 1 -gt 0 ']'
+ '[' --get-jar = --get-jar ']'
+ echo 'application jar file path is: /home/bakhtinartyom1205/projects/harness-evaluation/barista/benchmarks/quarkus-tika/target/tika-quickstart-1.0.11-runner.jar'
+ exit 0

2026-01-05 01:45:55,602 [INFO] Benchmarking of http://127.0.0.1:8004 with JVM mode
Redirecting output to: logs/2026-01-05_01-45-55-bench-44d6eb
	 - Startup: Repeat 0 iterations: recording first 10 requests, timeout after 60 seconds of no response
	 - Warmup: 0 iterations of 10 seconds with 16 threads and 16 connections (lua script: ['/home/bakhtinartyom1205/projects/harness-evaluation/barista/benchmarks/quarkus-tika/workloads/mixed-requests.lua'])
	 - Throughput: 0 iterations of 30 seconds with 16 threads and 16 connections (lua script: ['/home/bakhtinartyom1205/projects/harness-evaluation/barista/benchmarks/quarkus-tika/workloads/mixed-requests.lua'])
	 - Latency: 1 iterations of 30 seconds with 16 threads and 16 connections at [1000] reqs/s (lua script: ['/home/bakhtinartyom1205/projects/harness-evaluation/barista/benchmarks/quarkus-tika/workloads/mixed-requests.lua'])
Total runtime: 0:01:00. Expected finish time 2026-01-05 01:46:55.602064

2026-01-05 01:45:55,602 [INFO] Starting microservice with:
/opt/graalvm/bin/java -jar /home/bakhtinartyom1205/projects/harness-evaluation/barista/benchmarks/quarkus-tika/target/tika-quickstart-1.0.11-runner.jar
2026-01-05 01:45:55,602 [INFO] Detected app process (pid=77447) with command-line:
/opt/graalvm/bin/java -jar /home/bakhtinartyom1205/projects/harness-evaluation/barista/benchmarks/quarkus-tika/target/tika-quickstart-1.0.11-runner.jar
2026-01-05 01:45:55,602 [INFO] Running startup measurements: sending 10 GET request(s) to http://127.0.0.1:8004/
2026-01-05 01:45:56,778 [INFO] Received response #1 in 1176.72 ms
2026-01-05 01:45:56,781 [INFO] Received response #2 in   2.42 ms
2026-01-05 01:45:56,784 [INFO] Received response #3 in   3.11 ms
2026-01-05 01:45:56,786 [INFO] Received response #4 in   1.90 ms
2026-01-05 01:45:56,788 [INFO] Received response #5 in   1.82 ms
2026-01-05 01:45:56,790 [INFO] Received response #6 in   1.81 ms
2026-01-05 01:45:56,792 [INFO] Received response #7 in   1.65 ms
2026-01-05 01:45:56,794 [INFO] Received response #8 in   1.72 ms
2026-01-05 01:45:56,795 [INFO] Received response #9 in   1.31 ms
2026-01-05 01:45:56,796 [INFO] Received response #10 in   1.19 ms
2026-01-05 01:45:56,797 [INFO] Monitoring memory and CPU usage of process 77447 every 20.0ms
2026-01-05 01:45:56,797 [WARNING] Average throughput was: 0 ops/s. Setting average throughput to 1
2026-01-05 01:45:56,797 [INFO] Average throughput: 1 ops/s
2026-01-05 01:45:56,797 [INFO] Getting fixed rates for latency
2026-01-05 01:45:56,799 [INFO] Now measuring the latency for FIXED mode at 1000 for 1 iterations
2026-01-05 01:45:56,799 [INFO] Extracted framework startup time of 996.0 ms
2026-01-05 01:45:56,800 [INFO] Running latency iteration 1/1
2026-01-05 01:45:56,802 [INFO] Begining to measure latency
2026-01-05 01:45:56,802 [INFO] Running latency command:
wrk2 -d 30s -R 1000 --latency http://127.0.0.1:8004 -t 16 -c 16 --script /home/bakhtinartyom1205/projects/harness-evaluation/barista/benchmarks/quarkus-tika/workloads/mixed-requests.lua -- 16
2026-01-05 01:46:26,818 [INFO] Finished measuring latency
2026-01-05 01:46:26,820 [INFO] Dumping wrk outputs to file 'logs/2026-01-05_01-45-55-bench-44d6eb/FIXED-1000-latency-1-dump.txt' and to stdout:
Running 30s test @ http://127.0.0.1:8004
  16 threads and 16 connections
  Thread calibration: mean lat.: 118.229ms, rate sampling interval: 1082ms
  Thread calibration: mean lat.: 94.268ms, rate sampling interval: 926ms
  Thread calibration: mean lat.: 96.066ms, rate sampling interval: 926ms
  Thread calibration: mean lat.: 102.427ms, rate sampling interval: 964ms
  Thread calibration: mean lat.: 92.608ms, rate sampling interval: 950ms
  Thread calibration: mean lat.: 99.817ms, rate sampling interval: 951ms
  Thread calibration: mean lat.: 94.796ms, rate sampling interval: 859ms
  Thread calibration: mean lat.: 87.129ms, rate sampling interval: 889ms
  Thread calibration: mean lat.: 93.178ms, rate sampling interval: 928ms
  Thread calibration: mean lat.: 98.685ms, rate sampling interval: 880ms
  Thread calibration: mean lat.: 73.827ms, rate sampling interval: 654ms
  Thread calibration: mean lat.: 85.802ms, rate sampling interval: 918ms
  Thread calibration: mean lat.: 108.223ms, rate sampling interval: 1098ms
  Thread calibration: mean lat.: 78.912ms, rate sampling interval: 785ms
  Thread calibration: mean lat.: 94.451ms, rate sampling interval: 907ms
  Thread calibration: mean lat.: 87.427ms, rate sampling interval: 835ms
  Thread Stats   Avg      Stdev     Max   +/- Stdev
    Latency     3.22ms    3.00ms  45.38ms   96.15%
    Req/Sec    61.98      0.56    64.00     99.14%
  Latency Distribution (HdrHistogram - Recorded Latency)
 50.000%    2.68ms
 75.000%    3.33ms
 90.000%    3.95ms
 99.000%   22.13ms
 99.900%   28.99ms
 99.990%   41.79ms
 99.999%   45.41ms
100.000%   45.41ms

  Detailed Percentile spectrum:
       Value   Percentile   TotalCount 1/(1-Percentile)

       1.085     0.000000            1         1.00
       1.773     0.100000         2002         1.11
       2.020     0.200000         3998         1.25
       2.223     0.300000         6002         1.43
       2.443     0.400000         8007         1.67
       2.679     0.500000         9995         2.00
       2.797     0.550000        10998         2.22
       2.919     0.600000        12008         2.50
       3.043     0.650000        13009         2.86
       3.173     0.700000        13992         3.33
       3.327     0.750000        14994         4.00
       3.405     0.775000        15494         4.44
       3.485     0.800000        15993         5.00
       3.575     0.825000        16488         5.71
       3.675     0.850000        16994         6.67
       3.791     0.875000        17489         8.00
       3.863     0.887500        17739         8.89
       3.947     0.900000        17989        10.00
       4.053     0.912500        18239        11.43
       4.191     0.925000        18495        13.33
       4.391     0.937500        18737        16.00
       4.559     0.943750        18865        17.78
       4.823     0.950000        18986        20.00
       5.287     0.956250        19110        22.86
       6.503     0.962500        19235        26.67
       8.871     0.968750        19360        32.00
      10.079     0.971875        19422        35.56
      11.095     0.975000        19485        40.00
      12.287     0.978125        19547        45.71
      14.255     0.981250        19610        53.33
      16.719     0.984375        19672        64.00
      18.559     0.985938        19703        71.11
      20.191     0.987500        19735        80.00
      21.439     0.989062        19766        91.43
      22.303     0.990625        19798       106.67
      23.247     0.992188        19828       128.00
      23.631     0.992969        19844       142.22
      24.031     0.993750        19861       160.00
      24.559     0.994531        19876       182.86
      24.943     0.995313        19892       213.33
      25.455     0.996094        19906       256.00
      26.015     0.996484        19914       284.44
      26.255     0.996875        19922       320.00
      26.847     0.997266        19930       365.71
      27.455     0.997656        19938       426.67
      27.743     0.998047        19945       512.00
      27.919     0.998242        19949       568.89
      28.047     0.998437        19953       640.00
      28.271     0.998633        19957       731.43
      28.735     0.998828        19961       853.33
      29.199     0.999023        19965      1024.00
      29.439     0.999121        19968      1137.78
      29.759     0.999219        19969      1280.00
      30.319     0.999316        19971      1462.86
      31.535     0.999414        19973      1706.67
      32.255     0.999512        19975      2048.00
      32.959     0.999561        19976      2275.56
      34.367     0.999609        19977      2560.00
      34.559     0.999658        19978      2925.71
      36.767     0.999707        19979      3413.33
      37.151     0.999756        19980      4096.00
      37.151     0.999780        19980      4551.11
      38.367     0.999805        19981      5120.00
      38.367     0.999829        19981      5851.43
      41.791     0.999854        19982      6826.67
      41.791     0.999878        19982      8192.00
      41.791     0.999890        19982      9102.22
      42.399     0.999902        19983     10240.00
      42.399     0.999915        19983     11702.86
      42.399     0.999927        19983     13653.33
      42.399     0.999939        19983     16384.00
      42.399     0.999945        19983     18204.44
      45.407     0.999951        19984     20480.00
      45.407     1.000000        19984          inf
#[Mean    =        3.219, StdDeviation   =        3.003]
#[Max     =       45.376, Total count    =        19984]
#[Buckets =           27, SubBuckets     =         2048]
----------------------------------------------------------
  30016 requests in 30.00s, 2.63MB read
Requests/sec:   1000.47
Transfer/sec:     89.89KB

2026-01-05 01:46:26,821 [INFO] Saving all collected metrics to JSON file: /home/bakhtinartyom1205/projects/harness-evaluation/barista/logs/2026-01-05_01-45-55-bench-44d6eb/barista-results.json
2026-01-05 01:46:26,828 [INFO] Writing to csv files
2026-01-05 01:46:26,828 [INFO] Producing final_measurements-barista_latency_results.csv
2026-01-05 01:46:26,832 [INFO] Dumping application outputs to: logs/2026-01-05_01-45-55-bench-44d6eb/app-dump.txt
2026-01-05 01:46:26,832 [INFO] Benchmark done
2026-01-05 01:46:26,904 [INFO] ================================================================================
2026-01-05 01:46:26,904 [INFO] Barista report for benchmark 'quarkus-tika'
2026-01-05 01:46:26,904 [INFO] Run command: python3 ./barista.py quarkus-tika --mode jvm --resource-usage-polling-interval 0.02 --startup-iteration-count 0 --warmup-iteration-count 0
2026-01-05 01:46:26,904 [INFO] Resource usage results:
2026-01-05 01:46:26,904 [INFO] 	Resident Set Size:
2026-01-05 01:46:26,904 [INFO] 		              p100.0              3465.21 MB
2026-01-05 01:46:26,904 [INFO] 		               p99.0              3428.76 MB
2026-01-05 01:46:26,904 [INFO] 		               p98.0              3428.69 MB
2026-01-05 01:46:26,904 [INFO] 		               p97.0              3428.62 MB
2026-01-05 01:46:26,904 [INFO] 		               p96.0              3428.55 MB
2026-01-05 01:46:26,904 [INFO] 		               p95.0              3428.55 MB
2026-01-05 01:46:26,904 [INFO] 		               p90.0              3428.06 MB
2026-01-05 01:46:26,904 [INFO] 		               p75.0              2907.63 MB
2026-01-05 01:46:26,904 [INFO] 		               p50.0              2815.03 MB
2026-01-05 01:46:26,904 [INFO] 		               p25.0              2380.79 MB
2026-01-05 01:46:26,904 [INFO] 	Virtual Memory Size:
2026-01-05 01:46:26,904 [INFO] 		              p100.0             21936.04 MB
2026-01-05 01:46:26,904 [INFO] 		               p99.0             21936.04 MB
2026-01-05 01:46:26,904 [INFO] 		               p98.0             21929.16 MB
2026-01-05 01:46:26,904 [INFO] 		               p97.0             21914.04 MB
2026-01-05 01:46:26,904 [INFO] 		               p96.0             21909.09 MB
2026-01-05 01:46:26,904 [INFO] 		               p95.0             21909.09 MB
2026-01-05 01:46:26,904 [INFO] 		               p90.0             21908.04 MB
2026-01-05 01:46:26,905 [INFO] 		               p75.0             21906.04 MB
2026-01-05 01:46:26,905 [INFO] 		               p50.0             21904.54 MB
2026-01-05 01:46:26,905 [INFO] 		               p25.0             21904.04 MB
2026-01-05 01:46:26,905 [INFO] 	System-wide CPU utilization:
2026-01-05 01:46:26,905 [INFO] 		              p100.0               889.00 %
2026-01-05 01:46:26,905 [INFO] 		               p99.0               791.53 %
2026-01-05 01:46:26,905 [INFO] 		               p98.0               790.42 %
2026-01-05 01:46:26,905 [INFO] 		               p97.0               790.06 %
2026-01-05 01:46:26,905 [INFO] 		               p96.0               746.78 %
2026-01-05 01:46:26,905 [INFO] 		               p95.0               741.24 %
2026-01-05 01:46:26,905 [INFO] 		               p90.0               640.24 %
2026-01-05 01:46:26,905 [INFO] 		               p75.0               395.69 %
2026-01-05 01:46:26,905 [INFO] 		               p50.0               297.20 %
2026-01-05 01:46:26,905 [INFO] 		               p25.0               246.39 %
2026-01-05 01:46:26,905 [INFO] Latency results: 
2026-01-05 01:46:26,905 [INFO] Results of final_measurements latency measurement
2026-01-05 01:46:26,905 [INFO] 	Measures for latency iteration 1:
2026-01-05 01:46:26,905 [INFO] 		                rate                 1000 ops/s
2026-01-05 01:46:26,905 [INFO] 		              50.000                 2.68 ms
2026-01-05 01:46:26,905 [INFO] 		              75.000                 3.33 ms
2026-01-05 01:46:26,905 [INFO] 		              90.000                 3.95 ms
2026-01-05 01:46:26,905 [INFO] 		              99.000                22.13 ms
2026-01-05 01:46:26,905 [INFO] 		              99.900                28.99 ms
2026-01-05 01:46:26,905 [INFO] 		              99.990                41.79 ms
2026-01-05 01:46:26,905 [INFO] 		              99.999                45.41 ms
2026-01-05 01:46:26,905 [INFO] 		             100.000                45.41 ms
2026-01-05 01:46:26,905 [INFO] ================================================================================
