2026-01-05 03:33:53,723 [INFO] Running Barista harness with args: ['./barista.py', 'micronaut-shopcart', '--mode', 'jvm', '--resource-usage-polling-interval', '0.02', '--startup-iteration-count', '0', '--warmup-iteration-count', '0']
2026-01-05 03:33:53,724 [INFO] Java home is pointing to "/opt/graalvm".
2026-01-05 03:33:53,724 [INFO] Getting platform version information with command "/opt/graalvm/bin/java --version"
2026-01-05 03:33:53,815 [INFO] Getting platform version information with command "/opt/graalvm/bin/native-image --version"
2026-01-05 03:33:53,823 [INFO] Version of the available JVM at java home:
openjdk 23 2024-09-17
OpenJDK Runtime Environment GraalVM CE 23+37.1 (build 23+37-jvmci-b01)
OpenJDK 64-Bit Server VM GraalVM CE 23+37.1 (build 23+37-jvmci-b01, mixed mode, sharing)
native-image 23 2024-09-17
GraalVM Runtime Environment GraalVM CE 23+37.1 (build 23+37-jvmci-b01)
Substrate VM GraalVM CE 23+37.1 (build 23+37, serial gc)

2026-01-05 03:33:53,823 [INFO] Locating the app build artifact with command "/app/barista/benchmarks/micronaut-shopcart/build.sh --get-jar"
2026-01-05 03:33:53,823 [INFO] Running the following command in a subprocess:
/app/barista/benchmarks/micronaut-shopcart/build.sh --get-jar
2026-01-05 03:33:53,830 [INFO] Dumping the stdout of the subprocess:
application jar file path is: /app/barista/benchmarks/micronaut-shopcart/target/shopcart-0.3.10.jar

2026-01-05 03:33:53,830 [INFO] Dumping the stderr of the subprocess:
+ '[' 1 -gt 0 ']'
+ '[' --get-jar = --help ']'
+++ dirname /app/barista/benchmarks/micronaut-shopcart/build.sh
++ cd -P /app/barista/benchmarks/micronaut-shopcart
++ pwd
+ DIR=/app/barista/benchmarks/micronaut-shopcart
+ VERSION=0.3.10
+ JAR=/app/barista/benchmarks/micronaut-shopcart/target/shopcart-0.3.10.jar
+ NIB=/app/barista/benchmarks/micronaut-shopcart/target/shopcart-0.3.10.nib
+ '[' 1 -gt 0 ']'
+ '[' --get-jar = --get-jar ']'
+ echo 'application jar file path is: /app/barista/benchmarks/micronaut-shopcart/target/shopcart-0.3.10.jar'
+ exit 0

2026-01-05 03:33:53,831 [INFO] Benchmarking of http://127.0.0.1:8001 with JVM mode
Redirecting output to: logs/2026-01-05_03-33-53-bench-d31ce7
	 - Startup: Repeat 0 iterations: recording first 10 requests, timeout after 60 seconds of no response
	 - Warmup: 0 iterations of 10 seconds with 16 threads and 16 connections (lua script: ['/app/barista/benchmarks/micronaut-shopcart/workloads/mixed-requests.lua'])
	 - Throughput: 0 iterations of 30 seconds with 16 threads and 16 connections (lua script: ['/app/barista/benchmarks/micronaut-shopcart/workloads/mixed-requests.lua'])
	 - Latency: 1 iterations of 30 seconds with 16 threads and 16 connections at [800] reqs/s (lua script: ['/app/barista/benchmarks/micronaut-shopcart/workloads/mixed-requests.lua'])
Total runtime: 0:01:00. Expected finish time 2026-01-05 03:34:53.831500

2026-01-05 03:33:53,831 [INFO] Starting microservice with:
/opt/graalvm/bin/java -jar /app/barista/benchmarks/micronaut-shopcart/target/shopcart-0.3.10.jar
2026-01-05 03:33:53,832 [INFO] Detected app process (pid=489) with command-line:
/opt/graalvm/bin/java -jar /app/barista/benchmarks/micronaut-shopcart/target/shopcart-0.3.10.jar
2026-01-05 03:33:53,832 [INFO] Running startup measurements: sending 10 GET request(s) to http://127.0.0.1:8001/
2026-01-05 03:33:55,364 [INFO] Received response #1 in 1533.11 ms
2026-01-05 03:33:55,374 [INFO] Received response #2 in   8.81 ms
2026-01-05 03:33:55,382 [INFO] Received response #3 in   8.59 ms
2026-01-05 03:33:55,392 [INFO] Received response #4 in   9.02 ms
2026-01-05 03:33:55,402 [INFO] Received response #5 in   9.50 ms
2026-01-05 03:33:55,410 [INFO] Received response #6 in   7.71 ms
2026-01-05 03:33:55,419 [INFO] Received response #7 in   9.61 ms
2026-01-05 03:33:55,428 [INFO] Received response #8 in   7.95 ms
2026-01-05 03:33:55,436 [INFO] Received response #9 in   8.47 ms
2026-01-05 03:33:55,443 [INFO] Received response #10 in   6.78 ms
2026-01-05 03:33:55,444 [INFO] Monitoring memory and CPU usage of process 489 every 20.0ms
2026-01-05 03:33:55,445 [WARNING] Average throughput was: 0 ops/s. Setting average throughput to 1
2026-01-05 03:33:55,447 [INFO] Extracted framework startup time of 878.0 ms
2026-01-05 03:33:55,448 [INFO] Average throughput: 1 ops/s
2026-01-05 03:33:55,448 [INFO] Getting fixed rates for latency
2026-01-05 03:33:55,448 [INFO] Now measuring the latency for FIXED mode at 800 for 1 iterations
2026-01-05 03:33:55,449 [INFO] Running latency iteration 1/1
2026-01-05 03:33:55,452 [INFO] Begining to measure latency
2026-01-05 03:33:55,452 [INFO] Running latency command:
wrk2 -d 30s -R 800 --latency http://127.0.0.1:8001 -t 16 -c 16 --script /app/barista/benchmarks/micronaut-shopcart/workloads/mixed-requests.lua -- 16
2026-01-05 03:34:25,469 [INFO] Finished measuring latency
2026-01-05 03:34:25,472 [INFO] Dumping wrk outputs to file 'logs/2026-01-05_03-33-53-bench-d31ce7/FIXED-800-latency-1-dump.txt' and to stdout:
Running 30s test @ http://127.0.0.1:8001
  16 threads and 16 connections
  Thread calibration: mean lat.: 2.948ms, rate sampling interval: 10ms
  Thread calibration: mean lat.: 2.685ms, rate sampling interval: 10ms
  Thread calibration: mean lat.: 2.918ms, rate sampling interval: 10ms
  Thread calibration: mean lat.: 2.623ms, rate sampling interval: 10ms
  Thread calibration: mean lat.: 2.344ms, rate sampling interval: 10ms
  Thread calibration: mean lat.: 2.342ms, rate sampling interval: 10ms
  Thread calibration: mean lat.: 2.287ms, rate sampling interval: 10ms
  Thread calibration: mean lat.: 2.305ms, rate sampling interval: 10ms
  Thread calibration: mean lat.: 2.500ms, rate sampling interval: 10ms
  Thread calibration: mean lat.: 2.608ms, rate sampling interval: 10ms
  Thread calibration: mean lat.: 2.535ms, rate sampling interval: 10ms
  Thread calibration: mean lat.: 2.396ms, rate sampling interval: 10ms
  Thread calibration: mean lat.: 2.449ms, rate sampling interval: 10ms
  Thread calibration: mean lat.: 2.314ms, rate sampling interval: 10ms
  Thread calibration: mean lat.: 2.375ms, rate sampling interval: 10ms
  Thread calibration: mean lat.: 2.342ms, rate sampling interval: 10ms
  Thread Stats   Avg      Stdev     Max   +/- Stdev
    Latency     1.25ms  406.17us   5.96ms   69.18%
    Req/Sec    53.19     52.72   111.00     75.98%
  Latency Distribution (HdrHistogram - Recorded Latency)
 50.000%    1.26ms
 75.000%    1.53ms
 90.000%    1.75ms
 99.000%    2.06ms
 99.900%    3.88ms
 99.990%    5.60ms
 99.999%    5.96ms
100.000%    5.96ms

  Detailed Percentile spectrum:
       Value   Percentile   TotalCount 1/(1-Percentile)

       0.175     0.000000            1         1.00
       0.741     0.100000         1603         1.11
       0.907     0.200000         3207         1.25
       1.034     0.300000         4809         1.43
       1.143     0.400000         6397         1.67
       1.256     0.500000         7996         2.00
       1.310     0.550000         8794         2.22
       1.365     0.600000         9595         2.50
       1.420     0.650000        10397         2.86
       1.474     0.700000        11191         3.33
       1.528     0.750000        11993         4.00
       1.558     0.775000        12393         4.44
       1.588     0.800000        12793         5.00
       1.620     0.825000        13194         5.71
       1.658     0.850000        13594         6.67
       1.701     0.875000        13986         8.00
       1.723     0.887500        14191         8.89
       1.748     0.900000        14388        10.00
       1.777     0.912500        14594        11.43
       1.803     0.925000        14786        13.33
       1.836     0.937500        14990        16.00
       1.852     0.943750        15087        17.78
       1.869     0.950000        15186        20.00
       1.886     0.956250        15286        22.86
       1.908     0.962500        15385        26.67
       1.931     0.968750        15485        32.00
       1.944     0.971875        15539        35.56
       1.959     0.975000        15593        40.00
       1.975     0.978125        15637        45.71
       1.991     0.981250        15685        53.33
       2.013     0.984375        15737        64.00
       2.028     0.985938        15761        71.11
       2.045     0.987500        15788        80.00
       2.057     0.989062        15815        91.43
       2.077     0.990625        15835       106.67
       2.101     0.992188        15860       128.00
       2.113     0.992969        15873       142.22
       2.133     0.993750        15885       160.00
       2.153     0.994531        15899       182.86
       2.167     0.995313        15910       213.33
       2.207     0.996094        15922       256.00
       2.233     0.996484        15928       284.44
       2.263     0.996875        15935       320.00
       2.319     0.997266        15941       365.71
       2.357     0.997656        15947       426.67
       2.559     0.998047        15953       512.00
       2.701     0.998242        15956       568.89
       3.121     0.998437        15960       640.00
       3.585     0.998633        15963       731.43
       3.829     0.998828        15966       853.33
       3.881     0.999023        15969      1024.00
       3.937     0.999121        15970      1137.78
       4.471     0.999219        15972      1280.00
       4.559     0.999316        15974      1462.86
       4.599     0.999414        15975      1706.67
       4.887     0.999512        15977      2048.00
       4.887     0.999561        15977      2275.56
       5.015     0.999609        15978      2560.00
       5.079     0.999658        15979      2925.71
       5.363     0.999707        15980      3413.33
       5.491     0.999756        15981      4096.00
       5.491     0.999780        15981      4551.11
       5.491     0.999805        15981      5120.00
       5.599     0.999829        15982      5851.43
       5.599     0.999854        15982      6826.67
       5.727     0.999878        15983      8192.00
       5.727     0.999890        15983      9102.22
       5.727     0.999902        15983     10240.00
       5.727     0.999915        15983     11702.86
       5.727     0.999927        15983     13653.33
       5.959     0.999939        15984     16384.00
       5.959     1.000000        15984          inf
#[Mean    =        1.252, StdDeviation   =        0.406]
#[Max     =        5.956, Total count    =        15984]
#[Buckets =           27, SubBuckets     =         2048]
----------------------------------------------------------
  24016 requests in 30.00s, 7.17MB read
Requests/sec:    800.49
Transfer/sec:    244.80KB

2026-01-05 03:34:25,473 [INFO] Saving all collected metrics to JSON file: /app/barista/logs/2026-01-05_03-33-53-bench-d31ce7/barista-results.json
2026-01-05 03:34:25,481 [INFO] Writing to csv files
2026-01-05 03:34:25,481 [INFO] Producing final_measurements-barista_latency_results.csv
2026-01-05 03:34:25,485 [INFO] Dumping application outputs to: logs/2026-01-05_03-33-53-bench-d31ce7/app-dump.txt
2026-01-05 03:34:25,486 [INFO] Benchmark done
2026-01-05 03:34:25,550 [INFO] ================================================================================
2026-01-05 03:34:25,550 [INFO] Barista report for benchmark 'micronaut-shopcart'
2026-01-05 03:34:25,550 [INFO] Run command: python3 ./barista.py micronaut-shopcart --mode jvm --resource-usage-polling-interval 0.02 --startup-iteration-count 0 --warmup-iteration-count 0
2026-01-05 03:34:25,550 [INFO] Resource usage results:
2026-01-05 03:34:25,551 [INFO] 	Resident Set Size:
2026-01-05 03:34:25,551 [INFO] 		              p100.0               253.17 MB
2026-01-05 03:34:25,551 [INFO] 		               p99.0               253.17 MB
2026-01-05 03:34:25,551 [INFO] 		               p98.0               253.17 MB
2026-01-05 03:34:25,551 [INFO] 		               p97.0               253.17 MB
2026-01-05 03:34:25,551 [INFO] 		               p96.0               253.17 MB
2026-01-05 03:34:25,551 [INFO] 		               p95.0               253.17 MB
2026-01-05 03:34:25,551 [INFO] 		               p90.0               253.17 MB
2026-01-05 03:34:25,551 [INFO] 		               p75.0               250.42 MB
2026-01-05 03:34:25,551 [INFO] 		               p50.0               243.17 MB
2026-01-05 03:34:25,551 [INFO] 		               p25.0               232.98 MB
2026-01-05 03:34:25,551 [INFO] 	Virtual Memory Size:
2026-01-05 03:34:25,551 [INFO] 		              p100.0             20878.52 MB
2026-01-05 03:34:25,551 [INFO] 		               p99.0             20869.52 MB
2026-01-05 03:34:25,551 [INFO] 		               p98.0             20863.02 MB
2026-01-05 03:34:25,551 [INFO] 		               p97.0             20861.02 MB
2026-01-05 03:34:25,551 [INFO] 		               p96.0             20860.52 MB
2026-01-05 03:34:25,552 [INFO] 		               p95.0             20860.52 MB
2026-01-05 03:34:25,552 [INFO] 		               p90.0             20859.02 MB
2026-01-05 03:34:25,552 [INFO] 		               p75.0             20859.02 MB
2026-01-05 03:34:25,552 [INFO] 		               p50.0             20859.02 MB
2026-01-05 03:34:25,552 [INFO] 		               p25.0             20848.02 MB
2026-01-05 03:34:25,552 [INFO] 	System-wide CPU utilization:
2026-01-05 03:34:25,552 [INFO] 		              p100.0               736.12 %
2026-01-05 03:34:25,552 [INFO] 		               p99.0               342.32 %
2026-01-05 03:34:25,552 [INFO] 		               p98.0               292.70 %
2026-01-05 03:34:25,552 [INFO] 		               p97.0               196.94 %
2026-01-05 03:34:25,552 [INFO] 		               p96.0               196.41 %
2026-01-05 03:34:25,552 [INFO] 		               p95.0               195.96 %
2026-01-05 03:34:25,552 [INFO] 		               p90.0               147.56 %
2026-01-05 03:34:25,552 [INFO] 		               p75.0                98.06 %
2026-01-05 03:34:25,552 [INFO] 		               p50.0                48.99 %
2026-01-05 03:34:25,552 [INFO] 		               p25.0                 0.00 %
2026-01-05 03:34:25,552 [INFO] Latency results: 
2026-01-05 03:34:25,553 [INFO] Results of final_measurements latency measurement
2026-01-05 03:34:25,553 [INFO] 	Measures for latency iteration 1:
2026-01-05 03:34:25,553 [INFO] 		                rate                  800 ops/s
2026-01-05 03:34:25,553 [INFO] 		              50.000                 1.26 ms
2026-01-05 03:34:25,553 [INFO] 		              75.000                 1.53 ms
2026-01-05 03:34:25,553 [INFO] 		              90.000                 1.75 ms
2026-01-05 03:34:25,553 [INFO] 		              99.000                 2.06 ms
2026-01-05 03:34:25,553 [INFO] 		              99.900                 3.88 ms
2026-01-05 03:34:25,553 [INFO] 		              99.990                 5.60 ms
2026-01-05 03:34:25,553 [INFO] 		              99.999                 5.96 ms
2026-01-05 03:34:25,553 [INFO] 		             100.000                 5.96 ms
2026-01-05 03:34:25,553 [INFO] ================================================================================
