2026-01-05 03:46:13,189 [INFO] Running Barista harness with args: ['./barista.py', 'spring-petclinic', '--mode', 'jvm', '--resource-usage-polling-interval', '0.02', '--startup-iteration-count', '0', '--warmup-iteration-count', '0']
2026-01-05 03:46:13,189 [INFO] Java home is pointing to "/opt/graalvm".
2026-01-05 03:46:13,189 [INFO] Getting platform version information with command "/opt/graalvm/bin/java --version"
2026-01-05 03:46:13,291 [INFO] Getting platform version information with command "/opt/graalvm/bin/native-image --version"
2026-01-05 03:46:13,300 [INFO] Version of the available JVM at java home:
openjdk 23 2024-09-17
OpenJDK Runtime Environment GraalVM CE 23+37.1 (build 23+37-jvmci-b01)
OpenJDK 64-Bit Server VM GraalVM CE 23+37.1 (build 23+37-jvmci-b01, mixed mode, sharing)
native-image 23 2024-09-17
GraalVM Runtime Environment GraalVM CE 23+37.1 (build 23+37-jvmci-b01)
Substrate VM GraalVM CE 23+37.1 (build 23+37, serial gc)

2026-01-05 03:46:13,300 [INFO] Locating the app build artifact with command "/app/barista/benchmarks/spring-petclinic/build.sh --get-jar"
2026-01-05 03:46:13,300 [INFO] Running the following command in a subprocess:
/app/barista/benchmarks/spring-petclinic/build.sh --get-jar
2026-01-05 03:46:13,307 [INFO] Dumping the stdout of the subprocess:
application jar file path is: /app/barista/benchmarks/spring-petclinic/spring-petclinic-sources/target/spring-petclinic-3.0.0-SNAPSHOT.jar

2026-01-05 03:46:13,308 [INFO] Dumping the stderr of the subprocess:
+ '[' 1 -gt 0 ']'
+ '[' --get-jar = --help ']'
+++ dirname /app/barista/benchmarks/spring-petclinic/build.sh
++ cd -P /app/barista/benchmarks/spring-petclinic
++ pwd
+ DIR=/app/barista/benchmarks/spring-petclinic/spring-petclinic-sources
+ VERSION=3.0.0-SNAPSHOT
+ JAR=/app/barista/benchmarks/spring-petclinic/spring-petclinic-sources/target/spring-petclinic-3.0.0-SNAPSHOT.jar
+ NIB=/app/barista/benchmarks/spring-petclinic/spring-petclinic-sources/target/spring-petclinic-3.0.0-SNAPSHOT.nib
+ '[' 1 -gt 0 ']'
+ '[' --get-jar = --get-jar ']'
+ echo 'application jar file path is: /app/barista/benchmarks/spring-petclinic/spring-petclinic-sources/target/spring-petclinic-3.0.0-SNAPSHOT.jar'
+ exit 0

2026-01-05 03:46:13,309 [INFO] Benchmarking of http://127.0.0.1:8006 with JVM mode
Redirecting output to: logs/2026-01-05_03-46-13-bench-db4c94
	 - Startup: Repeat 0 iterations: recording first 10 requests, timeout after 300 seconds of no response
	 - Warmup: 0 iterations of 15 seconds with 16 threads and 16 connections (lua script: ['/app/barista/benchmarks/spring-petclinic/workloads/mixed-requests.lua'])
	 - Throughput: 0 iterations of 30 seconds with 16 threads and 16 connections (lua script: ['/app/barista/benchmarks/spring-petclinic/workloads/mixed-requests.lua'])
	 - Latency: 1 iterations of 30 seconds with 16 threads and 16 connections at [3000] reqs/s (lua script: ['/app/barista/benchmarks/spring-petclinic/workloads/mixed-requests.lua'])
Total runtime: 0:01:00. Expected finish time 2026-01-05 03:47:13.309295

2026-01-05 03:46:13,309 [INFO] Starting microservice with:
/opt/graalvm/bin/java -jar /app/barista/benchmarks/spring-petclinic/spring-petclinic-sources/target/spring-petclinic-3.0.0-SNAPSHOT.jar
2026-01-05 03:46:13,310 [INFO] Detected app process (pid=369) with command-line:
/opt/graalvm/bin/java -jar /app/barista/benchmarks/spring-petclinic/spring-petclinic-sources/target/spring-petclinic-3.0.0-SNAPSHOT.jar
2026-01-05 03:46:13,310 [INFO] Running startup measurements: sending 10 GET request(s) to http://127.0.0.1:8006/
2026-01-05 03:46:21,677 [INFO] Received response #1 in 8367.56 ms
2026-01-05 03:46:21,689 [INFO] Received response #2 in  11.94 ms
2026-01-05 03:46:21,699 [INFO] Received response #3 in   9.95 ms
2026-01-05 03:46:21,708 [INFO] Received response #4 in   8.74 ms
2026-01-05 03:46:21,719 [INFO] Received response #5 in  10.80 ms
2026-01-05 03:46:21,734 [INFO] Received response #6 in  13.94 ms
2026-01-05 03:46:21,744 [INFO] Received response #7 in   9.77 ms
2026-01-05 03:46:21,754 [INFO] Received response #8 in  10.05 ms
2026-01-05 03:46:21,764 [INFO] Received response #9 in   9.88 ms
2026-01-05 03:46:21,777 [INFO] Received response #10 in  12.16 ms
2026-01-05 03:46:21,778 [INFO] Monitoring memory and CPU usage of process 369 every 20.0ms
2026-01-05 03:46:21,781 [INFO] Extracted framework startup time of 7278.0 ms
2026-01-05 03:46:21,782 [WARNING] Average throughput was: 0 ops/s. Setting average throughput to 1
2026-01-05 03:46:21,783 [INFO] Average throughput: 1 ops/s
2026-01-05 03:46:21,783 [INFO] Getting fixed rates for latency
2026-01-05 03:46:21,783 [INFO] Now measuring the latency for FIXED mode at 3000 for 1 iterations
2026-01-05 03:46:21,783 [INFO] Running latency iteration 1/1
2026-01-05 03:46:21,787 [INFO] Begining to measure latency
2026-01-05 03:46:21,788 [INFO] Running latency command:
wrk2 -d 30s -R 3000 --latency http://127.0.0.1:8006 -t 16 -c 16 --script /app/barista/benchmarks/spring-petclinic/workloads/mixed-requests.lua -- 16
2026-01-05 03:46:51,815 [INFO] Finished measuring latency
2026-01-05 03:46:51,818 [INFO] Dumping wrk outputs to file 'logs/2026-01-05_03-46-13-bench-db4c94/FIXED-3000-latency-1-dump.txt' and to stdout:
Running 30s test @ http://127.0.0.1:8006
  16 threads and 16 connections
  Thread calibration: mean lat.: 4808.501ms, rate sampling interval: 13852ms
  Thread calibration: mean lat.: 5030.196ms, rate sampling interval: 14065ms
  Thread calibration: mean lat.: 4964.575ms, rate sampling interval: 14524ms
  Thread calibration: mean lat.: 5015.981ms, rate sampling interval: 14393ms
  Thread calibration: mean lat.: 4910.876ms, rate sampling interval: 14319ms
  Thread calibration: mean lat.: 5145.726ms, rate sampling interval: 14802ms
  Thread calibration: mean lat.: 4973.384ms, rate sampling interval: 14417ms
  Thread calibration: mean lat.: 4900.103ms, rate sampling interval: 14000ms
  Thread calibration: mean lat.: 4774.198ms, rate sampling interval: 14000ms
  Thread calibration: mean lat.: 4973.279ms, rate sampling interval: 14295ms
  Thread calibration: mean lat.: 5055.206ms, rate sampling interval: 14450ms
  Thread calibration: mean lat.: 4934.984ms, rate sampling interval: 14409ms
  Thread calibration: mean lat.: 4864.248ms, rate sampling interval: 14581ms
  Thread calibration: mean lat.: 4894.334ms, rate sampling interval: 14311ms
  Thread calibration: mean lat.: 5006.339ms, rate sampling interval: 14319ms
  Thread calibration: mean lat.: 4857.877ms, rate sampling interval: 14262ms
  Thread Stats   Avg      Stdev     Max   +/- Stdev
    Latency    13.58s     2.82s   18.09s    60.25%
    Req/Sec    86.25      1.95    91.00     81.25%
  Latency Distribution (HdrHistogram - Recorded Latency)
 50.000%   14.07s 
 75.000%   15.93s 
 90.000%   17.09s 
 99.000%   17.84s 
 99.900%   18.04s 
 99.990%   18.07s 
 99.999%   18.10s 
100.000%   18.10s 

  Detailed Percentile spectrum:
       Value   Percentile   TotalCount 1/(1-Percentile)

    7495.679     0.000000            2         1.00
    9207.807     0.100000         2959         1.11
   10731.519     0.200000         5905         1.25
   12107.775     0.300000         8871         1.43
   13197.311     0.400000        11819         1.67
   14065.663     0.500000        14775         2.00
   14434.303     0.550000        16236         2.22
   14786.559     0.600000        17755         2.50
   15089.663     0.650000        19210         2.86
   15491.071     0.700000        20673         3.33
   15933.439     0.750000        22152         4.00
   16138.239     0.775000        22880         4.44
   16383.999     0.800000        23643         5.00
   16580.607     0.825000        24364         5.71
   16760.831     0.850000        25115         6.67
   16924.671     0.875000        25850         8.00
   17022.975     0.887500        26243         8.89
   17104.895     0.900000        26647        10.00
   17154.047     0.912500        26970        11.43
   17252.351     0.925000        27318        13.33
   17367.039     0.937500        27694        16.00
   17416.191     0.943750        27866        17.78
   17481.727     0.950000        28066        20.00
   17514.495     0.956250        28217        22.86
   17563.647     0.962500        28441        26.67
   17596.415     0.968750        28596        32.00
   17629.183     0.971875        28725        35.56
   17645.567     0.975000        28772        40.00
   17694.719     0.978125        28914        45.71
   17711.103     0.981250        28956        53.33
   17760.255     0.984375        29073        64.00
   17776.639     0.985938        29119        71.11
   17793.023     0.987500        29145        80.00
   17825.791     0.989062        29197        91.43
   17858.559     0.990625        29255       106.67
   17874.943     0.992188        29280       128.00
   17907.711     0.992969        29333       142.22
   17907.711     0.993750        29333       160.00
   17924.095     0.994531        29369       182.86
   17924.095     0.995313        29369       213.33
   17956.863     0.996094        29404       256.00
   17956.863     0.996484        29404       284.44
   17973.247     0.996875        29433       320.00
   17973.247     0.997266        29433       365.71
   17989.631     0.997656        29455       426.67
   17989.631     0.998047        29455       512.00
   17989.631     0.998242        29455       568.89
   18006.015     0.998437        29466       640.00
   18006.015     0.998633        29466       731.43
   18022.399     0.998828        29473       853.33
   18038.783     0.999023        29478      1024.00
   18055.167     0.999121        29483      1137.78
   18055.167     0.999219        29483      1280.00
   18071.551     0.999316        29503      1462.86
   18071.551     0.999414        29503      1706.67
   18071.551     0.999512        29503      2048.00
   18071.551     0.999561        29503      2275.56
   18071.551     0.999609        29503      2560.00
   18071.551     0.999658        29503      2925.71
   18071.551     0.999707        29503      3413.33
   18071.551     0.999756        29503      4096.00
   18071.551     0.999780        29503      4551.11
   18071.551     0.999805        29503      5120.00
   18071.551     0.999829        29503      5851.43
   18071.551     0.999854        29503      6826.67
   18071.551     0.999878        29503      8192.00
   18071.551     0.999890        29503      9102.22
   18087.935     0.999902        29505     10240.00
   18087.935     0.999915        29505     11702.86
   18087.935     0.999927        29505     13653.33
   18087.935     0.999939        29505     16384.00
   18087.935     0.999945        29505     18204.44
   18087.935     0.999951        29505     20480.00
   18087.935     0.999957        29505     23405.71
   18087.935     0.999963        29505     27306.67
   18104.319     0.999969        29506     32768.00
   18104.319     1.000000        29506          inf
#[Mean    =    13584.882, StdDeviation   =     2821.458]
#[Max     =    18087.936, Total count    =        29506]
#[Buckets =           27, SubBuckets     =         2048]
----------------------------------------------------------
  36809 requests in 30.00s, 54.87MB read
Requests/sec:   1226.87
Transfer/sec:      1.83MB

2026-01-05 03:46:51,824 [INFO] Saving all collected metrics to JSON file: /app/barista/logs/2026-01-05_03-46-13-bench-db4c94/barista-results.json
2026-01-05 03:46:51,834 [INFO] Writing to csv files
2026-01-05 03:46:51,834 [INFO] Producing final_measurements-barista_latency_results.csv
2026-01-05 03:46:51,841 [INFO] Dumping application outputs to: logs/2026-01-05_03-46-13-bench-db4c94/app-dump.txt
2026-01-05 03:46:51,841 [INFO] Benchmark done
2026-01-05 03:46:51,956 [INFO] ================================================================================
2026-01-05 03:46:51,956 [INFO] Barista report for benchmark 'spring-petclinic'
2026-01-05 03:46:51,956 [INFO] Run command: python3 ./barista.py spring-petclinic --mode jvm --resource-usage-polling-interval 0.02 --startup-iteration-count 0 --warmup-iteration-count 0
2026-01-05 03:46:51,957 [INFO] Resource usage results:
2026-01-05 03:46:51,957 [INFO] 	Resident Set Size:
2026-01-05 03:46:51,957 [INFO] 		              p100.0               766.02 MB
2026-01-05 03:46:51,957 [INFO] 		               p99.0               765.58 MB
2026-01-05 03:46:51,957 [INFO] 		               p98.0               765.58 MB
2026-01-05 03:46:51,957 [INFO] 		               p97.0               765.58 MB
2026-01-05 03:46:51,957 [INFO] 		               p96.0               765.58 MB
2026-01-05 03:46:51,957 [INFO] 		               p95.0               765.58 MB
2026-01-05 03:46:51,957 [INFO] 		               p90.0               765.12 MB
2026-01-05 03:46:51,957 [INFO] 		               p75.0               764.67 MB
2026-01-05 03:46:51,957 [INFO] 		               p50.0               763.32 MB
2026-01-05 03:46:51,957 [INFO] 		               p25.0               758.50 MB
2026-01-05 03:46:51,957 [INFO] 	Virtual Memory Size:
2026-01-05 03:46:51,957 [INFO] 		              p100.0             21640.18 MB
2026-01-05 03:46:51,957 [INFO] 		               p99.0             21640.18 MB
2026-01-05 03:46:51,958 [INFO] 		               p98.0             21640.18 MB
2026-01-05 03:46:51,958 [INFO] 		               p97.0             21640.18 MB
2026-01-05 03:46:51,958 [INFO] 		               p96.0             21640.18 MB
2026-01-05 03:46:51,958 [INFO] 		               p95.0             21640.18 MB
2026-01-05 03:46:51,958 [INFO] 		               p90.0             21640.18 MB
2026-01-05 03:46:51,958 [INFO] 		               p75.0             21640.18 MB
2026-01-05 03:46:51,958 [INFO] 		               p50.0             21640.18 MB
2026-01-05 03:46:51,958 [INFO] 		               p25.0             21640.18 MB
2026-01-05 03:46:51,958 [INFO] 	System-wide CPU utilization:
2026-01-05 03:46:51,958 [INFO] 		              p100.0               878.79 %
2026-01-05 03:46:51,958 [INFO] 		               p99.0               832.33 %
2026-01-05 03:46:51,958 [INFO] 		               p98.0               831.31 %
2026-01-05 03:46:51,958 [INFO] 		               p97.0               830.67 %
2026-01-05 03:46:51,958 [INFO] 		               p96.0               829.81 %
2026-01-05 03:46:51,958 [INFO] 		               p95.0               827.96 %
2026-01-05 03:46:51,959 [INFO] 		               p90.0               782.49 %
2026-01-05 03:46:51,959 [INFO] 		               p75.0               778.02 %
2026-01-05 03:46:51,959 [INFO] 		               p50.0               731.96 %
2026-01-05 03:46:51,959 [INFO] 		               p25.0               683.86 %
2026-01-05 03:46:51,959 [INFO] Latency results: 
2026-01-05 03:46:51,959 [INFO] Results of final_measurements latency measurement
2026-01-05 03:46:51,959 [INFO] 	Measures for latency iteration 1:
2026-01-05 03:46:51,959 [INFO] 		                rate                 3000 ops/s
2026-01-05 03:46:51,959 [INFO] 		              50.000             14070.00 ms
2026-01-05 03:46:51,959 [INFO] 		              75.000             15930.00 ms
2026-01-05 03:46:51,959 [INFO] 		              90.000             17090.00 ms
2026-01-05 03:46:51,959 [INFO] 		              99.000             17840.00 ms
2026-01-05 03:46:51,959 [INFO] 		              99.900             18040.00 ms
2026-01-05 03:46:51,959 [INFO] 		              99.990             18070.00 ms
2026-01-05 03:46:51,959 [INFO] 		              99.999             18100.00 ms
2026-01-05 03:46:51,959 [INFO] 		             100.000             18100.00 ms
2026-01-05 03:46:51,959 [INFO] ================================================================================
