2026-01-05 01:29:12,999 [INFO] Running Barista harness with args: ['./barista.py', 'spring-petclinic', '--mode', 'jvm', '--resource-usage-polling-interval', '0.02', '--startup-iteration-count', '0', '--warmup-iteration-count', '0']
2026-01-05 01:29:12,999 [INFO] Java home is pointing to "/opt/graalvm".
2026-01-05 01:29:12,999 [INFO] Getting platform version information with command "/opt/graalvm/bin/java --version"
2026-01-05 01:29:13,058 [INFO] Getting platform version information with command "/opt/graalvm/bin/native-image --version"
2026-01-05 01:29:13,062 [INFO] Version of the available JVM at java home:
openjdk 21.0.1 2023-10-17
OpenJDK Runtime Environment GraalVM CE 21.0.1+12.1 (build 21.0.1+12-jvmci-23.1-b19)
OpenJDK 64-Bit Server VM GraalVM CE 21.0.1+12.1 (build 21.0.1+12-jvmci-23.1-b19, mixed mode, sharing)
native-image 21.0.1 2023-10-17
GraalVM Runtime Environment GraalVM CE 21.0.1+12.1 (build 21.0.1+12-jvmci-23.1-b19)
Substrate VM GraalVM CE 21.0.1+12.1 (build 21.0.1+12, serial gc)

2026-01-05 01:29:13,062 [INFO] Locating the app build artifact with command "/home/bakhtinartyom1205/projects/harness-evaluation/barista/benchmarks/spring-petclinic/build.sh --get-jar"
2026-01-05 01:29:13,062 [INFO] Running the following command in a subprocess:
/home/bakhtinartyom1205/projects/harness-evaluation/barista/benchmarks/spring-petclinic/build.sh --get-jar
2026-01-05 01:29:13,067 [INFO] Dumping the stdout of the subprocess:
application jar file path is: /home/bakhtinartyom1205/projects/harness-evaluation/barista/benchmarks/spring-petclinic/spring-petclinic-sources/target/spring-petclinic-3.0.0-SNAPSHOT.jar

2026-01-05 01:29:13,067 [INFO] Dumping the stderr of the subprocess:
+ '[' 1 -gt 0 ']'
+ '[' --get-jar = --help ']'
+++ dirname /home/bakhtinartyom1205/projects/harness-evaluation/barista/benchmarks/spring-petclinic/build.sh
++ cd -P /home/bakhtinartyom1205/projects/harness-evaluation/barista/benchmarks/spring-petclinic
++ pwd
+ DIR=/home/bakhtinartyom1205/projects/harness-evaluation/barista/benchmarks/spring-petclinic/spring-petclinic-sources
+ VERSION=3.0.0-SNAPSHOT
+ JAR=/home/bakhtinartyom1205/projects/harness-evaluation/barista/benchmarks/spring-petclinic/spring-petclinic-sources/target/spring-petclinic-3.0.0-SNAPSHOT.jar
+ NIB=/home/bakhtinartyom1205/projects/harness-evaluation/barista/benchmarks/spring-petclinic/spring-petclinic-sources/target/spring-petclinic-3.0.0-SNAPSHOT.nib
+ '[' 1 -gt 0 ']'
+ '[' --get-jar = --get-jar ']'
+ echo 'application jar file path is: /home/bakhtinartyom1205/projects/harness-evaluation/barista/benchmarks/spring-petclinic/spring-petclinic-sources/target/spring-petclinic-3.0.0-SNAPSHOT.jar'
+ exit 0

2026-01-05 01:29:13,067 [INFO] Benchmarking of http://127.0.0.1:8006 with JVM mode
Redirecting output to: logs/2026-01-05_01-29-12-bench-5d9f0c
	 - Startup: Repeat 0 iterations: recording first 10 requests, timeout after 300 seconds of no response
	 - Warmup: 0 iterations of 15 seconds with 16 threads and 16 connections (lua script: ['/home/bakhtinartyom1205/projects/harness-evaluation/barista/benchmarks/spring-petclinic/workloads/mixed-requests.lua'])
	 - Throughput: 0 iterations of 30 seconds with 16 threads and 16 connections (lua script: ['/home/bakhtinartyom1205/projects/harness-evaluation/barista/benchmarks/spring-petclinic/workloads/mixed-requests.lua'])
	 - Latency: 1 iterations of 30 seconds with 16 threads and 16 connections at [3000] reqs/s (lua script: ['/home/bakhtinartyom1205/projects/harness-evaluation/barista/benchmarks/spring-petclinic/workloads/mixed-requests.lua'])
Total runtime: 0:01:00. Expected finish time 2026-01-05 01:30:13.067486

2026-01-05 01:29:13,067 [INFO] Starting microservice with:
/opt/graalvm/bin/java -jar /home/bakhtinartyom1205/projects/harness-evaluation/barista/benchmarks/spring-petclinic/spring-petclinic-sources/target/spring-petclinic-3.0.0-SNAPSHOT.jar
2026-01-05 01:29:13,068 [INFO] Detected app process (pid=68216) with command-line:
/opt/graalvm/bin/java -jar /home/bakhtinartyom1205/projects/harness-evaluation/barista/benchmarks/spring-petclinic/spring-petclinic-sources/target/spring-petclinic-3.0.0-SNAPSHOT.jar
2026-01-05 01:29:13,068 [INFO] Running startup measurements: sending 10 GET request(s) to http://127.0.0.1:8006/
2026-01-05 01:29:18,415 [INFO] Received response #1 in 5347.61 ms
2026-01-05 01:29:18,422 [INFO] Received response #2 in   6.84 ms
2026-01-05 01:29:18,427 [INFO] Received response #3 in   5.20 ms
2026-01-05 01:29:18,433 [INFO] Received response #4 in   5.55 ms
2026-01-05 01:29:18,438 [INFO] Received response #5 in   5.39 ms
2026-01-05 01:29:18,445 [INFO] Received response #6 in   6.92 ms
2026-01-05 01:29:18,450 [INFO] Received response #7 in   4.74 ms
2026-01-05 01:29:18,455 [INFO] Received response #8 in   4.47 ms
2026-01-05 01:29:18,459 [INFO] Received response #9 in   4.01 ms
2026-01-05 01:29:18,463 [INFO] Received response #10 in   3.73 ms
2026-01-05 01:29:18,463 [INFO] Monitoring memory and CPU usage of process 68216 every 20.0ms
2026-01-05 01:29:18,464 [WARNING] Average throughput was: 0 ops/s. Setting average throughput to 1
2026-01-05 01:29:18,466 [INFO] Average throughput: 1 ops/s
2026-01-05 01:29:18,466 [INFO] Getting fixed rates for latency
2026-01-05 01:29:18,466 [INFO] Now measuring the latency for FIXED mode at 3000 for 1 iterations
2026-01-05 01:29:18,466 [INFO] Running latency iteration 1/1
2026-01-05 01:29:18,467 [INFO] Extracted framework startup time of 4554.0 ms
2026-01-05 01:29:18,469 [INFO] Begining to measure latency
2026-01-05 01:29:18,469 [INFO] Running latency command:
wrk2 -d 30s -R 3000 --latency http://127.0.0.1:8006 -t 16 -c 16 --script /home/bakhtinartyom1205/projects/harness-evaluation/barista/benchmarks/spring-petclinic/workloads/mixed-requests.lua -- 16
2026-01-05 01:29:48,483 [INFO] Finished measuring latency
2026-01-05 01:29:48,485 [INFO] Dumping wrk outputs to file 'logs/2026-01-05_01-29-12-bench-5d9f0c/FIXED-3000-latency-1-dump.txt' and to stdout:
Running 30s test @ http://127.0.0.1:8006
  16 threads and 16 connections
  Thread calibration: mean lat.: 2815.219ms, rate sampling interval: 7229ms
  Thread calibration: mean lat.: 2917.529ms, rate sampling interval: 7725ms
  Thread calibration: mean lat.: 2737.200ms, rate sampling interval: 7102ms
  Thread calibration: mean lat.: 2891.342ms, rate sampling interval: 7380ms
  Thread calibration: mean lat.: 2852.396ms, rate sampling interval: 6889ms
  Thread calibration: mean lat.: 2917.596ms, rate sampling interval: 7319ms
  Thread calibration: mean lat.: 2958.357ms, rate sampling interval: 7602ms
  Thread calibration: mean lat.: 2985.730ms, rate sampling interval: 7782ms
  Thread calibration: mean lat.: 2840.153ms, rate sampling interval: 7446ms
  Thread calibration: mean lat.: 2923.934ms, rate sampling interval: 7852ms
  Thread calibration: mean lat.: 2918.307ms, rate sampling interval: 7450ms
  Thread calibration: mean lat.: 2944.839ms, rate sampling interval: 7278ms
  Thread calibration: mean lat.: 2832.972ms, rate sampling interval: 7450ms
  Thread calibration: mean lat.: 2817.643ms, rate sampling interval: 7340ms
  Thread calibration: mean lat.: 2759.536ms, rate sampling interval: 7008ms
  Thread calibration: mean lat.: 2744.805ms, rate sampling interval: 6938ms
  Thread Stats   Avg      Stdev     Max   +/- Stdev
    Latency     3.79s   689.83ms   5.25s    69.43%
    Req/Sec   188.06     18.63   221.00     68.75%
  Latency Distribution (HdrHistogram - Recorded Latency)
 50.000%    3.96s 
 75.000%    4.28s 
 90.000%    4.54s 
 99.000%    5.02s 
 99.900%    5.21s 
 99.990%    5.25s 
 99.999%    5.25s 
100.000%    5.26s 

  Detailed Percentile spectrum:
       Value   Percentile   TotalCount 1/(1-Percentile)

    1618.943     0.000000            1         1.00
    2697.215     0.100000         6445         1.11
    3184.639     0.200000        12869         1.25
    3567.615     0.300000        19305         1.43
    3794.943     0.400000        25769         1.67
    3962.879     0.500000        32182         2.00
    4028.415     0.550000        35440         2.22
    4083.711     0.600000        38575         2.50
    4163.583     0.650000        41855         2.86
    4227.071     0.700000        45139         3.33
    4280.319     0.750000        48454         4.00
    4304.895     0.775000        49988         4.44
    4329.471     0.800000        51444         5.00
    4366.335     0.825000        53145         5.71
    4415.487     0.850000        54769         6.67
    4481.023     0.875000        56279         8.00
    4513.791     0.887500        57142         8.89
    4538.367     0.900000        57925        10.00
    4562.943     0.912500        58717        11.43
    4587.519     0.925000        59464        13.33
    4620.287     0.937500        60316        16.00
    4640.767     0.943750        60717        17.78
    4661.247     0.950000        61096        20.00
    4677.631     0.956250        61489        22.86
    4702.207     0.962500        61876        26.67
    4726.783     0.968750        62286        32.00
    4743.167     0.971875        62476        35.56
    4763.647     0.975000        62696        40.00
    4812.799     0.978125        62881        45.71
    4857.855     0.981250        63080        53.33
    4935.679     0.984375        63289        64.00
    4972.543     0.985938        63379        71.11
    4988.927     0.987500        63494        80.00
    5001.215     0.989062        63580        91.43
    5021.695     0.990625        63693       106.67
    5058.559     0.992188        63793       128.00
    5066.751     0.992969        63849       142.22
    5083.135     0.993750        63881       160.00
    5103.615     0.994531        63941       182.86
    5132.287     0.995313        63985       213.33
    5156.863     0.996094        64032       256.00
    5165.055     0.996484        64063       284.44
    5173.247     0.996875        64084       320.00
    5181.439     0.997266        64117       365.71
    5185.535     0.997656        64137       426.67
    5193.727     0.998047        64161       512.00
    5197.823     0.998242        64172       568.89
    5201.919     0.998437        64197       640.00
    5201.919     0.998633        64197       731.43
    5206.015     0.998828        64213       853.33
    5210.111     0.999023        64225      1024.00
    5210.111     0.999121        64225      1137.78
    5214.207     0.999219        64237      1280.00
    5218.303     0.999316        64244      1462.86
    5218.303     0.999414        64244      1706.67
    5222.399     0.999512        64253      2048.00
    5222.399     0.999561        64253      2275.56
    5226.495     0.999609        64256      2560.00
    5230.591     0.999658        64260      2925.71
    5238.783     0.999707        64266      3413.33
    5238.783     0.999756        64266      4096.00
    5242.879     0.999780        64270      4551.11
    5242.879     0.999805        64270      5120.00
    5246.975     0.999829        64276      5851.43
    5246.975     0.999854        64276      6826.67
    5246.975     0.999878        64276      8192.00
    5246.975     0.999890        64276      9102.22
    5246.975     0.999902        64276     10240.00
    5246.975     0.999915        64276     11702.86
    5251.071     0.999927        64280     13653.33
    5251.071     0.999939        64280     16384.00
    5251.071     0.999945        64280     18204.44
    5251.071     0.999951        64280     20480.00
    5251.071     0.999957        64280     23405.71
    5251.071     0.999963        64280     27306.67
    5251.071     0.999969        64280     32768.00
    5251.071     0.999973        64280     36408.89
    5251.071     0.999976        64280     40960.00
    5251.071     0.999979        64280     46811.43
    5251.071     0.999982        64280     54613.33
    5255.167     0.999985        64281     65536.00
    5255.167     1.000000        64281          inf
#[Mean    =     3786.186, StdDeviation   =      689.835]
#[Max     =     5251.072, Total count    =        64281]
#[Buckets =           27, SubBuckets     =         2048]
----------------------------------------------------------
  83079 requests in 29.99s, 123.82MB read
Requests/sec:   2769.99
Transfer/sec:      4.13MB

2026-01-05 01:29:48,485 [INFO] Saving all collected metrics to JSON file: /home/bakhtinartyom1205/projects/harness-evaluation/barista/logs/2026-01-05_01-29-12-bench-5d9f0c/barista-results.json
2026-01-05 01:29:48,492 [INFO] Writing to csv files
2026-01-05 01:29:48,492 [INFO] Producing final_measurements-barista_latency_results.csv
2026-01-05 01:29:48,496 [INFO] Dumping application outputs to: logs/2026-01-05_01-29-12-bench-5d9f0c/app-dump.txt
2026-01-05 01:29:48,496 [INFO] Benchmark done
2026-01-05 01:29:48,560 [INFO] ================================================================================
2026-01-05 01:29:48,560 [INFO] Barista report for benchmark 'spring-petclinic'
2026-01-05 01:29:48,560 [INFO] Run command: python3 ./barista.py spring-petclinic --mode jvm --resource-usage-polling-interval 0.02 --startup-iteration-count 0 --warmup-iteration-count 0
2026-01-05 01:29:48,560 [INFO] Resource usage results:
2026-01-05 01:29:48,560 [INFO] 	Resident Set Size:
2026-01-05 01:29:48,560 [INFO] 		              p100.0              1158.16 MB
2026-01-05 01:29:48,560 [INFO] 		               p99.0              1156.19 MB
2026-01-05 01:29:48,560 [INFO] 		               p98.0              1155.98 MB
2026-01-05 01:29:48,560 [INFO] 		               p97.0              1155.98 MB
2026-01-05 01:29:48,560 [INFO] 		               p96.0              1155.83 MB
2026-01-05 01:29:48,560 [INFO] 		               p95.0              1155.83 MB
2026-01-05 01:29:48,561 [INFO] 		               p90.0              1155.66 MB
2026-01-05 01:29:48,561 [INFO] 		               p75.0              1155.34 MB
2026-01-05 01:29:48,561 [INFO] 		               p50.0              1153.25 MB
2026-01-05 01:29:48,561 [INFO] 		               p25.0               866.05 MB
2026-01-05 01:29:48,561 [INFO] 	Virtual Memory Size:
2026-01-05 01:29:48,561 [INFO] 		              p100.0             21705.92 MB
2026-01-05 01:29:48,561 [INFO] 		               p99.0             21705.92 MB
2026-01-05 01:29:48,561 [INFO] 		               p98.0             21704.92 MB
2026-01-05 01:29:48,561 [INFO] 		               p97.0             21704.92 MB
2026-01-05 01:29:48,561 [INFO] 		               p96.0             21704.92 MB
2026-01-05 01:29:48,561 [INFO] 		               p95.0             21704.92 MB
2026-01-05 01:29:48,561 [INFO] 		               p90.0             21704.42 MB
2026-01-05 01:29:48,561 [INFO] 		               p75.0             21703.92 MB
2026-01-05 01:29:48,561 [INFO] 		               p50.0             21637.91 MB
2026-01-05 01:29:48,561 [INFO] 		               p25.0             21634.91 MB
2026-01-05 01:29:48,561 [INFO] 	System-wide CPU utilization:
2026-01-05 01:29:48,561 [INFO] 		              p100.0               890.14 %
2026-01-05 01:29:48,561 [INFO] 		               p99.0               840.61 %
2026-01-05 01:29:48,561 [INFO] 		               p98.0               839.77 %
2026-01-05 01:29:48,561 [INFO] 		               p97.0               839.25 %
2026-01-05 01:29:48,561 [INFO] 		               p96.0               838.38 %
2026-01-05 01:29:48,561 [INFO] 		               p95.0               820.11 %
2026-01-05 01:29:48,561 [INFO] 		               p90.0               791.35 %
2026-01-05 01:29:48,561 [INFO] 		               p75.0               790.04 %
2026-01-05 01:29:48,561 [INFO] 		               p50.0               741.78 %
2026-01-05 01:29:48,561 [INFO] 		               p25.0               740.28 %
2026-01-05 01:29:48,562 [INFO] Latency results: 
2026-01-05 01:29:48,562 [INFO] Results of final_measurements latency measurement
2026-01-05 01:29:48,562 [INFO] 	Measures for latency iteration 1:
2026-01-05 01:29:48,562 [INFO] 		                rate                 3000 ops/s
2026-01-05 01:29:48,562 [INFO] 		              50.000              3960.00 ms
2026-01-05 01:29:48,562 [INFO] 		              75.000              4280.00 ms
2026-01-05 01:29:48,562 [INFO] 		              90.000              4540.00 ms
2026-01-05 01:29:48,562 [INFO] 		              99.000              5020.00 ms
2026-01-05 01:29:48,562 [INFO] 		              99.900              5210.00 ms
2026-01-05 01:29:48,562 [INFO] 		              99.990              5250.00 ms
2026-01-05 01:29:48,562 [INFO] 		              99.999              5250.00 ms
2026-01-05 01:29:48,562 [INFO] 		             100.000              5260.00 ms
2026-01-05 01:29:48,562 [INFO] ================================================================================
