Running 30s test @ http://cd1498-container:8006/owners/new
  16 threads and 16 connections
  Thread calibration: mean lat.: 4405.915ms, rate sampling interval: 16105ms
  Thread calibration: mean lat.: 4419.864ms, rate sampling interval: 16809ms
  Thread calibration: mean lat.: 4449.176ms, rate sampling interval: 16637ms
  Thread calibration: mean lat.: 4422.292ms, rate sampling interval: 16637ms
  Thread calibration: mean lat.: 4318.881ms, rate sampling interval: 16236ms
  Thread calibration: mean lat.: 4469.241ms, rate sampling interval: 16957ms
  Thread calibration: mean lat.: 4313.638ms, rate sampling interval: 16605ms
  Thread calibration: mean lat.: 4442.061ms, rate sampling interval: 16875ms
  Thread calibration: mean lat.: 4428.878ms, rate sampling interval: 16719ms
  Thread calibration: mean lat.: 4429.261ms, rate sampling interval: 16629ms
  Thread calibration: mean lat.: 4470.522ms, rate sampling interval: 16539ms
  Thread calibration: mean lat.: 4380.855ms, rate sampling interval: 16498ms
  Thread calibration: mean lat.: 4511.643ms, rate sampling interval: 16556ms
  Thread calibration: mean lat.: 4365.205ms, rate sampling interval: 16826ms
  Thread calibration: mean lat.: 4432.228ms, rate sampling interval: 16629ms
  Thread calibration: mean lat.: 4514.859ms, rate sampling interval: 16654ms
  Thread Stats   Avg      Stdev     Max   +/- Stdev
    Latency    19.81s     5.42s   28.79s    59.27%
    Req/Sec     6.12      0.33     7.00    100.00%
  3336 requests in 29.84s, 363.78MB read
Requests/sec:    111.78
Transfer/sec:     12.19MB
