Running 30s test @ http://3d97d5-container:8006/owners/new
  16 threads and 16 connections
  Thread calibration: mean lat.: 2529.640ms, rate sampling interval: 14041ms
  Thread calibration: mean lat.: 2634.820ms, rate sampling interval: 14008ms
  Thread calibration: mean lat.: 2934.773ms, rate sampling interval: 14647ms
  Thread calibration: mean lat.: 3017.011ms, rate sampling interval: 14761ms
  Thread calibration: mean lat.: 3097.623ms, rate sampling interval: 14917ms
  Thread calibration: mean lat.: 3275.343ms, rate sampling interval: 15646ms
  Thread calibration: mean lat.: 3237.264ms, rate sampling interval: 15343ms
  Thread calibration: mean lat.: 3152.240ms, rate sampling interval: 15671ms
  Thread calibration: mean lat.: 3644.767ms, rate sampling interval: 15794ms
  Thread calibration: mean lat.: 3163.847ms, rate sampling interval: 15073ms
  Thread calibration: mean lat.: 3355.144ms, rate sampling interval: 15163ms
  Thread calibration: mean lat.: 3331.289ms, rate sampling interval: 15376ms
  Thread calibration: mean lat.: 3445.666ms, rate sampling interval: 15065ms
  Thread calibration: mean lat.: 3254.580ms, rate sampling interval: 15056ms
  Thread calibration: mean lat.: 3442.445ms, rate sampling interval: 15851ms
  Thread calibration: mean lat.: 3407.173ms, rate sampling interval: 15785ms
  Thread Stats   Avg      Stdev     Max   +/- Stdev
    Latency    18.42s     5.68s   28.98s    58.13%
    Req/Sec     3.00      0.00     3.00    100.00%
  2471 requests in 29.81s, 200.95MB read
Requests/sec:     82.90
Transfer/sec:      6.74MB
