2026-01-05 03:44:49,654 [INFO] Running Barista harness with args: ['./barista.py', 'spring-petclinic', '--mode', 'jvm', '--resource-usage-polling-interval', '0.02', '--startup-iteration-count', '0', '--warmup-iteration-count', '0']
2026-01-05 03:44:49,654 [INFO] Java home is pointing to "/opt/graalvm".
2026-01-05 03:44:49,654 [INFO] Getting platform version information with command "/opt/graalvm/bin/java --version"
2026-01-05 03:44:49,765 [INFO] Getting platform version information with command "/opt/graalvm/bin/native-image --version"
2026-01-05 03:44:49,773 [INFO] Version of the available JVM at java home:
openjdk 23 2024-09-17
OpenJDK Runtime Environment GraalVM CE 23+37.1 (build 23+37-jvmci-b01)
OpenJDK 64-Bit Server VM GraalVM CE 23+37.1 (build 23+37-jvmci-b01, mixed mode, sharing)
native-image 23 2024-09-17
GraalVM Runtime Environment GraalVM CE 23+37.1 (build 23+37-jvmci-b01)
Substrate VM GraalVM CE 23+37.1 (build 23+37, serial gc)

2026-01-05 03:44:49,774 [INFO] Locating the app build artifact with command "/app/barista/benchmarks/spring-petclinic/build.sh --get-jar"
2026-01-05 03:44:49,774 [INFO] Running the following command in a subprocess:
/app/barista/benchmarks/spring-petclinic/build.sh --get-jar
2026-01-05 03:44:49,782 [INFO] Dumping the stdout of the subprocess:
application jar file path is: /app/barista/benchmarks/spring-petclinic/spring-petclinic-sources/target/spring-petclinic-3.0.0-SNAPSHOT.jar

2026-01-05 03:44:49,782 [INFO] Dumping the stderr of the subprocess:
+ '[' 1 -gt 0 ']'
+ '[' --get-jar = --help ']'
+++ dirname /app/barista/benchmarks/spring-petclinic/build.sh
++ cd -P /app/barista/benchmarks/spring-petclinic
++ pwd
+ DIR=/app/barista/benchmarks/spring-petclinic/spring-petclinic-sources
+ VERSION=3.0.0-SNAPSHOT
+ JAR=/app/barista/benchmarks/spring-petclinic/spring-petclinic-sources/target/spring-petclinic-3.0.0-SNAPSHOT.jar
+ NIB=/app/barista/benchmarks/spring-petclinic/spring-petclinic-sources/target/spring-petclinic-3.0.0-SNAPSHOT.nib
+ '[' 1 -gt 0 ']'
+ '[' --get-jar = --get-jar ']'
+ echo 'application jar file path is: /app/barista/benchmarks/spring-petclinic/spring-petclinic-sources/target/spring-petclinic-3.0.0-SNAPSHOT.jar'
+ exit 0

2026-01-05 03:44:49,783 [INFO] Benchmarking of http://127.0.0.1:8006 with JVM mode
Redirecting output to: logs/2026-01-05_03-44-49-bench-ae2ae4
	 - Startup: Repeat 0 iterations: recording first 10 requests, timeout after 300 seconds of no response
	 - Warmup: 0 iterations of 15 seconds with 16 threads and 16 connections (lua script: ['/app/barista/benchmarks/spring-petclinic/workloads/mixed-requests.lua'])
	 - Throughput: 0 iterations of 30 seconds with 16 threads and 16 connections (lua script: ['/app/barista/benchmarks/spring-petclinic/workloads/mixed-requests.lua'])
	 - Latency: 1 iterations of 30 seconds with 16 threads and 16 connections at [3000] reqs/s (lua script: ['/app/barista/benchmarks/spring-petclinic/workloads/mixed-requests.lua'])
Total runtime: 0:01:00. Expected finish time 2026-01-05 03:45:49.783383

2026-01-05 03:44:49,783 [INFO] Starting microservice with:
/opt/graalvm/bin/java -jar /app/barista/benchmarks/spring-petclinic/spring-petclinic-sources/target/spring-petclinic-3.0.0-SNAPSHOT.jar
2026-01-05 03:44:49,785 [INFO] Detected app process (pid=81) with command-line:
/opt/graalvm/bin/java -jar /app/barista/benchmarks/spring-petclinic/spring-petclinic-sources/target/spring-petclinic-3.0.0-SNAPSHOT.jar
2026-01-05 03:44:49,785 [INFO] Running startup measurements: sending 10 GET request(s) to http://127.0.0.1:8006/
2026-01-05 03:44:59,039 [INFO] Received response #1 in 9255.30 ms
2026-01-05 03:44:59,049 [INFO] Received response #2 in   9.84 ms
2026-01-05 03:44:59,061 [INFO] Received response #3 in  12.05 ms
2026-01-05 03:44:59,076 [INFO] Received response #4 in  14.03 ms
2026-01-05 03:44:59,088 [INFO] Received response #5 in  12.05 ms
2026-01-05 03:44:59,100 [INFO] Received response #6 in  11.65 ms
2026-01-05 03:44:59,111 [INFO] Received response #7 in  10.92 ms
2026-01-05 03:44:59,122 [INFO] Received response #8 in  10.86 ms
2026-01-05 03:44:59,137 [INFO] Received response #9 in  14.37 ms
2026-01-05 03:44:59,150 [INFO] Received response #10 in  12.87 ms
2026-01-05 03:44:59,151 [INFO] Monitoring memory and CPU usage of process 81 every 20.0ms
2026-01-05 03:44:59,154 [INFO] Extracted framework startup time of 7979.0 ms
2026-01-05 03:44:59,155 [WARNING] Average throughput was: 0 ops/s. Setting average throughput to 1
2026-01-05 03:44:59,155 [INFO] Average throughput: 1 ops/s
2026-01-05 03:44:59,155 [INFO] Getting fixed rates for latency
2026-01-05 03:44:59,156 [INFO] Now measuring the latency for FIXED mode at 3000 for 1 iterations
2026-01-05 03:44:59,156 [INFO] Running latency iteration 1/1
2026-01-05 03:44:59,160 [INFO] Begining to measure latency
2026-01-05 03:44:59,160 [INFO] Running latency command:
wrk2 -d 30s -R 3000 --latency http://127.0.0.1:8006 -t 16 -c 16 --script /app/barista/benchmarks/spring-petclinic/workloads/mixed-requests.lua -- 16
2026-01-05 03:45:29,180 [INFO] Finished measuring latency
2026-01-05 03:45:29,182 [INFO] Dumping wrk outputs to file 'logs/2026-01-05_03-44-49-bench-ae2ae4/FIXED-3000-latency-1-dump.txt' and to stdout:
Running 30s test @ http://127.0.0.1:8006
  16 threads and 16 connections
  Thread calibration: mean lat.: 5070.791ms, rate sampling interval: 15040ms
  Thread calibration: mean lat.: 5069.222ms, rate sampling interval: 14950ms
  Thread calibration: mean lat.: 5065.938ms, rate sampling interval: 14565ms
  Thread calibration: mean lat.: 4933.986ms, rate sampling interval: 14712ms
  Thread calibration: mean lat.: 4955.754ms, rate sampling interval: 14622ms
  Thread calibration: mean lat.: 5118.045ms, rate sampling interval: 14802ms
  Thread calibration: mean lat.: 5012.361ms, rate sampling interval: 14909ms
  Thread calibration: mean lat.: 4990.420ms, rate sampling interval: 14696ms
  Thread calibration: mean lat.: 5050.290ms, rate sampling interval: 14852ms
  Thread calibration: mean lat.: 5104.678ms, rate sampling interval: 14729ms
  Thread calibration: mean lat.: 4941.372ms, rate sampling interval: 14360ms
  Thread calibration: mean lat.: 5156.094ms, rate sampling interval: 14778ms
  Thread calibration: mean lat.: 5029.045ms, rate sampling interval: 14876ms
  Thread calibration: mean lat.: 4864.241ms, rate sampling interval: 14811ms
  Thread calibration: mean lat.: 5009.113ms, rate sampling interval: 15048ms
  Thread calibration: mean lat.: 4960.521ms, rate sampling interval: 14778ms
  Thread Stats   Avg      Stdev     Max   +/- Stdev
    Latency    14.25s     3.26s   19.30s    58.98%
    Req/Sec    76.31      1.26    78.00     87.50%
  Latency Distribution (HdrHistogram - Recorded Latency)
 50.000%   14.79s 
 75.000%   17.01s 
 90.000%   18.42s 
 99.000%   19.09s 
 99.900%   19.22s 
 99.990%   19.28s 
 99.999%   19.32s 
100.000%   19.32s 

  Detailed Percentile spectrum:
       Value   Percentile   TotalCount 1/(1-Percentile)

    7630.847     0.000000            1         1.00
    9371.647     0.100000         2612         1.11
   10723.327     0.200000         5235         1.25
   12361.727     0.300000         7833         1.43
   13680.639     0.400000        10437         1.67
   14794.751     0.500000        13033         2.00
   15310.847     0.550000        14354         2.22
   15736.831     0.600000        15647         2.50
   16138.239     0.650000        16952         2.86
   16556.031     0.700000        18267         3.33
   17006.591     0.750000        19585         4.00
   17219.583     0.775000        20251         4.44
   17432.575     0.800000        20872         5.00
   17678.335     0.825000        21514         5.71
   17924.095     0.850000        22161         6.67
   18202.623     0.875000        22812         8.00
   18317.311     0.887500        23167         8.89
   18415.615     0.900000        23461        10.00
   18513.919     0.912500        23824        11.43
   18595.839     0.925000        24151        13.33
   18677.759     0.937500        24485        16.00
   18710.527     0.943750        24600        17.78
   18759.679     0.950000        24785        20.00
   18825.215     0.956250        24978        22.86
   18874.367     0.962500        25136        26.67
   18923.519     0.968750        25277        32.00
   18939.903     0.971875        25345        35.56
   18972.671     0.975000        25444        40.00
   18989.055     0.978125        25496        45.71
   19021.823     0.981250        25629        53.33
   19038.207     0.984375        25702        64.00
   19038.207     0.985938        25702        71.11
   19054.591     0.987500        25745        80.00
   19070.975     0.989062        25784        91.43
   19103.743     0.990625        25842       106.67
   19120.127     0.992188        25883       128.00
   19120.127     0.992969        25883       142.22
   19152.895     0.993750        25951       160.00
   19152.895     0.994531        25951       182.86
   19152.895     0.995313        25951       213.33
   19169.279     0.996094        25988       256.00
   19169.279     0.996484        25988       284.44
   19169.279     0.996875        25988       320.00
   19185.663     0.997266        26012       365.71
   19185.663     0.997656        26012       426.67
   19202.047     0.998047        26038       512.00
   19202.047     0.998242        26038       568.89
   19202.047     0.998437        26038       640.00
   19202.047     0.998633        26038       731.43
   19202.047     0.998828        26038       853.33
   19218.431     0.999023        26041      1024.00
   19234.815     0.999121        26049      1137.78
   19234.815     0.999219        26049      1280.00
   19234.815     0.999316        26049      1462.86
   19251.199     0.999414        26057      1706.67
   19251.199     0.999512        26057      2048.00
   19251.199     0.999561        26057      2275.56
   19251.199     0.999609        26057      2560.00
   19251.199     0.999658        26057      2925.71
   19267.583     0.999707        26061      3413.33
   19267.583     0.999756        26061      4096.00
   19267.583     0.999780        26061      4551.11
   19267.583     0.999805        26061      5120.00
   19267.583     0.999829        26061      5851.43
   19283.967     0.999854        26062      6826.67
   19283.967     0.999878        26062      8192.00
   19300.351     0.999890        26064      9102.22
   19300.351     0.999902        26064     10240.00
   19300.351     0.999915        26064     11702.86
   19300.351     0.999927        26064     13653.33
   19300.351     0.999939        26064     16384.00
   19300.351     0.999945        26064     18204.44
   19300.351     0.999951        26064     20480.00
   19300.351     0.999957        26064     23405.71
   19316.735     0.999963        26065     27306.67
   19316.735     1.000000        26065          inf
#[Mean    =    14247.976, StdDeviation   =     3255.727]
#[Max     =    19300.352, Total count    =        26065]
#[Buckets =           27, SubBuckets     =         2048]
----------------------------------------------------------
  32767 requests in 29.98s, 48.85MB read
Requests/sec:   1093.13
Transfer/sec:      1.63MB

2026-01-05 03:45:29,183 [INFO] Saving all collected metrics to JSON file: /app/barista/logs/2026-01-05_03-44-49-bench-ae2ae4/barista-results.json
2026-01-05 03:45:29,192 [INFO] Writing to csv files
2026-01-05 03:45:29,192 [INFO] Producing final_measurements-barista_latency_results.csv
2026-01-05 03:45:29,197 [INFO] Dumping application outputs to: logs/2026-01-05_03-44-49-bench-ae2ae4/app-dump.txt
2026-01-05 03:45:29,197 [INFO] Benchmark done
2026-01-05 03:45:29,312 [INFO] ================================================================================
2026-01-05 03:45:29,312 [INFO] Barista report for benchmark 'spring-petclinic'
2026-01-05 03:45:29,312 [INFO] Run command: python3 ./barista.py spring-petclinic --mode jvm --resource-usage-polling-interval 0.02 --startup-iteration-count 0 --warmup-iteration-count 0
2026-01-05 03:45:29,312 [INFO] Resource usage results:
2026-01-05 03:45:29,313 [INFO] 	Resident Set Size:
2026-01-05 03:45:29,313 [INFO] 		              p100.0               787.92 MB
2026-01-05 03:45:29,313 [INFO] 		               p99.0               787.41 MB
2026-01-05 03:45:29,313 [INFO] 		               p98.0               787.41 MB
2026-01-05 03:45:29,313 [INFO] 		               p97.0               778.68 MB
2026-01-05 03:45:29,313 [INFO] 		               p96.0               765.67 MB
2026-01-05 03:45:29,313 [INFO] 		               p95.0               765.39 MB
2026-01-05 03:45:29,313 [INFO] 		               p90.0               763.59 MB
2026-01-05 03:45:29,313 [INFO] 		               p75.0               763.29 MB
2026-01-05 03:45:29,313 [INFO] 		               p50.0               762.57 MB
2026-01-05 03:45:29,313 [INFO] 		               p25.0               761.48 MB
2026-01-05 03:45:29,313 [INFO] 	Virtual Memory Size:
2026-01-05 03:45:29,314 [INFO] 		              p100.0             21665.68 MB
2026-01-05 03:45:29,314 [INFO] 		               p99.0             21665.68 MB
2026-01-05 03:45:29,314 [INFO] 		               p98.0             21665.68 MB
2026-01-05 03:45:29,314 [INFO] 		               p97.0             21656.68 MB
2026-01-05 03:45:29,314 [INFO] 		               p96.0             21643.68 MB
2026-01-05 03:45:29,314 [INFO] 		               p95.0             21643.68 MB
2026-01-05 03:45:29,314 [INFO] 		               p90.0             21641.18 MB
2026-01-05 03:45:29,314 [INFO] 		               p75.0             21640.18 MB
2026-01-05 03:45:29,314 [INFO] 		               p50.0             21639.68 MB
2026-01-05 03:45:29,314 [INFO] 		               p25.0             21639.18 MB
2026-01-05 03:45:29,314 [INFO] 	System-wide CPU utilization:
2026-01-05 03:45:29,314 [INFO] 		              p100.0               903.50 %
2026-01-05 03:45:29,314 [INFO] 		               p99.0               875.31 %
2026-01-05 03:45:29,314 [INFO] 		               p98.0               832.07 %
2026-01-05 03:45:29,314 [INFO] 		               p97.0               830.55 %
2026-01-05 03:45:29,314 [INFO] 		               p96.0               829.68 %
2026-01-05 03:45:29,314 [INFO] 		               p95.0               828.37 %
2026-01-05 03:45:29,314 [INFO] 		               p90.0               782.90 %
2026-01-05 03:45:29,315 [INFO] 		               p75.0               779.76 %
2026-01-05 03:45:29,315 [INFO] 		               p50.0               732.30 %
2026-01-05 03:45:29,315 [INFO] 		               p25.0               684.13 %
2026-01-05 03:45:29,315 [INFO] Latency results: 
2026-01-05 03:45:29,315 [INFO] Results of final_measurements latency measurement
2026-01-05 03:45:29,315 [INFO] 	Measures for latency iteration 1:
2026-01-05 03:45:29,315 [INFO] 		                rate                 3000 ops/s
2026-01-05 03:45:29,315 [INFO] 		              50.000             14790.00 ms
2026-01-05 03:45:29,315 [INFO] 		              75.000             17010.00 ms
2026-01-05 03:45:29,315 [INFO] 		              90.000             18420.00 ms
2026-01-05 03:45:29,315 [INFO] 		              99.000             19090.00 ms
2026-01-05 03:45:29,315 [INFO] 		              99.900             19220.00 ms
2026-01-05 03:45:29,315 [INFO] 		              99.990             19280.00 ms
2026-01-05 03:45:29,315 [INFO] 		              99.999             19320.00 ms
2026-01-05 03:45:29,315 [INFO] 		             100.000             19320.00 ms
2026-01-05 03:45:29,315 [INFO] ================================================================================
