2026-01-05 01:27:57,590 [INFO] Running Barista harness with args: ['./barista.py', 'spring-petclinic', '--mode', 'jvm', '--resource-usage-polling-interval', '0.02', '--startup-iteration-count', '0', '--warmup-iteration-count', '0']
2026-01-05 01:27:57,590 [INFO] Java home is pointing to "/opt/graalvm".
2026-01-05 01:27:57,590 [INFO] Getting platform version information with command "/opt/graalvm/bin/java --version"
2026-01-05 01:27:57,650 [INFO] Getting platform version information with command "/opt/graalvm/bin/native-image --version"
2026-01-05 01:27:57,656 [INFO] Version of the available JVM at java home:
openjdk 21.0.1 2023-10-17
OpenJDK Runtime Environment GraalVM CE 21.0.1+12.1 (build 21.0.1+12-jvmci-23.1-b19)
OpenJDK 64-Bit Server VM GraalVM CE 21.0.1+12.1 (build 21.0.1+12-jvmci-23.1-b19, mixed mode, sharing)
native-image 21.0.1 2023-10-17
GraalVM Runtime Environment GraalVM CE 21.0.1+12.1 (build 21.0.1+12-jvmci-23.1-b19)
Substrate VM GraalVM CE 21.0.1+12.1 (build 21.0.1+12, serial gc)

2026-01-05 01:27:57,656 [INFO] Locating the app build artifact with command "/home/bakhtinartyom1205/projects/harness-evaluation/barista/benchmarks/spring-petclinic/build.sh --get-jar"
2026-01-05 01:27:57,656 [INFO] Running the following command in a subprocess:
/home/bakhtinartyom1205/projects/harness-evaluation/barista/benchmarks/spring-petclinic/build.sh --get-jar
2026-01-05 01:27:57,661 [INFO] Dumping the stdout of the subprocess:
application jar file path is: /home/bakhtinartyom1205/projects/harness-evaluation/barista/benchmarks/spring-petclinic/spring-petclinic-sources/target/spring-petclinic-3.0.0-SNAPSHOT.jar

2026-01-05 01:27:57,661 [INFO] Dumping the stderr of the subprocess:
+ '[' 1 -gt 0 ']'
+ '[' --get-jar = --help ']'
+++ dirname /home/bakhtinartyom1205/projects/harness-evaluation/barista/benchmarks/spring-petclinic/build.sh
++ cd -P /home/bakhtinartyom1205/projects/harness-evaluation/barista/benchmarks/spring-petclinic
++ pwd
+ DIR=/home/bakhtinartyom1205/projects/harness-evaluation/barista/benchmarks/spring-petclinic/spring-petclinic-sources
+ VERSION=3.0.0-SNAPSHOT
+ JAR=/home/bakhtinartyom1205/projects/harness-evaluation/barista/benchmarks/spring-petclinic/spring-petclinic-sources/target/spring-petclinic-3.0.0-SNAPSHOT.jar
+ NIB=/home/bakhtinartyom1205/projects/harness-evaluation/barista/benchmarks/spring-petclinic/spring-petclinic-sources/target/spring-petclinic-3.0.0-SNAPSHOT.nib
+ '[' 1 -gt 0 ']'
+ '[' --get-jar = --get-jar ']'
+ echo 'application jar file path is: /home/bakhtinartyom1205/projects/harness-evaluation/barista/benchmarks/spring-petclinic/spring-petclinic-sources/target/spring-petclinic-3.0.0-SNAPSHOT.jar'
+ exit 0

2026-01-05 01:27:57,662 [INFO] Benchmarking of http://127.0.0.1:8006 with JVM mode
Redirecting output to: logs/2026-01-05_01-27-57-bench-1bbad9
	 - Startup: Repeat 0 iterations: recording first 10 requests, timeout after 300 seconds of no response
	 - Warmup: 0 iterations of 15 seconds with 16 threads and 16 connections (lua script: ['/home/bakhtinartyom1205/projects/harness-evaluation/barista/benchmarks/spring-petclinic/workloads/mixed-requests.lua'])
	 - Throughput: 0 iterations of 30 seconds with 16 threads and 16 connections (lua script: ['/home/bakhtinartyom1205/projects/harness-evaluation/barista/benchmarks/spring-petclinic/workloads/mixed-requests.lua'])
	 - Latency: 1 iterations of 30 seconds with 16 threads and 16 connections at [3000] reqs/s (lua script: ['/home/bakhtinartyom1205/projects/harness-evaluation/barista/benchmarks/spring-petclinic/workloads/mixed-requests.lua'])
Total runtime: 0:01:00. Expected finish time 2026-01-05 01:28:57.662346

2026-01-05 01:27:57,662 [INFO] Starting microservice with:
/opt/graalvm/bin/java -jar /home/bakhtinartyom1205/projects/harness-evaluation/barista/benchmarks/spring-petclinic/spring-petclinic-sources/target/spring-petclinic-3.0.0-SNAPSHOT.jar
2026-01-05 01:27:57,663 [INFO] Detected app process (pid=67458) with command-line:
/opt/graalvm/bin/java -jar /home/bakhtinartyom1205/projects/harness-evaluation/barista/benchmarks/spring-petclinic/spring-petclinic-sources/target/spring-petclinic-3.0.0-SNAPSHOT.jar
2026-01-05 01:27:57,663 [INFO] Running startup measurements: sending 10 GET request(s) to http://127.0.0.1:8006/
2026-01-05 01:28:03,043 [INFO] Received response #1 in 5380.89 ms
2026-01-05 01:28:03,050 [INFO] Received response #2 in   7.24 ms
2026-01-05 01:28:03,058 [INFO] Received response #3 in   7.44 ms
2026-01-05 01:28:03,064 [INFO] Received response #4 in   6.12 ms
2026-01-05 01:28:03,072 [INFO] Received response #5 in   7.83 ms
2026-01-05 01:28:03,080 [INFO] Received response #6 in   7.32 ms
2026-01-05 01:28:03,086 [INFO] Received response #7 in   5.66 ms
2026-01-05 01:28:03,091 [INFO] Received response #8 in   5.09 ms
2026-01-05 01:28:03,096 [INFO] Received response #9 in   5.10 ms
2026-01-05 01:28:03,102 [INFO] Received response #10 in   5.55 ms
2026-01-05 01:28:03,102 [INFO] Monitoring memory and CPU usage of process 67458 every 20.0ms
2026-01-05 01:28:03,103 [WARNING] Average throughput was: 0 ops/s. Setting average throughput to 1
2026-01-05 01:28:03,105 [INFO] Average throughput: 1 ops/s
2026-01-05 01:28:03,105 [INFO] Getting fixed rates for latency
2026-01-05 01:28:03,105 [INFO] Now measuring the latency for FIXED mode at 3000 for 1 iterations
2026-01-05 01:28:03,105 [INFO] Running latency iteration 1/1
2026-01-05 01:28:03,107 [INFO] Extracted framework startup time of 4578.0 ms
2026-01-05 01:28:03,108 [INFO] Begining to measure latency
2026-01-05 01:28:03,108 [INFO] Running latency command:
wrk2 -d 30s -R 3000 --latency http://127.0.0.1:8006 -t 16 -c 16 --script /home/bakhtinartyom1205/projects/harness-evaluation/barista/benchmarks/spring-petclinic/workloads/mixed-requests.lua -- 16
2026-01-05 01:28:33,127 [INFO] Finished measuring latency
2026-01-05 01:28:33,129 [INFO] Dumping wrk outputs to file 'logs/2026-01-05_01-27-57-bench-1bbad9/FIXED-3000-latency-1-dump.txt' and to stdout:
Running 30s test @ http://127.0.0.1:8006
  16 threads and 16 connections
  Thread calibration: mean lat.: 2926.191ms, rate sampling interval: 8048ms
  Thread calibration: mean lat.: 2892.476ms, rate sampling interval: 7778ms
  Thread calibration: mean lat.: 2998.177ms, rate sampling interval: 8241ms
  Thread calibration: mean lat.: 2990.294ms, rate sampling interval: 7999ms
  Thread calibration: mean lat.: 3023.956ms, rate sampling interval: 8101ms
  Thread calibration: mean lat.: 2998.984ms, rate sampling interval: 8003ms
  Thread calibration: mean lat.: 2894.349ms, rate sampling interval: 7262ms
  Thread calibration: mean lat.: 3001.968ms, rate sampling interval: 7749ms
  Thread calibration: mean lat.: 3022.778ms, rate sampling interval: 7954ms
  Thread calibration: mean lat.: 2731.488ms, rate sampling interval: 7028ms
  Thread calibration: mean lat.: 2960.104ms, rate sampling interval: 7794ms
  Thread calibration: mean lat.: 2988.155ms, rate sampling interval: 7921ms
  Thread calibration: mean lat.: 2997.110ms, rate sampling interval: 7909ms
  Thread calibration: mean lat.: 2910.639ms, rate sampling interval: 7462ms
  Thread calibration: mean lat.: 2824.177ms, rate sampling interval: 7557ms
  Thread calibration: mean lat.: 2866.265ms, rate sampling interval: 7094ms
  Thread Stats   Avg      Stdev     Max   +/- Stdev
    Latency     3.29s     1.05s    4.93s    65.81%
    Req/Sec   202.00     19.29   235.00     59.38%
  Latency Distribution (HdrHistogram - Recorded Latency)
 50.000%    3.57s 
 75.000%    4.11s 
 90.000%    4.46s 
 99.000%    4.69s 
 99.900%    4.90s 
 99.990%    4.92s 
 99.999%    4.93s 
100.000%    4.94s 

  Detailed Percentile spectrum:
       Value   Percentile   TotalCount 1/(1-Percentile)

       1.564     0.000000            1         1.00
    1710.079     0.100000         6860         1.11
    2322.431     0.200000        13716         1.25
    2844.671     0.300000        20597         1.43
    3284.991     0.400000        27429         1.67
    3573.759     0.500000        34333         2.00
    3678.207     0.550000        37715         2.22
    3786.751     0.600000        41151         2.50
    3901.439     0.650000        44615         2.86
    4007.935     0.700000        48034         3.33
    4108.287     0.750000        51473         4.00
    4171.775     0.775000        53155         4.44
    4227.071     0.800000        54964         5.00
    4288.511     0.825000        56634         5.71
    4354.047     0.850000        58347         6.67
    4399.103     0.875000        60011         8.00
    4431.871     0.887500        60946         8.89
    4456.447     0.900000        61797        10.00
    4476.927     0.912500        62656        11.43
    4501.503     0.925000        63451        13.33
    4521.983     0.937500        64350        16.00
    4530.175     0.943750        64740        17.78
    4542.463     0.950000        65221        20.00
    4554.751     0.956250        65668        22.86
    4567.039     0.962500        66162        26.67
    4575.231     0.968750        66449        32.00
    4583.423     0.971875        66667        35.56
    4595.711     0.975000        66938        40.00
    4603.903     0.978125        67111        45.71
    4620.287     0.981250        67330        53.33
    4632.575     0.984375        67558        64.00
    4636.671     0.985938        67631        71.11
    4644.863     0.987500        67711        80.00
    4665.343     0.989062        67828        91.43
    4730.879     0.990625        67931       106.67
    4767.743     0.992188        68055       128.00
    4775.935     0.992969        68105       142.22
    4784.127     0.993750        68143       160.00
    4804.607     0.994531        68195       182.86
    4825.087     0.995313        68256       213.33
    4837.375     0.996094        68311       256.00
    4841.471     0.996484        68333       284.44
    4849.663     0.996875        68370       320.00
    4853.759     0.997266        68383       365.71
    4870.143     0.997656        68412       426.67
    4882.431     0.998047        68448       512.00
    4882.431     0.998242        68448       568.89
    4890.623     0.998437        68473       640.00
    4894.719     0.998633        68480       731.43
    4898.815     0.998828        68491       853.33
    4902.911     0.999023        68513      1024.00
    4902.911     0.999121        68513      1137.78
    4907.007     0.999219        68541      1280.00
    4907.007     0.999316        68541      1462.86
    4907.007     0.999414        68541      1706.67
    4907.007     0.999512        68541      2048.00
    4907.007     0.999561        68541      2275.56
    4911.103     0.999609        68552      2560.00
    4911.103     0.999658        68552      2925.71
    4911.103     0.999707        68552      3413.33
    4911.103     0.999756        68552      4096.00
    4915.199     0.999780        68558      4551.11
    4915.199     0.999805        68558      5120.00
    4915.199     0.999829        68558      5851.43
    4915.199     0.999854        68558      6826.67
    4919.295     0.999878        68562      8192.00
    4919.295     0.999890        68562      9102.22
    4919.295     0.999902        68562     10240.00
    4923.391     0.999915        68564     11702.86
    4923.391     0.999927        68564     13653.33
    4923.391     0.999939        68564     16384.00
    4927.487     0.999945        68566     18204.44
    4927.487     0.999951        68566     20480.00
    4927.487     0.999957        68566     23405.71
    4927.487     0.999963        68566     27306.67
    4927.487     0.999969        68566     32768.00
    4931.583     0.999973        68567     36408.89
    4931.583     0.999976        68567     40960.00
    4931.583     0.999979        68567     46811.43
    4931.583     0.999982        68567     54613.33
    4931.583     0.999985        68567     65536.00
    4935.679     0.999986        68568     72817.78
    4935.679     1.000000        68568          inf
#[Mean    =     3288.446, StdDeviation   =     1046.699]
#[Max     =     4931.584, Total count    =        68568]
#[Buckets =           27, SubBuckets     =         2048]
----------------------------------------------------------
  86813 requests in 30.00s, 129.38MB read
Requests/sec:   2893.85
Transfer/sec:      4.31MB

2026-01-05 01:28:33,129 [INFO] Saving all collected metrics to JSON file: /home/bakhtinartyom1205/projects/harness-evaluation/barista/logs/2026-01-05_01-27-57-bench-1bbad9/barista-results.json
2026-01-05 01:28:33,136 [INFO] Writing to csv files
2026-01-05 01:28:33,136 [INFO] Producing final_measurements-barista_latency_results.csv
2026-01-05 01:28:33,140 [INFO] Dumping application outputs to: logs/2026-01-05_01-27-57-bench-1bbad9/app-dump.txt
2026-01-05 01:28:33,140 [INFO] Benchmark done
2026-01-05 01:28:33,204 [INFO] ================================================================================
2026-01-05 01:28:33,204 [INFO] Barista report for benchmark 'spring-petclinic'
2026-01-05 01:28:33,204 [INFO] Run command: python3 ./barista.py spring-petclinic --mode jvm --resource-usage-polling-interval 0.02 --startup-iteration-count 0 --warmup-iteration-count 0
2026-01-05 01:28:33,204 [INFO] Resource usage results:
2026-01-05 01:28:33,204 [INFO] 	Resident Set Size:
2026-01-05 01:28:33,204 [INFO] 		              p100.0              1158.22 MB
2026-01-05 01:28:33,204 [INFO] 		               p99.0              1158.22 MB
2026-01-05 01:28:33,204 [INFO] 		               p98.0              1158.22 MB
2026-01-05 01:28:33,204 [INFO] 		               p97.0              1157.05 MB
2026-01-05 01:28:33,204 [INFO] 		               p96.0              1157.01 MB
2026-01-05 01:28:33,204 [INFO] 		               p95.0              1156.99 MB
2026-01-05 01:28:33,204 [INFO] 		               p90.0              1156.82 MB
2026-01-05 01:28:33,204 [INFO] 		               p75.0              1156.42 MB
2026-01-05 01:28:33,204 [INFO] 		               p50.0              1153.71 MB
2026-01-05 01:28:33,204 [INFO] 		               p25.0               871.29 MB
2026-01-05 01:28:33,205 [INFO] 	Virtual Memory Size:
2026-01-05 01:28:33,205 [INFO] 		              p100.0             21641.91 MB
2026-01-05 01:28:33,205 [INFO] 		               p99.0             21641.41 MB
2026-01-05 01:28:33,205 [INFO] 		               p98.0             21641.41 MB
2026-01-05 01:28:33,205 [INFO] 		               p97.0             21641.41 MB
2026-01-05 01:28:33,205 [INFO] 		               p96.0             21639.91 MB
2026-01-05 01:28:33,205 [INFO] 		               p95.0             21639.91 MB
2026-01-05 01:28:33,205 [INFO] 		               p90.0             21639.41 MB
2026-01-05 01:28:33,205 [INFO] 		               p75.0             21638.41 MB
2026-01-05 01:28:33,205 [INFO] 		               p50.0             21637.91 MB
2026-01-05 01:28:33,205 [INFO] 		               p25.0             21637.91 MB
2026-01-05 01:28:33,205 [INFO] 	System-wide CPU utilization:
2026-01-05 01:28:33,205 [INFO] 		              p100.0               888.76 %
2026-01-05 01:28:33,205 [INFO] 		               p99.0               840.30 %
2026-01-05 01:28:33,205 [INFO] 		               p98.0               839.78 %
2026-01-05 01:28:33,205 [INFO] 		               p97.0               839.36 %
2026-01-05 01:28:33,205 [INFO] 		               p96.0               838.86 %
2026-01-05 01:28:33,205 [INFO] 		               p95.0               836.25 %
2026-01-05 01:28:33,205 [INFO] 		               p90.0               791.27 %
2026-01-05 01:28:33,205 [INFO] 		               p75.0               790.05 %
2026-01-05 01:28:33,205 [INFO] 		               p50.0               742.10 %
2026-01-05 01:28:33,205 [INFO] 		               p25.0               740.33 %
2026-01-05 01:28:33,206 [INFO] Latency results: 
2026-01-05 01:28:33,206 [INFO] Results of final_measurements latency measurement
2026-01-05 01:28:33,206 [INFO] 	Measures for latency iteration 1:
2026-01-05 01:28:33,206 [INFO] 		                rate                 3000 ops/s
2026-01-05 01:28:33,206 [INFO] 		              50.000              3570.00 ms
2026-01-05 01:28:33,206 [INFO] 		              75.000              4110.00 ms
2026-01-05 01:28:33,206 [INFO] 		              90.000              4460.00 ms
2026-01-05 01:28:33,206 [INFO] 		              99.000              4690.00 ms
2026-01-05 01:28:33,206 [INFO] 		              99.900              4900.00 ms
2026-01-05 01:28:33,206 [INFO] 		              99.990              4920.00 ms
2026-01-05 01:28:33,206 [INFO] 		              99.999              4930.00 ms
2026-01-05 01:28:33,206 [INFO] 		             100.000              4940.00 ms
2026-01-05 01:28:33,206 [INFO] ================================================================================
