2026-01-05 01:18:16,338 [INFO] Running Barista harness with args: ['./barista.py', 'micronaut-shopcart', '--mode', 'jvm', '--resource-usage-polling-interval', '0.02', '--startup-iteration-count', '0', '--warmup-iteration-count', '0']
2026-01-05 01:18:16,338 [INFO] Java home is pointing to "/opt/graalvm".
2026-01-05 01:18:16,338 [INFO] Getting platform version information with command "/opt/graalvm/bin/java --version"
2026-01-05 01:18:16,396 [INFO] Getting platform version information with command "/opt/graalvm/bin/native-image --version"
2026-01-05 01:18:16,401 [INFO] Version of the available JVM at java home:
openjdk 21.0.1 2023-10-17
OpenJDK Runtime Environment GraalVM CE 21.0.1+12.1 (build 21.0.1+12-jvmci-23.1-b19)
OpenJDK 64-Bit Server VM GraalVM CE 21.0.1+12.1 (build 21.0.1+12-jvmci-23.1-b19, mixed mode, sharing)
native-image 21.0.1 2023-10-17
GraalVM Runtime Environment GraalVM CE 21.0.1+12.1 (build 21.0.1+12-jvmci-23.1-b19)
Substrate VM GraalVM CE 21.0.1+12.1 (build 21.0.1+12, serial gc)

2026-01-05 01:18:16,402 [INFO] Locating the app build artifact with command "/home/bakhtinartyom1205/projects/harness-evaluation/barista/benchmarks/micronaut-shopcart/build.sh --get-jar"
2026-01-05 01:18:16,402 [INFO] Running the following command in a subprocess:
/home/bakhtinartyom1205/projects/harness-evaluation/barista/benchmarks/micronaut-shopcart/build.sh --get-jar
2026-01-05 01:18:16,406 [INFO] Dumping the stdout of the subprocess:
application jar file path is: /home/bakhtinartyom1205/projects/harness-evaluation/barista/benchmarks/micronaut-shopcart/target/shopcart-0.3.10.jar

2026-01-05 01:18:16,406 [INFO] Dumping the stderr of the subprocess:
+ '[' 1 -gt 0 ']'
+ '[' --get-jar = --help ']'
+++ dirname /home/bakhtinartyom1205/projects/harness-evaluation/barista/benchmarks/micronaut-shopcart/build.sh
++ cd -P /home/bakhtinartyom1205/projects/harness-evaluation/barista/benchmarks/micronaut-shopcart
++ pwd
+ DIR=/home/bakhtinartyom1205/projects/harness-evaluation/barista/benchmarks/micronaut-shopcart
+ VERSION=0.3.10
+ JAR=/home/bakhtinartyom1205/projects/harness-evaluation/barista/benchmarks/micronaut-shopcart/target/shopcart-0.3.10.jar
+ NIB=/home/bakhtinartyom1205/projects/harness-evaluation/barista/benchmarks/micronaut-shopcart/target/shopcart-0.3.10.nib
+ '[' 1 -gt 0 ']'
+ '[' --get-jar = --get-jar ']'
+ echo 'application jar file path is: /home/bakhtinartyom1205/projects/harness-evaluation/barista/benchmarks/micronaut-shopcart/target/shopcart-0.3.10.jar'
+ exit 0

2026-01-05 01:18:16,407 [INFO] Benchmarking of http://127.0.0.1:8001 with JVM mode
Redirecting output to: logs/2026-01-05_01-18-16-bench-731df5
	 - Startup: Repeat 0 iterations: recording first 10 requests, timeout after 60 seconds of no response
	 - Warmup: 0 iterations of 10 seconds with 16 threads and 16 connections (lua script: ['/home/bakhtinartyom1205/projects/harness-evaluation/barista/benchmarks/micronaut-shopcart/workloads/mixed-requests.lua'])
	 - Throughput: 0 iterations of 30 seconds with 16 threads and 16 connections (lua script: ['/home/bakhtinartyom1205/projects/harness-evaluation/barista/benchmarks/micronaut-shopcart/workloads/mixed-requests.lua'])
	 - Latency: 1 iterations of 30 seconds with 16 threads and 16 connections at [800] reqs/s (lua script: ['/home/bakhtinartyom1205/projects/harness-evaluation/barista/benchmarks/micronaut-shopcart/workloads/mixed-requests.lua'])
Total runtime: 0:01:00. Expected finish time 2026-01-05 01:19:16.407092

2026-01-05 01:18:16,407 [INFO] Starting microservice with:
/opt/graalvm/bin/java -jar /home/bakhtinartyom1205/projects/harness-evaluation/barista/benchmarks/micronaut-shopcart/target/shopcart-0.3.10.jar
2026-01-05 01:18:16,408 [INFO] Detected app process (pid=61914) with command-line:
/opt/graalvm/bin/java -jar /home/bakhtinartyom1205/projects/harness-evaluation/barista/benchmarks/micronaut-shopcart/target/shopcart-0.3.10.jar
2026-01-05 01:18:16,408 [INFO] Running startup measurements: sending 10 GET request(s) to http://127.0.0.1:8001/
2026-01-05 01:18:17,467 [INFO] Received response #1 in 1060.32 ms
2026-01-05 01:18:17,472 [INFO] Received response #2 in   4.74 ms
2026-01-05 01:18:17,477 [INFO] Received response #3 in   5.13 ms
2026-01-05 01:18:17,482 [INFO] Received response #4 in   4.19 ms
2026-01-05 01:18:17,485 [INFO] Received response #5 in   3.40 ms
2026-01-05 01:18:17,488 [INFO] Received response #6 in   2.75 ms
2026-01-05 01:18:17,491 [INFO] Received response #7 in   2.51 ms
2026-01-05 01:18:17,494 [INFO] Received response #8 in   2.82 ms
2026-01-05 01:18:17,497 [INFO] Received response #9 in   3.38 ms
2026-01-05 01:18:17,500 [INFO] Received response #10 in   2.89 ms
2026-01-05 01:18:17,501 [INFO] Monitoring memory and CPU usage of process 61914 every 20.0ms
2026-01-05 01:18:17,501 [WARNING] Average throughput was: 0 ops/s. Setting average throughput to 1
2026-01-05 01:18:17,501 [INFO] Average throughput: 1 ops/s
2026-01-05 01:18:17,501 [INFO] Getting fixed rates for latency
2026-01-05 01:18:17,503 [INFO] Now measuring the latency for FIXED mode at 800 for 1 iterations
2026-01-05 01:18:17,503 [INFO] Running latency iteration 1/1
2026-01-05 01:18:17,504 [INFO] Extracted framework startup time of 597.0 ms
2026-01-05 01:18:17,507 [INFO] Begining to measure latency
2026-01-05 01:18:17,507 [INFO] Running latency command:
wrk2 -d 30s -R 800 --latency http://127.0.0.1:8001 -t 16 -c 16 --script /home/bakhtinartyom1205/projects/harness-evaluation/barista/benchmarks/micronaut-shopcart/workloads/mixed-requests.lua -- 16
2026-01-05 01:18:47,518 [INFO] Finished measuring latency
2026-01-05 01:18:47,520 [INFO] Dumping wrk outputs to file 'logs/2026-01-05_01-18-16-bench-731df5/FIXED-800-latency-1-dump.txt' and to stdout:
Running 30s test @ http://127.0.0.1:8001
  16 threads and 16 connections
  Thread calibration: mean lat.: 1.444ms, rate sampling interval: 10ms
  Thread calibration: mean lat.: 1.360ms, rate sampling interval: 10ms
  Thread calibration: mean lat.: 1.339ms, rate sampling interval: 10ms
  Thread calibration: mean lat.: 1.274ms, rate sampling interval: 10ms
  Thread calibration: mean lat.: 1.223ms, rate sampling interval: 10ms
  Thread calibration: mean lat.: 1.180ms, rate sampling interval: 10ms
  Thread calibration: mean lat.: 1.185ms, rate sampling interval: 10ms
  Thread calibration: mean lat.: 1.196ms, rate sampling interval: 10ms
  Thread calibration: mean lat.: 1.211ms, rate sampling interval: 10ms
  Thread calibration: mean lat.: 1.242ms, rate sampling interval: 10ms
  Thread calibration: mean lat.: 1.188ms, rate sampling interval: 10ms
  Thread calibration: mean lat.: 1.240ms, rate sampling interval: 10ms
  Thread calibration: mean lat.: 1.221ms, rate sampling interval: 10ms
  Thread calibration: mean lat.: 1.220ms, rate sampling interval: 10ms
  Thread calibration: mean lat.: 1.173ms, rate sampling interval: 10ms
  Thread calibration: mean lat.: 1.212ms, rate sampling interval: 10ms
  Thread Stats   Avg      Stdev     Max   +/- Stdev
    Latency     0.87ms  349.85us   8.38ms   68.74%
    Req/Sec    51.60     51.27   111.00     89.29%
  Latency Distribution (HdrHistogram - Recorded Latency)
 50.000%    0.87ms
 75.000%    1.12ms
 90.000%    1.27ms
 99.000%    1.43ms
 99.900%    1.74ms
 99.990%    7.61ms
 99.999%    8.39ms
100.000%    8.39ms

  Detailed Percentile spectrum:
       Value   Percentile   TotalCount 1/(1-Percentile)

       0.119     0.000000            1         1.00
       0.460     0.100000         1612         1.11
       0.558     0.200000         3208         1.25
       0.662     0.300000         4803         1.43
       0.764     0.400000         6399         1.67
       0.867     0.500000         7993         2.00
       0.919     0.550000         8796         2.22
       0.969     0.600000         9603         2.50
       1.016     0.650000        10402         2.86
       1.064     0.700000        11196         3.33
       1.120     0.750000        12001         4.00
       1.149     0.775000        12394         4.44
       1.174     0.800000        12796         5.00
       1.197     0.825000        13193         5.71
       1.224     0.850000        13597         6.67
       1.250     0.875000        13995         8.00
       1.261     0.887500        14186         8.89
       1.274     0.900000        14386        10.00
       1.289     0.912500        14595        11.43
       1.303     0.925000        14793        13.33
       1.318     0.937500        14990        16.00
       1.326     0.943750        15096        17.78
       1.335     0.950000        15191        20.00
       1.345     0.956250        15294        22.86
       1.354     0.962500        15387        26.67
       1.365     0.968750        15487        32.00
       1.370     0.971875        15537        35.56
       1.377     0.975000        15591        40.00
       1.384     0.978125        15637        45.71
       1.394     0.981250        15691        53.33
       1.403     0.984375        15738        64.00
       1.409     0.985938        15763        71.11
       1.415     0.987500        15786        80.00
       1.424     0.989062        15810        91.43
       1.434     0.990625        15835       106.67
       1.444     0.992188        15860       128.00
       1.448     0.992969        15875       142.22
       1.453     0.993750        15885       160.00
       1.461     0.994531        15899       182.86
       1.471     0.995313        15910       213.33
       1.483     0.996094        15922       256.00
       1.493     0.996484        15929       284.44
       1.500     0.996875        15935       320.00
       1.512     0.997266        15942       365.71
       1.539     0.997656        15947       426.67
       1.553     0.998047        15953       512.00
       1.562     0.998242        15956       568.89
       1.600     0.998437        15960       640.00
       1.630     0.998633        15963       731.43
       1.688     0.998828        15966       853.33
       2.085     0.999023        15969      1024.00
       4.715     0.999121        15970      1137.78
       5.187     0.999219        15972      1280.00
       5.419     0.999316        15974      1462.86
       5.635     0.999414        15975      1706.67
       6.063     0.999512        15977      2048.00
       6.063     0.999561        15977      2275.56
       6.267     0.999609        15978      2560.00
       6.503     0.999658        15979      2925.71
       6.803     0.999707        15980      3413.33
       7.299     0.999756        15981      4096.00
       7.299     0.999780        15981      4551.11
       7.299     0.999805        15981      5120.00
       7.607     0.999829        15982      5851.43
       7.607     0.999854        15982      6826.67
       7.979     0.999878        15983      8192.00
       7.979     0.999890        15983      9102.22
       7.979     0.999902        15983     10240.00
       7.979     0.999915        15983     11702.86
       7.979     0.999927        15983     13653.33
       8.391     0.999939        15984     16384.00
       8.391     1.000000        15984          inf
#[Mean    =        0.868, StdDeviation   =        0.350]
#[Max     =        8.384, Total count    =        15984]
#[Buckets =           27, SubBuckets     =         2048]
----------------------------------------------------------
  24016 requests in 30.00s, 7.17MB read
Requests/sec:    800.51
Transfer/sec:    244.81KB

2026-01-05 01:18:47,521 [INFO] Saving all collected metrics to JSON file: /home/bakhtinartyom1205/projects/harness-evaluation/barista/logs/2026-01-05_01-18-16-bench-731df5/barista-results.json
2026-01-05 01:18:47,528 [INFO] Writing to csv files
2026-01-05 01:18:47,528 [INFO] Producing final_measurements-barista_latency_results.csv
2026-01-05 01:18:47,532 [INFO] Dumping application outputs to: logs/2026-01-05_01-18-16-bench-731df5/app-dump.txt
2026-01-05 01:18:47,532 [INFO] Benchmark done
2026-01-05 01:18:47,596 [INFO] ================================================================================
2026-01-05 01:18:47,596 [INFO] Barista report for benchmark 'micronaut-shopcart'
2026-01-05 01:18:47,596 [INFO] Run command: python3 ./barista.py micronaut-shopcart --mode jvm --resource-usage-polling-interval 0.02 --startup-iteration-count 0 --warmup-iteration-count 0
2026-01-05 01:18:47,596 [INFO] Resource usage results:
2026-01-05 01:18:47,596 [INFO] 	Resident Set Size:
2026-01-05 01:18:47,596 [INFO] 		              p100.0               258.99 MB
2026-01-05 01:18:47,596 [INFO] 		               p99.0               258.99 MB
2026-01-05 01:18:47,596 [INFO] 		               p98.0               258.99 MB
2026-01-05 01:18:47,596 [INFO] 		               p97.0               258.99 MB
2026-01-05 01:18:47,596 [INFO] 		               p96.0               258.99 MB
2026-01-05 01:18:47,596 [INFO] 		               p95.0               258.99 MB
2026-01-05 01:18:47,596 [INFO] 		               p90.0               258.99 MB
2026-01-05 01:18:47,597 [INFO] 		               p75.0               256.80 MB
2026-01-05 01:18:47,597 [INFO] 		               p50.0               247.17 MB
2026-01-05 01:18:47,597 [INFO] 		               p25.0               235.29 MB
2026-01-05 01:18:47,597 [INFO] 	Virtual Memory Size:
2026-01-05 01:18:47,597 [INFO] 		              p100.0             20880.73 MB
2026-01-05 01:18:47,597 [INFO] 		               p99.0             20877.73 MB
2026-01-05 01:18:47,597 [INFO] 		               p98.0             20859.73 MB
2026-01-05 01:18:47,597 [INFO] 		               p97.0             20859.23 MB
2026-01-05 01:18:47,597 [INFO] 		               p96.0             20859.23 MB
2026-01-05 01:18:47,597 [INFO] 		               p95.0             20858.23 MB
2026-01-05 01:18:47,597 [INFO] 		               p90.0             20858.23 MB
2026-01-05 01:18:47,597 [INFO] 		               p75.0             20857.23 MB
2026-01-05 01:18:47,597 [INFO] 		               p50.0             20857.23 MB
2026-01-05 01:18:47,597 [INFO] 		               p25.0             20843.23 MB
2026-01-05 01:18:47,597 [INFO] 	System-wide CPU utilization:
2026-01-05 01:18:47,597 [INFO] 		              p100.0               691.14 %
2026-01-05 01:18:47,597 [INFO] 		               p99.0               198.52 %
2026-01-05 01:18:47,598 [INFO] 		               p98.0               197.73 %
2026-01-05 01:18:47,598 [INFO] 		               p97.0               148.82 %
2026-01-05 01:18:47,598 [INFO] 		               p96.0               148.68 %
2026-01-05 01:18:47,598 [INFO] 		               p95.0               148.52 %
2026-01-05 01:18:47,598 [INFO] 		               p90.0                99.25 %
2026-01-05 01:18:47,598 [INFO] 		               p75.0                49.64 %
2026-01-05 01:18:47,598 [INFO] 		               p50.0                 0.00 %
2026-01-05 01:18:47,598 [INFO] 		               p25.0                 0.00 %
2026-01-05 01:18:47,598 [INFO] Latency results: 
2026-01-05 01:18:47,598 [INFO] Results of final_measurements latency measurement
2026-01-05 01:18:47,598 [INFO] 	Measures for latency iteration 1:
2026-01-05 01:18:47,598 [INFO] 		                rate                  800 ops/s
2026-01-05 01:18:47,598 [INFO] 		              50.000                 0.87 ms
2026-01-05 01:18:47,598 [INFO] 		              75.000                 1.12 ms
2026-01-05 01:18:47,598 [INFO] 		              90.000                 1.27 ms
2026-01-05 01:18:47,598 [INFO] 		              99.000                 1.43 ms
2026-01-05 01:18:47,598 [INFO] 		              99.900                 1.74 ms
2026-01-05 01:18:47,599 [INFO] 		              99.990                 7.61 ms
2026-01-05 01:18:47,599 [INFO] 		              99.999                 8.39 ms
2026-01-05 01:18:47,599 [INFO] 		             100.000                 8.39 ms
2026-01-05 01:18:47,599 [INFO] ================================================================================
