2026-01-05 03:42:03,712 [INFO] Running Barista harness with args: ['./barista.py', 'spring-petclinic', '--mode', 'native', '--resource-usage-polling-interval', '0.02', '--startup-iteration-count', '0', '--warmup-iteration-count', '0', '--app-executable', '/app/barista/benchmarks/spring-petclinic/spring-petclinic-sources/target/spring-petclinic-3.0.0-SNAPSHOT.output/default/spring-petclinic']
2026-01-05 03:42:03,713 [INFO] Java home is pointing to "/opt/graalvm".
2026-01-05 03:42:03,713 [INFO] Getting platform version information with command "/opt/graalvm/bin/java --version"
2026-01-05 03:42:03,830 [INFO] Getting platform version information with command "/opt/graalvm/bin/native-image --version"
2026-01-05 03:42:03,840 [INFO] Version of the available JVM at java home:
openjdk 23 2024-09-17
OpenJDK Runtime Environment GraalVM CE 23+37.1 (build 23+37-jvmci-b01)
OpenJDK 64-Bit Server VM GraalVM CE 23+37.1 (build 23+37-jvmci-b01, mixed mode, sharing)
native-image 23 2024-09-17
GraalVM Runtime Environment GraalVM CE 23+37.1 (build 23+37-jvmci-b01)
Substrate VM GraalVM CE 23+37.1 (build 23+37, serial gc)

2026-01-05 03:42:03,841 [INFO] Benchmarking of http://127.0.0.1:8006 with NATIVE mode
Redirecting output to: logs/2026-01-05_03-42-03-bench-fb1ef1
	 - Startup: Repeat 0 iterations: recording first 10 requests, timeout after 300 seconds of no response
	 - Warmup: 0 iterations of 15 seconds with 16 threads and 16 connections (lua script: ['/app/barista/benchmarks/spring-petclinic/workloads/mixed-requests.lua'])
	 - Throughput: 0 iterations of 30 seconds with 16 threads and 16 connections (lua script: ['/app/barista/benchmarks/spring-petclinic/workloads/mixed-requests.lua'])
	 - Latency: 1 iterations of 30 seconds with 16 threads and 16 connections at [3000] reqs/s (lua script: ['/app/barista/benchmarks/spring-petclinic/workloads/mixed-requests.lua'])
Total runtime: 0:01:00. Expected finish time 2026-01-05 03:43:03.841484

2026-01-05 03:42:03,841 [INFO] Starting microservice with:
/app/barista/benchmarks/spring-petclinic/spring-petclinic-sources/target/spring-petclinic-3.0.0-SNAPSHOT.output/default/spring-petclinic
2026-01-05 03:42:03,843 [INFO] Detected app process (pid=579) with command-line:
/app/barista/benchmarks/spring-petclinic/spring-petclinic-sources/target/spring-petclinic-3.0.0-SNAPSHOT.output/default/spring-petclinic
2026-01-05 03:42:03,843 [INFO] Running startup measurements: sending 10 GET request(s) to http://127.0.0.1:8006/
2026-01-05 03:42:04,358 [INFO] Received response #1 in 516.99 ms
2026-01-05 03:42:04,361 [INFO] Received response #2 in   2.81 ms
2026-01-05 03:42:04,364 [INFO] Received response #3 in   2.36 ms
2026-01-05 03:42:04,366 [INFO] Received response #4 in   1.97 ms
2026-01-05 03:42:04,370 [INFO] Received response #5 in   2.99 ms
2026-01-05 03:42:04,372 [INFO] Received response #6 in   1.96 ms
2026-01-05 03:42:04,373 [INFO] Received response #7 in   1.47 ms
2026-01-05 03:42:04,377 [INFO] Received response #8 in   2.80 ms
2026-01-05 03:42:04,379 [INFO] Received response #9 in   2.45 ms
2026-01-05 03:42:04,383 [INFO] Received response #10 in   3.08 ms
2026-01-05 03:42:04,383 [INFO] Monitoring memory and CPU usage of process 579 every 20.0ms
2026-01-05 03:42:04,384 [WARNING] Average throughput was: 0 ops/s. Setting average throughput to 1
2026-01-05 03:42:04,386 [INFO] Extracted framework startup time of 439.0 ms
2026-01-05 03:42:04,387 [INFO] Average throughput: 1 ops/s
2026-01-05 03:42:04,388 [INFO] Getting fixed rates for latency
2026-01-05 03:42:04,389 [INFO] Now measuring the latency for FIXED mode at 3000 for 1 iterations
2026-01-05 03:42:04,389 [INFO] Running latency iteration 1/1
2026-01-05 03:42:04,393 [INFO] Begining to measure latency
2026-01-05 03:42:04,395 [INFO] Running latency command:
wrk2 -d 30s -R 3000 --latency http://127.0.0.1:8006 -t 16 -c 16 --script /app/barista/benchmarks/spring-petclinic/workloads/mixed-requests.lua -- 16
2026-01-05 03:42:34,410 [INFO] Finished measuring latency
2026-01-05 03:42:34,413 [INFO] Dumping wrk outputs to file 'logs/2026-01-05_03-42-03-bench-fb1ef1/FIXED-3000-latency-1-dump.txt' and to stdout:
Running 30s test @ http://127.0.0.1:8006
  16 threads and 16 connections
  Thread calibration: mean lat.: 6.389ms, rate sampling interval: 28ms
  Thread calibration: mean lat.: 6.316ms, rate sampling interval: 23ms
  Thread calibration: mean lat.: 6.352ms, rate sampling interval: 24ms
  Thread calibration: mean lat.: 6.307ms, rate sampling interval: 25ms
  Thread calibration: mean lat.: 5.687ms, rate sampling interval: 22ms
  Thread calibration: mean lat.: 5.913ms, rate sampling interval: 23ms
  Thread calibration: mean lat.: 5.891ms, rate sampling interval: 26ms
  Thread calibration: mean lat.: 6.175ms, rate sampling interval: 25ms
  Thread calibration: mean lat.: 5.998ms, rate sampling interval: 21ms
  Thread calibration: mean lat.: 6.066ms, rate sampling interval: 23ms
  Thread calibration: mean lat.: 5.840ms, rate sampling interval: 23ms
  Thread calibration: mean lat.: 5.865ms, rate sampling interval: 23ms
  Thread calibration: mean lat.: 6.114ms, rate sampling interval: 24ms
  Thread calibration: mean lat.: 6.148ms, rate sampling interval: 24ms
  Thread calibration: mean lat.: 6.411ms, rate sampling interval: 26ms
  Thread calibration: mean lat.: 7.155ms, rate sampling interval: 30ms
  Thread Stats   Avg      Stdev     Max   +/- Stdev
    Latency     5.29ms    5.51ms  56.83ms   91.07%
    Req/Sec   191.13     44.33   500.00     79.98%
  Latency Distribution (HdrHistogram - Recorded Latency)
 50.000%    3.48ms
 75.000%    5.45ms
 90.000%   10.04ms
 99.000%   31.69ms
 99.900%   44.93ms
 99.990%   51.10ms
 99.999%   52.61ms
100.000%   56.86ms

  Detailed Percentile spectrum:
       Value   Percentile   TotalCount 1/(1-Percentile)

       0.872     0.000000            1         1.00
       2.032     0.100000         6010         1.11
       2.381     0.200000        12002         1.25
       2.697     0.300000        18026         1.43
       3.045     0.400000        24000         1.67
       3.479     0.500000        30011         2.00
       3.743     0.550000        32990         2.22
       4.043     0.600000        35994         2.50
       4.399     0.650000        39000         2.86
       4.855     0.700000        41981         3.33
       5.451     0.750000        44978         4.00
       5.843     0.775000        46480         4.44
       6.307     0.800000        47981         5.00
       6.879     0.825000        49481         5.71
       7.615     0.850000        50978         6.67
       8.615     0.875000        52475         8.00
       9.287     0.887500        53229         8.89
      10.039     0.900000        53973        10.00
      10.967     0.912500        54728        11.43
      12.151     0.925000        55473        13.33
      13.839     0.937500        56224        16.00
      14.799     0.943750        56597        17.78
      15.871     0.950000        56972        20.00
      17.215     0.956250        57348        22.86
      18.879     0.962500        57724        26.67
      20.991     0.968750        58098        32.00
      22.015     0.971875        58284        35.56
      23.247     0.975000        58475        40.00
      24.495     0.978125        58660        45.71
      26.015     0.981250        58846        53.33
      27.791     0.984375        59034        64.00
      28.863     0.985938        59128        71.11
      29.967     0.987500        59222        80.00
      30.991     0.989062        59315        91.43
      32.207     0.990625        59409       106.67
      33.215     0.992188        59503       128.00
      33.887     0.992969        59549       142.22
      34.783     0.993750        59599       160.00
      35.423     0.994531        59643       182.86
      36.447     0.995313        59689       213.33
      37.727     0.996094        59736       256.00
      38.367     0.996484        59761       284.44
      38.815     0.996875        59783       320.00
      39.647     0.997266        59807       365.71
      40.671     0.997656        59831       426.67
      41.855     0.998047        59855       512.00
      42.399     0.998242        59865       568.89
      43.199     0.998437        59877       640.00
      43.583     0.998633        59890       731.43
      44.351     0.998828        59901       853.33
      44.959     0.999023        59912      1024.00
      45.599     0.999121        59918      1137.78
      46.207     0.999219        59924      1280.00
      46.687     0.999316        59931      1462.86
      47.263     0.999414        59935      1706.67
      47.775     0.999512        59941      2048.00
      48.159     0.999561        59945      2275.56
      48.351     0.999609        59947      2560.00
      48.639     0.999658        59950      2925.71
      48.863     0.999707        59953      3413.33
      49.439     0.999756        59956      4096.00
      49.695     0.999780        59957      4551.11
      50.399     0.999805        59960      5120.00
      50.399     0.999829        59960      5851.43
      50.879     0.999854        59962      6826.67
      51.007     0.999878        59963      8192.00
      51.103     0.999890        59964      9102.22
      51.583     0.999902        59965     10240.00
      51.583     0.999915        59965     11702.86
      51.679     0.999927        59966     13653.33
      51.839     0.999939        59967     16384.00
      51.839     0.999945        59967     18204.44
      52.575     0.999951        59968     20480.00
      52.575     0.999957        59968     23405.71
      52.575     0.999963        59968     27306.67
      52.607     0.999969        59969     32768.00
      52.607     0.999973        59969     36408.89
      52.607     0.999976        59969     40960.00
      52.607     0.999979        59969     46811.43
      52.607     0.999982        59969     54613.33
      56.863     0.999985        59970     65536.00
      56.863     1.000000        59970          inf
#[Mean    =        5.287, StdDeviation   =        5.514]
#[Max     =       56.832, Total count    =        59970]
#[Buckets =           27, SubBuckets     =         2048]
----------------------------------------------------------
  90002 requests in 30.00s, 134.14MB read
Requests/sec:   3000.31
Transfer/sec:      4.47MB

2026-01-05 03:42:34,414 [INFO] Saving all collected metrics to JSON file: /app/barista/logs/2026-01-05_03-42-03-bench-fb1ef1/barista-results.json
2026-01-05 03:42:34,422 [INFO] Writing to csv files
2026-01-05 03:42:34,422 [INFO] Producing final_measurements-barista_latency_results.csv
2026-01-05 03:42:34,427 [INFO] Dumping application outputs to: logs/2026-01-05_03-42-03-bench-fb1ef1/app-dump.txt
2026-01-05 03:42:34,428 [INFO] Benchmark done
2026-01-05 03:42:34,492 [INFO] ================================================================================
2026-01-05 03:42:34,493 [INFO] Barista report for benchmark 'spring-petclinic'
2026-01-05 03:42:34,493 [INFO] Run command: python3 ./barista.py spring-petclinic --mode native --resource-usage-polling-interval 0.02 --startup-iteration-count 0 --warmup-iteration-count 0 --app-executable /app/barista/benchmarks/spring-petclinic/spring-petclinic-sources/target/spring-petclinic-3.0.0-SNAPSHOT.output/default/spring-petclinic
2026-01-05 03:42:34,493 [INFO] Resource usage results:
2026-01-05 03:42:34,493 [INFO] 	Resident Set Size:
2026-01-05 03:42:34,493 [INFO] 		              p100.0               503.14 MB
2026-01-05 03:42:34,493 [INFO] 		               p99.0               501.75 MB
2026-01-05 03:42:34,493 [INFO] 		               p98.0               499.96 MB
2026-01-05 03:42:34,493 [INFO] 		               p97.0               499.96 MB
2026-01-05 03:42:34,493 [INFO] 		               p96.0               498.16 MB
2026-01-05 03:42:34,493 [INFO] 		               p95.0               496.66 MB
2026-01-05 03:42:34,493 [INFO] 		               p90.0               482.04 MB
2026-01-05 03:42:34,493 [INFO] 		               p75.0               444.07 MB
2026-01-05 03:42:34,493 [INFO] 		               p50.0               383.62 MB
2026-01-05 03:42:34,493 [INFO] 		               p25.0               323.59 MB
2026-01-05 03:42:34,493 [INFO] 	Virtual Memory Size:
2026-01-05 03:42:34,493 [INFO] 		              p100.0              2648.45 MB
2026-01-05 03:42:34,494 [INFO] 		               p99.0              2648.45 MB
2026-01-05 03:42:34,494 [INFO] 		               p98.0              2646.45 MB
2026-01-05 03:42:34,494 [INFO] 		               p97.0              2646.45 MB
2026-01-05 03:42:34,494 [INFO] 		               p96.0              2646.45 MB
2026-01-05 03:42:34,494 [INFO] 		               p95.0              2641.95 MB
2026-01-05 03:42:34,494 [INFO] 		               p90.0              2624.45 MB
2026-01-05 03:42:34,494 [INFO] 		               p75.0              2591.82 MB
2026-01-05 03:42:34,494 [INFO] 		               p50.0              2527.95 MB
2026-01-05 03:42:34,494 [INFO] 		               p25.0              2440.95 MB
2026-01-05 03:42:34,494 [INFO] 	System-wide CPU utilization:
2026-01-05 03:42:34,494 [INFO] 		              p100.0               782.74 %
2026-01-05 03:42:34,494 [INFO] 		               p99.0               731.32 %
2026-01-05 03:42:34,494 [INFO] 		               p98.0               684.18 %
2026-01-05 03:42:34,494 [INFO] 		               p97.0               682.10 %
2026-01-05 03:42:34,494 [INFO] 		               p96.0               637.10 %
2026-01-05 03:42:34,494 [INFO] 		               p95.0               635.43 %
2026-01-05 03:42:34,494 [INFO] 		               p90.0               588.92 %
2026-01-05 03:42:34,495 [INFO] 		               p75.0               538.64 %
2026-01-05 03:42:34,495 [INFO] 		               p50.0               489.21 %
2026-01-05 03:42:34,495 [INFO] 		               p25.0               440.60 %
2026-01-05 03:42:34,495 [INFO] Latency results: 
2026-01-05 03:42:34,495 [INFO] Results of final_measurements latency measurement
2026-01-05 03:42:34,495 [INFO] 	Measures for latency iteration 1:
2026-01-05 03:42:34,495 [INFO] 		                rate                 3000 ops/s
2026-01-05 03:42:34,495 [INFO] 		              50.000                 3.48 ms
2026-01-05 03:42:34,495 [INFO] 		              75.000                 5.45 ms
2026-01-05 03:42:34,495 [INFO] 		              90.000                10.04 ms
2026-01-05 03:42:34,495 [INFO] 		              99.000                31.69 ms
2026-01-05 03:42:34,495 [INFO] 		              99.900                44.93 ms
2026-01-05 03:42:34,495 [INFO] 		              99.990                51.10 ms
2026-01-05 03:42:34,495 [INFO] 		              99.999                52.61 ms
2026-01-05 03:42:34,495 [INFO] 		             100.000                56.86 ms
2026-01-05 03:42:34,495 [INFO] ================================================================================
