2026-01-05 03:23:43,056 [INFO] Running Barista harness with args: ['./barista.py', 'micronaut-shopcart', '--mode', 'native', '--resource-usage-polling-interval', '0.02', '--startup-iteration-count', '0', '--warmup-iteration-count', '0']
2026-01-05 03:23:43,056 [INFO] Java home is pointing to "/opt/graalvm".
2026-01-05 03:23:43,057 [INFO] Getting platform version information with command "/opt/graalvm/bin/java --version"
2026-01-05 03:23:43,152 [INFO] Getting platform version information with command "/opt/graalvm/bin/native-image --version"
2026-01-05 03:23:43,164 [INFO] Version of the available JVM at java home:
openjdk 23 2024-09-17
OpenJDK Runtime Environment GraalVM CE 23+37.1 (build 23+37-jvmci-b01)
OpenJDK 64-Bit Server VM GraalVM CE 23+37.1 (build 23+37-jvmci-b01, mixed mode, sharing)
native-image 23 2024-09-17
GraalVM Runtime Environment GraalVM CE 23+37.1 (build 23+37-jvmci-b01)
Substrate VM GraalVM CE 23+37.1 (build 23+37, serial gc)

2026-01-05 03:23:43,164 [INFO] Locating the app build artifact with command "/app/barista/benchmarks/micronaut-shopcart/build.sh --get-nib"
2026-01-05 03:23:43,164 [INFO] Running the following command in a subprocess:
/app/barista/benchmarks/micronaut-shopcart/build.sh --get-nib
2026-01-05 03:23:43,171 [INFO] Dumping the stdout of the subprocess:
application nib file path is: /app/barista/benchmarks/micronaut-shopcart/target/shopcart-0.3.10.nib

2026-01-05 03:23:43,171 [INFO] Dumping the stderr of the subprocess:
+ '[' 1 -gt 0 ']'
+ '[' --get-nib = --help ']'
+++ dirname /app/barista/benchmarks/micronaut-shopcart/build.sh
++ cd -P /app/barista/benchmarks/micronaut-shopcart
++ pwd
+ DIR=/app/barista/benchmarks/micronaut-shopcart
+ VERSION=0.3.10
+ JAR=/app/barista/benchmarks/micronaut-shopcart/target/shopcart-0.3.10.jar
+ NIB=/app/barista/benchmarks/micronaut-shopcart/target/shopcart-0.3.10.nib
+ '[' 1 -gt 0 ']'
+ '[' --get-nib = --get-jar ']'
+ '[' 1 -gt 0 ']'
+ '[' --get-nib = --get-nib ']'
+ echo 'application nib file path is: /app/barista/benchmarks/micronaut-shopcart/target/shopcart-0.3.10.nib'
+ exit 0

2026-01-05 03:23:43,172 [INFO] Building native image using command: "/opt/graalvm/bin/native-image --bundle-apply=/app/barista/benchmarks/micronaut-shopcart/target/shopcart-0.3.10.nib -g -o micronaut-shopcart"
2026-01-05 03:23:43,172 [INFO] Running the following command in a subprocess:
/opt/graalvm/bin/native-image --bundle-apply=/app/barista/benchmarks/micronaut-shopcart/target/shopcart-0.3.10.nib -g -o micronaut-shopcart
2026-01-05 03:26:07,072 [INFO] Native image "/app/barista/benchmarks/micronaut-shopcart/target/shopcart-0.3.10.output/default/micronaut-shopcart" was successfully built!
2026-01-05 03:26:07,072 [INFO] Benchmarking of http://127.0.0.1:8001 with NATIVE mode
Redirecting output to: logs/2026-01-05_03-23-43-bench-b50a3d
	 - Startup: Repeat 0 iterations: recording first 10 requests, timeout after 60 seconds of no response
	 - Warmup: 0 iterations of 10 seconds with 16 threads and 16 connections (lua script: ['/app/barista/benchmarks/micronaut-shopcart/workloads/mixed-requests.lua'])
	 - Throughput: 0 iterations of 30 seconds with 16 threads and 16 connections (lua script: ['/app/barista/benchmarks/micronaut-shopcart/workloads/mixed-requests.lua'])
	 - Latency: 1 iterations of 30 seconds with 16 threads and 16 connections at [800] reqs/s (lua script: ['/app/barista/benchmarks/micronaut-shopcart/workloads/mixed-requests.lua'])
Total runtime: 0:01:00. Expected finish time 2026-01-05 03:27:07.072556

2026-01-05 03:26:07,072 [INFO] Starting microservice with:
/app/barista/benchmarks/micronaut-shopcart/target/shopcart-0.3.10.output/default/micronaut-shopcart
2026-01-05 03:26:07,073 [INFO] Detected app process (pid=299) with command-line:
/app/barista/benchmarks/micronaut-shopcart/target/shopcart-0.3.10.output/default/micronaut-shopcart
2026-01-05 03:26:07,073 [INFO] Running startup measurements: sending 10 GET request(s) to http://127.0.0.1:8001/
2026-01-05 03:26:07,117 [INFO] Received response #1 in  44.83 ms
2026-01-05 03:26:07,120 [INFO] Received response #2 in   2.71 ms
2026-01-05 03:26:07,123 [INFO] Received response #3 in   2.19 ms
2026-01-05 03:26:07,125 [INFO] Received response #4 in   1.93 ms
2026-01-05 03:26:07,127 [INFO] Received response #5 in   2.43 ms
2026-01-05 03:26:07,130 [INFO] Received response #6 in   2.27 ms
2026-01-05 03:26:07,132 [INFO] Received response #7 in   2.25 ms
2026-01-05 03:26:07,135 [INFO] Received response #8 in   2.68 ms
2026-01-05 03:26:07,136 [INFO] Received response #9 in   1.55 ms
2026-01-05 03:26:07,138 [INFO] Received response #10 in   1.88 ms
2026-01-05 03:26:07,139 [INFO] Monitoring memory and CPU usage of process 299 every 20.0ms
2026-01-05 03:26:07,140 [WARNING] Average throughput was: 0 ops/s. Setting average throughput to 1
2026-01-05 03:26:07,142 [INFO] Extracted framework startup time of 24.0 ms
2026-01-05 03:26:07,142 [INFO] Average throughput: 1 ops/s
2026-01-05 03:26:07,143 [INFO] Getting fixed rates for latency
2026-01-05 03:26:07,143 [INFO] Now measuring the latency for FIXED mode at 800 for 1 iterations
2026-01-05 03:26:07,143 [INFO] Running latency iteration 1/1
2026-01-05 03:26:07,146 [INFO] Begining to measure latency
2026-01-05 03:26:07,146 [INFO] Running latency command:
wrk2 -d 30s -R 800 --latency http://127.0.0.1:8001 -t 16 -c 16 --script /app/barista/benchmarks/micronaut-shopcart/workloads/mixed-requests.lua -- 16
2026-01-05 03:26:37,162 [INFO] Finished measuring latency
2026-01-05 03:26:37,164 [INFO] Dumping wrk outputs to file 'logs/2026-01-05_03-23-43-bench-b50a3d/FIXED-800-latency-1-dump.txt' and to stdout:
Running 30s test @ http://127.0.0.1:8001
  16 threads and 16 connections
  Thread calibration: mean lat.: 1.588ms, rate sampling interval: 10ms
  Thread calibration: mean lat.: 1.585ms, rate sampling interval: 10ms
  Thread calibration: mean lat.: 1.255ms, rate sampling interval: 10ms
  Thread calibration: mean lat.: 1.521ms, rate sampling interval: 10ms
  Thread calibration: mean lat.: 1.351ms, rate sampling interval: 10ms
  Thread calibration: mean lat.: 1.234ms, rate sampling interval: 10ms
  Thread calibration: mean lat.: 1.209ms, rate sampling interval: 10ms
  Thread calibration: mean lat.: 1.197ms, rate sampling interval: 10ms
  Thread calibration: mean lat.: 1.278ms, rate sampling interval: 10ms
  Thread calibration: mean lat.: 1.227ms, rate sampling interval: 10ms
  Thread calibration: mean lat.: 1.197ms, rate sampling interval: 10ms
  Thread calibration: mean lat.: 1.241ms, rate sampling interval: 10ms
  Thread calibration: mean lat.: 1.168ms, rate sampling interval: 10ms
  Thread calibration: mean lat.: 1.184ms, rate sampling interval: 10ms
  Thread calibration: mean lat.: 1.234ms, rate sampling interval: 10ms
  Thread calibration: mean lat.: 1.193ms, rate sampling interval: 10ms
  Thread Stats   Avg      Stdev     Max   +/- Stdev
    Latency     1.38ms  436.81us   7.27ms   69.39%
    Req/Sec    52.84     52.42   111.00     78.75%
  Latency Distribution (HdrHistogram - Recorded Latency)
 50.000%    1.37ms
 75.000%    1.66ms
 90.000%    1.93ms
 99.000%    2.36ms
 99.900%    3.05ms
 99.990%    6.94ms
 99.999%    7.28ms
100.000%    7.28ms

  Detailed Percentile spectrum:
       Value   Percentile   TotalCount 1/(1-Percentile)

       0.254     0.000000            1         1.00
       0.830     0.100000         1606         1.11
       1.010     0.200000         3203         1.25
       1.147     0.300000         4801         1.43
       1.263     0.400000         6399         1.67
       1.372     0.500000         8007         2.00
       1.429     0.550000         8802         2.22
       1.482     0.600000         9608         2.50
       1.538     0.650000        10401         2.86
       1.596     0.700000        11197         3.33
       1.661     0.750000        11991         4.00
       1.695     0.775000        12399         4.44
       1.731     0.800000        12790         5.00
       1.773     0.825000        13195         5.71
       1.817     0.850000        13591         6.67
       1.870     0.875000        13994         8.00
       1.898     0.887500        14191         8.89
       1.931     0.900000        14390        10.00
       1.961     0.912500        14599        11.43
       1.997     0.925000        14786        13.33
       2.041     0.937500        14990        16.00
       2.067     0.943750        15089        17.78
       2.095     0.950000        15186        20.00
       2.121     0.956250        15288        22.86
       2.151     0.962500        15390        26.67
       2.179     0.968750        15492        32.00
       2.193     0.971875        15537        35.56
       2.213     0.975000        15592        40.00
       2.235     0.978125        15640        45.71
       2.265     0.981250        15688        53.33
       2.295     0.984375        15737        64.00
       2.317     0.985938        15760        71.11
       2.331     0.987500        15787        80.00
       2.349     0.989062        15811        91.43
       2.367     0.990625        15839       106.67
       2.393     0.992188        15860       128.00
       2.413     0.992969        15873       142.22
       2.429     0.993750        15886       160.00
       2.455     0.994531        15897       182.86
       2.479     0.995313        15910       213.33
       2.505     0.996094        15922       256.00
       2.523     0.996484        15928       284.44
       2.545     0.996875        15935       320.00
       2.567     0.997266        15942       365.71
       2.607     0.997656        15947       426.67
       2.705     0.998047        15953       512.00
       2.783     0.998242        15956       568.89
       2.829     0.998437        15960       640.00
       2.899     0.998633        15963       731.43
       3.005     0.998828        15966       853.33
       3.083     0.999023        15969      1024.00
       3.269     0.999121        15970      1137.78
       3.539     0.999219        15972      1280.00
       3.923     0.999316        15974      1462.86
       4.423     0.999414        15975      1706.67
       5.043     0.999512        15977      2048.00
       5.043     0.999561        15977      2275.56
       5.287     0.999609        15978      2560.00
       5.719     0.999658        15979      2925.71
       6.279     0.999707        15980      3413.33
       6.775     0.999756        15981      4096.00
       6.775     0.999780        15981      4551.11
       6.775     0.999805        15981      5120.00
       6.943     0.999829        15982      5851.43
       6.943     0.999854        15982      6826.67
       7.191     0.999878        15983      8192.00
       7.191     0.999890        15983      9102.22
       7.191     0.999902        15983     10240.00
       7.191     0.999915        15983     11702.86
       7.191     0.999927        15983     13653.33
       7.275     0.999939        15984     16384.00
       7.275     1.000000        15984          inf
#[Mean    =        1.380, StdDeviation   =        0.437]
#[Max     =        7.272, Total count    =        15984]
#[Buckets =           27, SubBuckets     =         2048]
----------------------------------------------------------
  24016 requests in 30.00s, 7.17MB read
Requests/sec:    800.48
Transfer/sec:    244.83KB

2026-01-05 03:26:37,165 [INFO] Saving all collected metrics to JSON file: /app/barista/logs/2026-01-05_03-23-43-bench-b50a3d/barista-results.json
2026-01-05 03:26:37,172 [INFO] Writing to csv files
2026-01-05 03:26:37,173 [INFO] Producing final_measurements-barista_latency_results.csv
2026-01-05 03:26:37,176 [INFO] Dumping application outputs to: logs/2026-01-05_03-23-43-bench-b50a3d/app-dump.txt
2026-01-05 03:26:37,177 [INFO] Benchmark done
2026-01-05 03:26:37,209 [INFO] ================================================================================
2026-01-05 03:26:37,209 [INFO] Barista report for benchmark 'micronaut-shopcart'
2026-01-05 03:26:37,209 [INFO] Run command: python3 ./barista.py micronaut-shopcart --mode native --resource-usage-polling-interval 0.02 --startup-iteration-count 0 --warmup-iteration-count 0
2026-01-05 03:26:37,209 [INFO] Resource usage results:
2026-01-05 03:26:37,209 [INFO] 	Resident Set Size:
2026-01-05 03:26:37,209 [INFO] 		              p100.0               120.10 MB
2026-01-05 03:26:37,209 [INFO] 		               p99.0               120.10 MB
2026-01-05 03:26:37,209 [INFO] 		               p98.0               120.10 MB
2026-01-05 03:26:37,209 [INFO] 		               p97.0               120.10 MB
2026-01-05 03:26:37,209 [INFO] 		               p96.0               120.10 MB
2026-01-05 03:26:37,209 [INFO] 		               p95.0               120.10 MB
2026-01-05 03:26:37,209 [INFO] 		               p90.0               120.10 MB
2026-01-05 03:26:37,210 [INFO] 		               p75.0               119.84 MB
2026-01-05 03:26:37,210 [INFO] 		               p50.0               119.32 MB
2026-01-05 03:26:37,210 [INFO] 		               p25.0               118.50 MB
2026-01-05 03:26:37,210 [INFO] 	Virtual Memory Size:
2026-01-05 03:26:37,210 [INFO] 		              p100.0              1457.77 MB
2026-01-05 03:26:37,210 [INFO] 		               p99.0              1457.77 MB
2026-01-05 03:26:37,210 [INFO] 		               p98.0              1457.77 MB
2026-01-05 03:26:37,210 [INFO] 		               p97.0              1457.77 MB
2026-01-05 03:26:37,210 [INFO] 		               p96.0              1457.77 MB
2026-01-05 03:26:37,210 [INFO] 		               p95.0              1457.77 MB
2026-01-05 03:26:37,210 [INFO] 		               p90.0              1457.77 MB
2026-01-05 03:26:37,210 [INFO] 		               p75.0              1457.27 MB
2026-01-05 03:26:37,210 [INFO] 		               p50.0              1456.27 MB
2026-01-05 03:26:37,210 [INFO] 		               p25.0              1455.77 MB
2026-01-05 03:26:37,210 [INFO] 	System-wide CPU utilization:
2026-01-05 03:26:37,210 [INFO] 		              p100.0                98.67 %
2026-01-05 03:26:37,211 [INFO] 		               p99.0                98.09 %
2026-01-05 03:26:37,211 [INFO] 		               p98.0                97.89 %
2026-01-05 03:26:37,211 [INFO] 		               p97.0                97.53 %
2026-01-05 03:26:37,211 [INFO] 		               p96.0                49.40 %
2026-01-05 03:26:37,211 [INFO] 		               p95.0                49.38 %
2026-01-05 03:26:37,211 [INFO] 		               p90.0                49.32 %
2026-01-05 03:26:37,211 [INFO] 		               p75.0                49.17 %
2026-01-05 03:26:37,211 [INFO] 		               p50.0                48.97 %
2026-01-05 03:26:37,211 [INFO] 		               p25.0                 0.00 %
2026-01-05 03:26:37,211 [INFO] Latency results: 
2026-01-05 03:26:37,211 [INFO] Results of final_measurements latency measurement
2026-01-05 03:26:37,211 [INFO] 	Measures for latency iteration 1:
2026-01-05 03:26:37,211 [INFO] 		                rate                  800 ops/s
2026-01-05 03:26:37,211 [INFO] 		              50.000                 1.37 ms
2026-01-05 03:26:37,211 [INFO] 		              75.000                 1.66 ms
2026-01-05 03:26:37,211 [INFO] 		              90.000                 1.93 ms
2026-01-05 03:26:37,211 [INFO] 		              99.000                 2.36 ms
2026-01-05 03:26:37,211 [INFO] 		              99.900                 3.05 ms
2026-01-05 03:26:37,211 [INFO] 		              99.990                 6.94 ms
2026-01-05 03:26:37,211 [INFO] 		              99.999                 7.28 ms
2026-01-05 03:26:37,211 [INFO] 		             100.000                 7.28 ms
2026-01-05 03:26:37,211 [INFO] ================================================================================
