Running 30s test @ http://cd1498-container:8006/owners/new
  16 threads and 16 connections
  Thread calibration: mean lat.: 4306.807ms, rate sampling interval: 16048ms
  Thread calibration: mean lat.: 4407.441ms, rate sampling interval: 16523ms
  Thread calibration: mean lat.: 4254.450ms, rate sampling interval: 16162ms
  Thread calibration: mean lat.: 4456.937ms, rate sampling interval: 16498ms
  Thread calibration: mean lat.: 4316.168ms, rate sampling interval: 16105ms
  Thread calibration: mean lat.: 4451.324ms, rate sampling interval: 16400ms
  Thread calibration: mean lat.: 4338.746ms, rate sampling interval: 16424ms
  Thread calibration: mean lat.: 4430.718ms, rate sampling interval: 16310ms
  Thread calibration: mean lat.: 4372.021ms, rate sampling interval: 16383ms
  Thread calibration: mean lat.: 4307.516ms, rate sampling interval: 16359ms
  Thread calibration: mean lat.: 4386.708ms, rate sampling interval: 16383ms
  Thread calibration: mean lat.: 4236.915ms, rate sampling interval: 16105ms
  Thread calibration: mean lat.: 4264.120ms, rate sampling interval: 16383ms
  Thread calibration: mean lat.: 4440.778ms, rate sampling interval: 16482ms
  Thread calibration: mean lat.: 4320.409ms, rate sampling interval: 16744ms
  Thread calibration: mean lat.: 4252.527ms, rate sampling interval: 16490ms
  Thread Stats   Avg      Stdev     Max   +/- Stdev
    Latency    18.81s     5.08s   28.90s    62.51%
    Req/Sec     5.56      0.50     6.00    100.00%
  3043 requests in 29.91s, 303.87MB read
Requests/sec:    101.75
Transfer/sec:     10.16MB
