2026-01-05 03:35:12,936 [INFO] Running Barista harness with args: ['./barista.py', 'spring-petclinic', '--mode', 'native', '--resource-usage-polling-interval', '0.02', '--startup-iteration-count', '0', '--warmup-iteration-count', '0']
2026-01-05 03:35:12,937 [INFO] Java home is pointing to "/opt/graalvm".
2026-01-05 03:35:12,937 [INFO] Getting platform version information with command "/opt/graalvm/bin/java --version"
2026-01-05 03:35:13,038 [INFO] Getting platform version information with command "/opt/graalvm/bin/native-image --version"
2026-01-05 03:35:13,047 [INFO] Version of the available JVM at java home:
openjdk 23 2024-09-17
OpenJDK Runtime Environment GraalVM CE 23+37.1 (build 23+37-jvmci-b01)
OpenJDK 64-Bit Server VM GraalVM CE 23+37.1 (build 23+37-jvmci-b01, mixed mode, sharing)
native-image 23 2024-09-17
GraalVM Runtime Environment GraalVM CE 23+37.1 (build 23+37-jvmci-b01)
Substrate VM GraalVM CE 23+37.1 (build 23+37, serial gc)

2026-01-05 03:35:13,047 [INFO] Locating the app build artifact with command "/app/barista/benchmarks/spring-petclinic/build.sh --get-nib"
2026-01-05 03:35:13,047 [INFO] Running the following command in a subprocess:
/app/barista/benchmarks/spring-petclinic/build.sh --get-nib
2026-01-05 03:35:13,054 [INFO] Dumping the stdout of the subprocess:
application nib file path is: /app/barista/benchmarks/spring-petclinic/spring-petclinic-sources/target/spring-petclinic-3.0.0-SNAPSHOT.nib

2026-01-05 03:35:13,054 [INFO] Dumping the stderr of the subprocess:
+ '[' 1 -gt 0 ']'
+ '[' --get-nib = --help ']'
+++ dirname /app/barista/benchmarks/spring-petclinic/build.sh
++ cd -P /app/barista/benchmarks/spring-petclinic
++ pwd
+ DIR=/app/barista/benchmarks/spring-petclinic/spring-petclinic-sources
+ VERSION=3.0.0-SNAPSHOT
+ JAR=/app/barista/benchmarks/spring-petclinic/spring-petclinic-sources/target/spring-petclinic-3.0.0-SNAPSHOT.jar
+ NIB=/app/barista/benchmarks/spring-petclinic/spring-petclinic-sources/target/spring-petclinic-3.0.0-SNAPSHOT.nib
+ '[' 1 -gt 0 ']'
+ '[' --get-nib = --get-jar ']'
+ '[' 1 -gt 0 ']'
+ '[' --get-nib = --get-nib ']'
+ echo 'application nib file path is: /app/barista/benchmarks/spring-petclinic/spring-petclinic-sources/target/spring-petclinic-3.0.0-SNAPSHOT.nib'
+ exit 0

2026-01-05 03:35:13,055 [INFO] Building native image using command: "/opt/graalvm/bin/native-image --bundle-apply=/app/barista/benchmarks/spring-petclinic/spring-petclinic-sources/target/spring-petclinic-3.0.0-SNAPSHOT.nib -g -o spring-petclinic"
2026-01-05 03:35:13,055 [INFO] Running the following command in a subprocess:
/opt/graalvm/bin/native-image --bundle-apply=/app/barista/benchmarks/spring-petclinic/spring-petclinic-sources/target/spring-petclinic-3.0.0-SNAPSHOT.nib -g -o spring-petclinic
2026-01-05 03:41:30,981 [INFO] Native image "/app/barista/benchmarks/spring-petclinic/spring-petclinic-sources/target/spring-petclinic-3.0.0-SNAPSHOT.output/default/spring-petclinic" was successfully built!
2026-01-05 03:41:30,981 [INFO] Benchmarking of http://127.0.0.1:8006 with NATIVE mode
Redirecting output to: logs/2026-01-05_03-35-12-bench-f681c7
	 - Startup: Repeat 0 iterations: recording first 10 requests, timeout after 300 seconds of no response
	 - Warmup: 0 iterations of 15 seconds with 16 threads and 16 connections (lua script: ['/app/barista/benchmarks/spring-petclinic/workloads/mixed-requests.lua'])
	 - Throughput: 0 iterations of 30 seconds with 16 threads and 16 connections (lua script: ['/app/barista/benchmarks/spring-petclinic/workloads/mixed-requests.lua'])
	 - Latency: 1 iterations of 30 seconds with 16 threads and 16 connections at [3000] reqs/s (lua script: ['/app/barista/benchmarks/spring-petclinic/workloads/mixed-requests.lua'])
Total runtime: 0:01:00. Expected finish time 2026-01-05 03:42:30.981788

2026-01-05 03:41:30,982 [INFO] Starting microservice with:
/app/barista/benchmarks/spring-petclinic/spring-petclinic-sources/target/spring-petclinic-3.0.0-SNAPSHOT.output/default/spring-petclinic
2026-01-05 03:41:30,983 [INFO] Detected app process (pid=464) with command-line:
/app/barista/benchmarks/spring-petclinic/spring-petclinic-sources/target/spring-petclinic-3.0.0-SNAPSHOT.output/default/spring-petclinic
2026-01-05 03:41:30,983 [INFO] Running startup measurements: sending 10 GET request(s) to http://127.0.0.1:8006/
2026-01-05 03:41:31,427 [INFO] Received response #1 in 444.92 ms
2026-01-05 03:41:31,430 [INFO] Received response #2 in   2.78 ms
2026-01-05 03:41:31,433 [INFO] Received response #3 in   2.74 ms
2026-01-05 03:41:31,435 [INFO] Received response #4 in   2.09 ms
2026-01-05 03:41:31,438 [INFO] Received response #5 in   2.42 ms
2026-01-05 03:41:31,440 [INFO] Received response #6 in   2.45 ms
2026-01-05 03:41:31,443 [INFO] Received response #7 in   2.18 ms
2026-01-05 03:41:31,445 [INFO] Received response #8 in   1.67 ms
2026-01-05 03:41:31,447 [INFO] Received response #9 in   1.57 ms
2026-01-05 03:41:31,449 [INFO] Received response #10 in   2.50 ms
2026-01-05 03:41:31,450 [INFO] Monitoring memory and CPU usage of process 464 every 20.0ms
2026-01-05 03:41:31,451 [WARNING] Average throughput was: 0 ops/s. Setting average throughput to 1
2026-01-05 03:41:31,453 [INFO] Extracted framework startup time of 384.0 ms
2026-01-05 03:41:31,454 [INFO] Average throughput: 1 ops/s
2026-01-05 03:41:31,455 [INFO] Getting fixed rates for latency
2026-01-05 03:41:31,455 [INFO] Now measuring the latency for FIXED mode at 3000 for 1 iterations
2026-01-05 03:41:31,455 [INFO] Running latency iteration 1/1
2026-01-05 03:41:31,459 [INFO] Begining to measure latency
2026-01-05 03:41:31,459 [INFO] Running latency command:
wrk2 -d 30s -R 3000 --latency http://127.0.0.1:8006 -t 16 -c 16 --script /app/barista/benchmarks/spring-petclinic/workloads/mixed-requests.lua -- 16
2026-01-05 03:42:01,472 [INFO] Finished measuring latency
2026-01-05 03:42:01,475 [INFO] Dumping wrk outputs to file 'logs/2026-01-05_03-35-12-bench-f681c7/FIXED-3000-latency-1-dump.txt' and to stdout:
Running 30s test @ http://127.0.0.1:8006
  16 threads and 16 connections
  Thread calibration: mean lat.: 6.183ms, rate sampling interval: 21ms
  Thread calibration: mean lat.: 5.296ms, rate sampling interval: 19ms
  Thread calibration: mean lat.: 6.568ms, rate sampling interval: 24ms
  Thread calibration: mean lat.: 5.651ms, rate sampling interval: 22ms
  Thread calibration: mean lat.: 5.567ms, rate sampling interval: 19ms
  Thread calibration: mean lat.: 5.432ms, rate sampling interval: 21ms
  Thread calibration: mean lat.: 5.475ms, rate sampling interval: 20ms
  Thread calibration: mean lat.: 5.444ms, rate sampling interval: 21ms
  Thread calibration: mean lat.: 5.668ms, rate sampling interval: 21ms
  Thread calibration: mean lat.: 5.259ms, rate sampling interval: 19ms
  Thread calibration: mean lat.: 5.634ms, rate sampling interval: 20ms
  Thread calibration: mean lat.: 6.008ms, rate sampling interval: 22ms
  Thread calibration: mean lat.: 5.454ms, rate sampling interval: 20ms
  Thread calibration: mean lat.: 5.396ms, rate sampling interval: 19ms
  Thread calibration: mean lat.: 5.403ms, rate sampling interval: 18ms
  Thread calibration: mean lat.: 5.034ms, rate sampling interval: 17ms
  Thread Stats   Avg      Stdev     Max   +/- Stdev
    Latency     5.22ms    6.09ms  87.36ms   93.08%
    Req/Sec   192.08     49.56   650.00     83.03%
  Latency Distribution (HdrHistogram - Recorded Latency)
 50.000%    3.46ms
 75.000%    5.25ms
 90.000%    9.16ms
 99.000%   35.39ms
 99.900%   62.33ms
 99.990%   82.50ms
 99.999%   85.69ms
100.000%   87.42ms

  Detailed Percentile spectrum:
       Value   Percentile   TotalCount 1/(1-Percentile)

       0.873     0.000000            1         1.00
       2.051     0.100000         6005         1.11
       2.407     0.200000        11996         1.25
       2.717     0.300000        17994         1.43
       3.055     0.400000        24033         1.67
       3.461     0.500000        29988         2.00
       3.717     0.550000        32988         2.22
       4.003     0.600000        36006         2.50
       4.335     0.650000        39008         2.86
       4.735     0.700000        42003         3.33
       5.247     0.750000        44980         4.00
       5.579     0.775000        46480         4.44
       6.011     0.800000        47981         5.00
       6.523     0.825000        49478         5.71
       7.183     0.850000        50986         6.67
       8.039     0.875000        52476         8.00
       8.567     0.887500        53230         8.89
       9.159     0.900000        53978        10.00
       9.887     0.912500        54726        11.43
      10.815     0.925000        55475        13.33
      12.023     0.937500        56224        16.00
      12.807     0.943750        56599        17.78
      13.791     0.950000        56974        20.00
      15.079     0.956250        57348        22.86
      16.831     0.962500        57727        26.67
      19.311     0.968750        58099        32.00
      20.879     0.971875        58286        35.56
      22.719     0.975000        58474        40.00
      24.703     0.978125        58661        45.71
      27.071     0.981250        58847        53.33
      29.807     0.984375        59035        64.00
      31.231     0.985938        59128        71.11
      32.703     0.987500        59222        80.00
      34.399     0.989062        59316        91.43
      36.031     0.990625        59412       106.67
      38.495     0.992188        59503       128.00
      39.711     0.992969        59550       142.22
      41.215     0.993750        59598       160.00
      43.583     0.994531        59644       182.86
      45.311     0.995313        59690       213.33
      47.423     0.996094        59737       256.00
      48.351     0.996484        59762       284.44
      49.791     0.996875        59785       320.00
      51.903     0.997266        59809       365.71
      52.639     0.997656        59831       426.67
      55.199     0.998047        59854       512.00
      56.159     0.998242        59866       568.89
      57.567     0.998437        59879       640.00
      58.815     0.998633        59890       731.43
      60.671     0.998828        59901       853.33
      63.199     0.999023        59913      1024.00
      63.839     0.999121        59919      1137.78
      64.735     0.999219        59925      1280.00
      65.791     0.999316        59931      1462.86
      66.879     0.999414        59937      1706.67
      67.839     0.999512        59942      2048.00
      68.735     0.999561        59945      2275.56
      71.359     0.999609        59948      2560.00
      72.639     0.999658        59951      2925.71
      75.327     0.999707        59954      3413.33
      76.415     0.999756        59957      4096.00
      76.991     0.999780        59958      4551.11
      78.207     0.999805        59960      5120.00
      78.463     0.999829        59961      5851.43
      80.703     0.999854        59963      6826.67
      81.983     0.999878        59964      8192.00
      82.495     0.999890        59965      9102.22
      82.879     0.999902        59966     10240.00
      82.879     0.999915        59966     11702.86
      82.943     0.999927        59967     13653.33
      84.543     0.999939        59968     16384.00
      84.543     0.999945        59968     18204.44
      84.671     0.999951        59969     20480.00
      84.671     0.999957        59969     23405.71
      84.671     0.999963        59969     27306.67
      85.695     0.999969        59970     32768.00
      85.695     0.999973        59970     36408.89
      85.695     0.999976        59970     40960.00
      85.695     0.999979        59970     46811.43
      85.695     0.999982        59970     54613.33
      87.423     0.999985        59971     65536.00
      87.423     1.000000        59971          inf
#[Mean    =        5.217, StdDeviation   =        6.095]
#[Max     =       87.360, Total count    =        59971]
#[Buckets =           27, SubBuckets     =         2048]
----------------------------------------------------------
  90001 requests in 29.99s, 134.13MB read
Requests/sec:   3000.53
Transfer/sec:      4.47MB

2026-01-05 03:42:01,476 [INFO] Saving all collected metrics to JSON file: /app/barista/logs/2026-01-05_03-35-12-bench-f681c7/barista-results.json
2026-01-05 03:42:01,484 [INFO] Writing to csv files
2026-01-05 03:42:01,485 [INFO] Producing final_measurements-barista_latency_results.csv
2026-01-05 03:42:01,489 [INFO] Dumping application outputs to: logs/2026-01-05_03-35-12-bench-f681c7/app-dump.txt
2026-01-05 03:42:01,489 [INFO] Benchmark done
2026-01-05 03:42:01,554 [INFO] ================================================================================
2026-01-05 03:42:01,554 [INFO] Barista report for benchmark 'spring-petclinic'
2026-01-05 03:42:01,554 [INFO] Run command: python3 ./barista.py spring-petclinic --mode native --resource-usage-polling-interval 0.02 --startup-iteration-count 0 --warmup-iteration-count 0
2026-01-05 03:42:01,554 [INFO] Resource usage results:
2026-01-05 03:42:01,554 [INFO] 	Resident Set Size:
2026-01-05 03:42:01,554 [INFO] 		              p100.0               502.54 MB
2026-01-05 03:42:01,554 [INFO] 		               p99.0               500.47 MB
2026-01-05 03:42:01,554 [INFO] 		               p98.0               498.31 MB
2026-01-05 03:42:01,554 [INFO] 		               p97.0               496.62 MB
2026-01-05 03:42:01,554 [INFO] 		               p96.0               496.62 MB
2026-01-05 03:42:01,554 [INFO] 		               p95.0               490.89 MB
2026-01-05 03:42:01,554 [INFO] 		               p90.0               480.97 MB
2026-01-05 03:42:01,555 [INFO] 		               p75.0               437.53 MB
2026-01-05 03:42:01,555 [INFO] 		               p50.0               376.02 MB
2026-01-05 03:42:01,555 [INFO] 		               p25.0               311.13 MB
2026-01-05 03:42:01,555 [INFO] 	Virtual Memory Size:
2026-01-05 03:42:01,555 [INFO] 		              p100.0              2723.95 MB
2026-01-05 03:42:01,555 [INFO] 		               p99.0              2723.95 MB
2026-01-05 03:42:01,555 [INFO] 		               p98.0              2719.45 MB
2026-01-05 03:42:01,555 [INFO] 		               p97.0              2719.45 MB
2026-01-05 03:42:01,555 [INFO] 		               p96.0              2717.95 MB
2026-01-05 03:42:01,555 [INFO] 		               p95.0              2711.95 MB
2026-01-05 03:42:01,555 [INFO] 		               p90.0              2699.95 MB
2026-01-05 03:42:01,555 [INFO] 		               p75.0              2654.45 MB
2026-01-05 03:42:01,555 [INFO] 		               p50.0              2590.95 MB
2026-01-05 03:42:01,555 [INFO] 		               p25.0              2525.45 MB
2026-01-05 03:42:01,555 [INFO] 	System-wide CPU utilization:
2026-01-05 03:42:01,555 [INFO] 		              p100.0               777.63 %
2026-01-05 03:42:01,555 [INFO] 		               p99.0               685.13 %
2026-01-05 03:42:01,555 [INFO] 		               p98.0               682.59 %
2026-01-05 03:42:01,555 [INFO] 		               p97.0               636.91 %
2026-01-05 03:42:01,556 [INFO] 		               p96.0               635.37 %
2026-01-05 03:42:01,556 [INFO] 		               p95.0               633.88 %
2026-01-05 03:42:01,556 [INFO] 		               p90.0               586.84 %
2026-01-05 03:42:01,556 [INFO] 		               p75.0               537.89 %
2026-01-05 03:42:01,556 [INFO] 		               p50.0               489.39 %
2026-01-05 03:42:01,556 [INFO] 		               p25.0               441.31 %
2026-01-05 03:42:01,556 [INFO] Latency results: 
2026-01-05 03:42:01,556 [INFO] Results of final_measurements latency measurement
2026-01-05 03:42:01,556 [INFO] 	Measures for latency iteration 1:
2026-01-05 03:42:01,556 [INFO] 		                rate                 3000 ops/s
2026-01-05 03:42:01,556 [INFO] 		              50.000                 3.46 ms
2026-01-05 03:42:01,556 [INFO] 		              75.000                 5.25 ms
2026-01-05 03:42:01,556 [INFO] 		              90.000                 9.16 ms
2026-01-05 03:42:01,556 [INFO] 		              99.000                35.39 ms
2026-01-05 03:42:01,556 [INFO] 		              99.900                62.33 ms
2026-01-05 03:42:01,556 [INFO] 		              99.990                82.50 ms
2026-01-05 03:42:01,556 [INFO] 		              99.999                85.69 ms
2026-01-05 03:42:01,556 [INFO] 		             100.000                87.42 ms
2026-01-05 03:42:01,556 [INFO] ================================================================================
